[0.083s] [34mcolcon[0m [1;30mDEBUG[0m [32mCommand line arguments: ['/usr/bin/colcon', 'build'][0m
[0.083s] [34mcolcon[0m [1;30mDEBUG[0m [32mParsed command line arguments: Namespace(log_base=None, log_level=None, verb_name='build', build_base='build', install_base='install', merge_install=False, symlink_install=False, test_result_base=None, continue_on_error=False, executor='parallel', parallel_workers=20, event_handlers=None, ignore_user_meta=False, metas=['./colcon.meta'], base_paths=['.'], packages_ignore=None, packages_ignore_regex=None, paths=None, packages_up_to=None, packages_up_to_regex=None, packages_above=None, packages_above_and_dependencies=None, packages_above_depth=None, packages_select_by_dep=None, packages_skip_by_dep=None, packages_skip_up_to=None, packages_select_build_failed=False, packages_skip_build_finished=False, packages_select_test_failures=False, packages_skip_test_passed=False, packages_select=None, packages_skip=None, packages_select_regex=None, packages_skip_regex=None, packages_start=None, packages_end=None, allow_overriding=[], cmake_args=None, cmake_target=None, cmake_target_skip_unavailable=False, cmake_clean_cache=False, cmake_clean_first=False, cmake_force_configure=False, ament_cmake_args=None, catkin_cmake_args=None, catkin_skip_building_tests=False, mixin_files=None, mixin=None, verb_parser=<colcon_mixin.mixin.mixin_argument.MixinArgumentDecorator object at 0x75e950181840>, verb_extension=<colcon_core.verb.build.BuildVerb object at 0x75e950181210>, main=<bound method BuildVerb.main of <colcon_core.verb.build.BuildVerb object at 0x75e950181210>>, mixin_verb=('build',))[0m
[0.214s] [34mcolcon.colcon_core.package_discovery[0m [1;30mLevel 1[0m discover_packages(colcon_meta) check parameters
[0.214s] [34mcolcon.colcon_core.package_discovery[0m [1;30mLevel 1[0m discover_packages(recursive) check parameters
[0.214s] [34mcolcon.colcon_core.package_discovery[0m [1;30mLevel 1[0m discover_packages(ignore) check parameters
[0.214s] [34mcolcon.colcon_core.package_discovery[0m [1;30mLevel 1[0m discover_packages(path) check parameters
[0.214s] [34mcolcon.colcon_core.package_discovery[0m [1;30mLevel 1[0m discover_packages(colcon_meta) discover
[0.215s] [34mcolcon.colcon_core.package_discovery[0m [1;30mLevel 1[0m discover_packages(recursive) discover
[0.215s] [34mcolcon.colcon_core.package_discovery[0m [1;30mINFO[0m Crawling recursively for packages in '/home/deepak/PX4-Autopilot/ros2_ws'
[0.215s] [34mcolcon.colcon_core.package_identification[0m [1;30mLevel 1[0m _identify(.) by extensions ['ignore', 'ignore_ament_install']
[0.215s] [34mcolcon.colcon_core.package_identification[0m [1;30mLevel 1[0m _identify(.) by extension 'ignore'
[0.215s] [34mcolcon.colcon_core.package_identification[0m [1;30mLevel 1[0m _identify(.) by extension 'ignore_ament_install'
[0.215s] [34mcolcon.colcon_core.package_identification[0m [1;30mLevel 1[0m _identify(.) by extensions ['colcon_pkg']
[0.215s] [34mcolcon.colcon_core.package_identification[0m [1;30mLevel 1[0m _identify(.) by extension 'colcon_pkg'
[0.215s] [34mcolcon.colcon_core.package_identification[0m [1;30mLevel 1[0m _identify(.) by extensions ['colcon_meta']
[0.215s] [34mcolcon.colcon_core.package_identification[0m [1;30mLevel 1[0m _identify(.) by extension 'colcon_meta'
[0.215s] [34mcolcon.colcon_core.package_identification[0m [1;30mLevel 1[0m _identify(.) by extensions ['ros']
[0.215s] [34mcolcon.colcon_core.package_identification[0m [1;30mLevel 1[0m _identify(.) by extension 'ros'
[0.232s] [34mcolcon.colcon_core.package_identification[0m [1;30mLevel 1[0m _identify(.) by extensions ['cmake', 'python']
[0.232s] [34mcolcon.colcon_core.package_identification[0m [1;30mLevel 1[0m _identify(.) by extension 'cmake'
[0.232s] [34mcolcon.colcon_core.package_identification[0m [1;30mLevel 1[0m _identify(.) by extension 'python'
[0.232s] [34mcolcon.colcon_core.package_identification[0m [1;30mLevel 1[0m _identify(.) by extensions ['python_setup_py']
[0.232s] [34mcolcon.colcon_core.package_identification[0m [1;30mLevel 1[0m _identify(.) by extension 'python_setup_py'
[0.232s] [34mcolcon.colcon_core.package_identification[0m [1;30mLevel 1[0m _identify(build) by extensions ['ignore', 'ignore_ament_install']
[0.232s] [34mcolcon.colcon_core.package_identification[0m [1;30mLevel 1[0m _identify(build) by extension 'ignore'
[0.232s] [34mcolcon.colcon_core.package_identification[0m [1;30mLevel 1[0m _identify(build) ignored
[0.232s] [34mcolcon.colcon_core.package_identification[0m [1;30mLevel 1[0m _identify(install) by extensions ['ignore', 'ignore_ament_install']
[0.232s] [34mcolcon.colcon_core.package_identification[0m [1;30mLevel 1[0m _identify(install) by extension 'ignore'
[0.232s] [34mcolcon.colcon_core.package_identification[0m [1;30mLevel 1[0m _identify(install) ignored
[0.232s] [34mcolcon.colcon_core.package_identification[0m [1;30mLevel 1[0m _identify(log) by extensions ['ignore', 'ignore_ament_install']
[0.233s] [34mcolcon.colcon_core.package_identification[0m [1;30mLevel 1[0m _identify(log) by extension 'ignore'
[0.233s] [34mcolcon.colcon_core.package_identification[0m [1;30mLevel 1[0m _identify(log) ignored
[0.233s] [34mcolcon.colcon_core.package_identification[0m [1;30mLevel 1[0m _identify(src) by extensions ['ignore', 'ignore_ament_install']
[0.233s] [34mcolcon.colcon_core.package_identification[0m [1;30mLevel 1[0m _identify(src) by extension 'ignore'
[0.233s] [34mcolcon.colcon_core.package_identification[0m [1;30mLevel 1[0m _identify(src) by extension 'ignore_ament_install'
[0.233s] [34mcolcon.colcon_core.package_identification[0m [1;30mLevel 1[0m _identify(src) by extensions ['colcon_pkg']
[0.233s] [34mcolcon.colcon_core.package_identification[0m [1;30mLevel 1[0m _identify(src) by extension 'colcon_pkg'
[0.233s] [34mcolcon.colcon_core.package_identification[0m [1;30mLevel 1[0m _identify(src) by extensions ['colcon_meta']
[0.233s] [34mcolcon.colcon_core.package_identification[0m [1;30mLevel 1[0m _identify(src) by extension 'colcon_meta'
[0.233s] [34mcolcon.colcon_core.package_identification[0m [1;30mLevel 1[0m _identify(src) by extensions ['ros']
[0.233s] [34mcolcon.colcon_core.package_identification[0m [1;30mLevel 1[0m _identify(src) by extension 'ros'
[0.233s] [34mcolcon.colcon_core.package_identification[0m [1;30mLevel 1[0m _identify(src) by extensions ['cmake', 'python']
[0.233s] [34mcolcon.colcon_core.package_identification[0m [1;30mLevel 1[0m _identify(src) by extension 'cmake'
[0.233s] [34mcolcon.colcon_core.package_identification[0m [1;30mLevel 1[0m _identify(src) by extension 'python'
[0.233s] [34mcolcon.colcon_core.package_identification[0m [1;30mLevel 1[0m _identify(src) by extensions ['python_setup_py']
[0.233s] [34mcolcon.colcon_core.package_identification[0m [1;30mLevel 1[0m _identify(src) by extension 'python_setup_py'
[0.233s] [34mcolcon.colcon_core.package_identification[0m [1;30mLevel 1[0m _identify(src/m-explore-ros2) by extensions ['ignore', 'ignore_ament_install']
[0.233s] [34mcolcon.colcon_core.package_identification[0m [1;30mLevel 1[0m _identify(src/m-explore-ros2) by extension 'ignore'
[0.233s] [34mcolcon.colcon_core.package_identification[0m [1;30mLevel 1[0m _identify(src/m-explore-ros2) by extension 'ignore_ament_install'
[0.233s] [34mcolcon.colcon_core.package_identification[0m [1;30mLevel 1[0m _identify(src/m-explore-ros2) by extensions ['colcon_pkg']
[0.233s] [34mcolcon.colcon_core.package_identification[0m [1;30mLevel 1[0m _identify(src/m-explore-ros2) by extension 'colcon_pkg'
[0.233s] [34mcolcon.colcon_core.package_identification[0m [1;30mLevel 1[0m _identify(src/m-explore-ros2) by extensions ['colcon_meta']
[0.233s] [34mcolcon.colcon_core.package_identification[0m [1;30mLevel 1[0m _identify(src/m-explore-ros2) by extension 'colcon_meta'
[0.233s] [34mcolcon.colcon_core.package_identification[0m [1;30mLevel 1[0m _identify(src/m-explore-ros2) by extensions ['ros']
[0.233s] [34mcolcon.colcon_core.package_identification[0m [1;30mLevel 1[0m _identify(src/m-explore-ros2) by extension 'ros'
[0.233s] [34mcolcon.colcon_core.package_identification[0m [1;30mLevel 1[0m _identify(src/m-explore-ros2) by extensions ['cmake', 'python']
[0.233s] [34mcolcon.colcon_core.package_identification[0m [1;30mLevel 1[0m _identify(src/m-explore-ros2) by extension 'cmake'
[0.233s] [34mcolcon.colcon_core.package_identification[0m [1;30mLevel 1[0m _identify(src/m-explore-ros2) by extension 'python'
[0.233s] [34mcolcon.colcon_core.package_identification[0m [1;30mLevel 1[0m _identify(src/m-explore-ros2) by extensions ['python_setup_py']
[0.233s] [34mcolcon.colcon_core.package_identification[0m [1;30mLevel 1[0m _identify(src/m-explore-ros2) by extension 'python_setup_py'
[0.233s] [34mcolcon.colcon_core.package_identification[0m [1;30mLevel 1[0m _identify(src/m-explore-ros2/explore) by extensions ['ignore', 'ignore_ament_install']
[0.233s] [34mcolcon.colcon_core.package_identification[0m [1;30mLevel 1[0m _identify(src/m-explore-ros2/explore) by extension 'ignore'
[0.233s] [34mcolcon.colcon_core.package_identification[0m [1;30mLevel 1[0m _identify(src/m-explore-ros2/explore) by extension 'ignore_ament_install'
[0.233s] [34mcolcon.colcon_core.package_identification[0m [1;30mLevel 1[0m _identify(src/m-explore-ros2/explore) by extensions ['colcon_pkg']
[0.233s] [34mcolcon.colcon_core.package_identification[0m [1;30mLevel 1[0m _identify(src/m-explore-ros2/explore) by extension 'colcon_pkg'
[0.233s] [34mcolcon.colcon_core.package_identification[0m [1;30mLevel 1[0m _identify(src/m-explore-ros2/explore) by extensions ['colcon_meta']
[0.233s] [34mcolcon.colcon_core.package_identification[0m [1;30mLevel 1[0m _identify(src/m-explore-ros2/explore) by extension 'colcon_meta'
[0.233s] [34mcolcon.colcon_core.package_identification[0m [1;30mLevel 1[0m _identify(src/m-explore-ros2/explore) by extensions ['ros']
[0.233s] [34mcolcon.colcon_core.package_identification[0m [1;30mLevel 1[0m _identify(src/m-explore-ros2/explore) by extension 'ros'
[0.235s] [34mcolcon.colcon_core.package_identification[0m [1;30mDEBUG[0m [32mPackage 'src/m-explore-ros2/explore' with type 'ros.ament_cmake' and name 'explore_lite'[0m
[0.235s] [34mcolcon.colcon_core.package_identification[0m [1;30mLevel 1[0m _identify(src/m-explore-ros2/map_merge) by extensions ['ignore', 'ignore_ament_install']
[0.235s] [34mcolcon.colcon_core.package_identification[0m [1;30mLevel 1[0m _identify(src/m-explore-ros2/map_merge) by extension 'ignore'
[0.235s] [34mcolcon.colcon_core.package_identification[0m [1;30mLevel 1[0m _identify(src/m-explore-ros2/map_merge) by extension 'ignore_ament_install'
[0.235s] [34mcolcon.colcon_core.package_identification[0m [1;30mLevel 1[0m _identify(src/m-explore-ros2/map_merge) by extensions ['colcon_pkg']
[0.235s] [34mcolcon.colcon_core.package_identification[0m [1;30mLevel 1[0m _identify(src/m-explore-ros2/map_merge) by extension 'colcon_pkg'
[0.235s] [34mcolcon.colcon_core.package_identification[0m [1;30mLevel 1[0m _identify(src/m-explore-ros2/map_merge) by extensions ['colcon_meta']
[0.235s] [34mcolcon.colcon_core.package_identification[0m [1;30mLevel 1[0m _identify(src/m-explore-ros2/map_merge) by extension 'colcon_meta'
[0.235s] [34mcolcon.colcon_core.package_identification[0m [1;30mLevel 1[0m _identify(src/m-explore-ros2/map_merge) by extensions ['ros']
[0.235s] [34mcolcon.colcon_core.package_identification[0m [1;30mLevel 1[0m _identify(src/m-explore-ros2/map_merge) by extension 'ros'
[0.236s] [34mcolcon.colcon_core.package_identification[0m [1;30mDEBUG[0m [32mPackage 'src/m-explore-ros2/map_merge' with type 'ros.ament_cmake' and name 'multirobot_map_merge'[0m
[0.236s] [34mcolcon.colcon_core.package_identification[0m [1;30mLevel 1[0m _identify(src/x500_navigation) by extensions ['ignore', 'ignore_ament_install']
[0.236s] [34mcolcon.colcon_core.package_identification[0m [1;30mLevel 1[0m _identify(src/x500_navigation) by extension 'ignore'
[0.236s] [34mcolcon.colcon_core.package_identification[0m [1;30mLevel 1[0m _identify(src/x500_navigation) by extension 'ignore_ament_install'
[0.236s] [34mcolcon.colcon_core.package_identification[0m [1;30mLevel 1[0m _identify(src/x500_navigation) by extensions ['colcon_pkg']
[0.236s] [34mcolcon.colcon_core.package_identification[0m [1;30mLevel 1[0m _identify(src/x500_navigation) by extension 'colcon_pkg'
[0.236s] [34mcolcon.colcon_core.package_identification[0m [1;30mLevel 1[0m _identify(src/x500_navigation) by extensions ['colcon_meta']
[0.236s] [34mcolcon.colcon_core.package_identification[0m [1;30mLevel 1[0m _identify(src/x500_navigation) by extension 'colcon_meta'
[0.236s] [34mcolcon.colcon_core.package_identification[0m [1;30mLevel 1[0m _identify(src/x500_navigation) by extensions ['ros']
[0.236s] [34mcolcon.colcon_core.package_identification[0m [1;30mLevel 1[0m _identify(src/x500_navigation) by extension 'ros'
[0.236s] [34mcolcon.colcon_core.package_identification[0m [1;30mLevel 1[0m _identify(src/x500_navigation) by extensions ['cmake', 'python']
[0.236s] [34mcolcon.colcon_core.package_identification[0m [1;30mLevel 1[0m _identify(src/x500_navigation) by extension 'cmake'
[0.236s] [34mcolcon.colcon_core.package_identification[0m [1;30mLevel 1[0m _identify(src/x500_navigation) by extension 'python'
[0.236s] [34mcolcon.colcon_core.package_identification[0m [1;30mLevel 1[0m _identify(src/x500_navigation) by extensions ['python_setup_py']
[0.236s] [34mcolcon.colcon_core.package_identification[0m [1;30mLevel 1[0m _identify(src/x500_navigation) by extension 'python_setup_py'
[0.236s] [34mcolcon.colcon_core.package_identification[0m [1;30mLevel 1[0m _identify(src/x500_navigation/config) by extensions ['ignore', 'ignore_ament_install']
[0.237s] [34mcolcon.colcon_core.package_identification[0m [1;30mLevel 1[0m _identify(src/x500_navigation/config) by extension 'ignore'
[0.237s] [34mcolcon.colcon_core.package_identification[0m [1;30mLevel 1[0m _identify(src/x500_navigation/config) by extension 'ignore_ament_install'
[0.237s] [34mcolcon.colcon_core.package_identification[0m [1;30mLevel 1[0m _identify(src/x500_navigation/config) by extensions ['colcon_pkg']
[0.237s] [34mcolcon.colcon_core.package_identification[0m [1;30mLevel 1[0m _identify(src/x500_navigation/config) by extension 'colcon_pkg'
[0.237s] [34mcolcon.colcon_core.package_identification[0m [1;30mLevel 1[0m _identify(src/x500_navigation/config) by extensions ['colcon_meta']
[0.237s] [34mcolcon.colcon_core.package_identification[0m [1;30mLevel 1[0m _identify(src/x500_navigation/config) by extension 'colcon_meta'
[0.237s] [34mcolcon.colcon_core.package_identification[0m [1;30mLevel 1[0m _identify(src/x500_navigation/config) by extensions ['ros']
[0.237s] [34mcolcon.colcon_core.package_identification[0m [1;30mLevel 1[0m _identify(src/x500_navigation/config) by extension 'ros'
[0.237s] [34mcolcon.colcon_core.package_identification[0m [1;30mLevel 1[0m _identify(src/x500_navigation/config) by extensions ['cmake', 'python']
[0.237s] [34mcolcon.colcon_core.package_identification[0m [1;30mLevel 1[0m _identify(src/x500_navigation/config) by extension 'cmake'
[0.237s] [34mcolcon.colcon_core.package_identification[0m [1;30mLevel 1[0m _identify(src/x500_navigation/config) by extension 'python'
[0.237s] [34mcolcon.colcon_core.package_identification[0m [1;30mLevel 1[0m _identify(src/x500_navigation/config) by extensions ['python_setup_py']
[0.237s] [34mcolcon.colcon_core.package_identification[0m [1;30mLevel 1[0m _identify(src/x500_navigation/config) by extension 'python_setup_py'
[0.237s] [34mcolcon.colcon_core.package_discovery[0m [1;30mLevel 1[0m discover_packages(recursive) using defaults
[0.237s] [34mcolcon.colcon_core.package_discovery[0m [1;30mLevel 1[0m discover_packages(ignore) discover
[0.237s] [34mcolcon.colcon_core.package_discovery[0m [1;30mLevel 1[0m discover_packages(ignore) using defaults
[0.237s] [34mcolcon.colcon_core.package_discovery[0m [1;30mLevel 1[0m discover_packages(path) discover
[0.237s] [34mcolcon.colcon_core.package_discovery[0m [1;30mLevel 1[0m discover_packages(path) using defaults
[0.246s] [34mcolcon.colcon_core.package_discovery[0m [1;30mLevel 1[0m discover_packages(prefix_path) check parameters
[0.247s] [34mcolcon.colcon_core.package_discovery[0m [1;30mLevel 1[0m discover_packages(prefix_path) discover
[0.249s] [34mcolcon.colcon_installed_package_information.package_discovery[0m [1;30mDEBUG[0m [32mFound 1 installed packages in /home/deepak/PX4-Autopilot/ros2_ws/install[0m
[0.249s] [34mcolcon.colcon_installed_package_information.package_discovery[0m [1;30mDEBUG[0m [32mFound 2 installed packages in /home/deepak/ws_sensor_combined/install[0m
[0.250s] [34mcolcon.colcon_installed_package_information.package_discovery[0m [1;30mDEBUG[0m [32mFound 46 installed packages in /home/deepak/moveit_ws/install[0m
[0.251s] [34mcolcon.colcon_installed_package_information.package_discovery[0m [1;30mDEBUG[0m [32mFound 1 installed packages in /home/deepak/Robotic_Arm/install[0m
[0.251s] [34mcolcon.colcon_installed_package_information.package_discovery[0m [1;30mDEBUG[0m [32mFound 13 installed packages in /home/deepak/ros2_ws/install[0m
[0.251s] [34mcolcon.colcon_installed_package_information.package_discovery[0m [1;30mDEBUG[0m [32mFound 4 installed packages in /home/deepak/ros_gz/install[0m
[0.252s] [34mcolcon.colcon_installed_package_information.package_discovery[0m [1;30mDEBUG[0m [32mFound 1 installed packages in /home/deepak/6_dof/install[0m
[0.252s] [34mcolcon.colcon_installed_package_information.package_discovery[0m [1;30mDEBUG[0m [32mFound 18 installed packages in /home/deepak/InterIIT_practice/task_2/turtlebot3_ws/install[0m
[0.253s] [34mcolcon.colcon_installed_package_information.package_discovery[0m [1;30mDEBUG[0m [32mFound 438 installed packages in /opt/ros/humble[0m
[0.255s] [34mcolcon.colcon_core.package_discovery[0m [1;30mLevel 1[0m discover_packages(prefix_path) using defaults
[0.284s] [34mcolcon.colcon_core.verb[0m [1;30mLevel 5[0m set package 'explore_lite' build argument 'cmake_args' from command line to 'None'
[0.284s] [34mcolcon.colcon_core.verb[0m [1;30mLevel 5[0m set package 'explore_lite' build argument 'cmake_target' from command line to 'None'
[0.284s] [34mcolcon.colcon_core.verb[0m [1;30mLevel 5[0m set package 'explore_lite' build argument 'cmake_target_skip_unavailable' from command line to 'False'
[0.284s] [34mcolcon.colcon_core.verb[0m [1;30mLevel 5[0m set package 'explore_lite' build argument 'cmake_clean_cache' from command line to 'False'
[0.284s] [34mcolcon.colcon_core.verb[0m [1;30mLevel 5[0m set package 'explore_lite' build argument 'cmake_clean_first' from command line to 'False'
[0.284s] [34mcolcon.colcon_core.verb[0m [1;30mLevel 5[0m set package 'explore_lite' build argument 'cmake_force_configure' from command line to 'False'
[0.284s] [34mcolcon.colcon_core.verb[0m [1;30mLevel 5[0m set package 'explore_lite' build argument 'ament_cmake_args' from command line to 'None'
[0.284s] [34mcolcon.colcon_core.verb[0m [1;30mLevel 5[0m set package 'explore_lite' build argument 'catkin_cmake_args' from command line to 'None'
[0.284s] [34mcolcon.colcon_core.verb[0m [1;30mLevel 5[0m set package 'explore_lite' build argument 'catkin_skip_building_tests' from command line to 'False'
[0.284s] [34mcolcon.colcon_core.verb[0m [1;30mDEBUG[0m [32mBuilding package 'explore_lite' with the following arguments: {'ament_cmake_args': None, 'build_base': '/home/deepak/PX4-Autopilot/ros2_ws/build/explore_lite', 'catkin_cmake_args': None, 'catkin_skip_building_tests': False, 'cmake_args': None, 'cmake_clean_cache': False, 'cmake_clean_first': False, 'cmake_force_configure': False, 'cmake_target': None, 'cmake_target_skip_unavailable': False, 'install_base': '/home/deepak/PX4-Autopilot/ros2_ws/install/explore_lite', 'merge_install': False, 'path': '/home/deepak/PX4-Autopilot/ros2_ws/src/m-explore-ros2/explore', 'symlink_install': False, 'test_result_base': None}[0m
[0.284s] [34mcolcon.colcon_core.verb[0m [1;30mLevel 5[0m set package 'multirobot_map_merge' build argument 'cmake_args' from command line to 'None'
[0.284s] [34mcolcon.colcon_core.verb[0m [1;30mLevel 5[0m set package 'multirobot_map_merge' build argument 'cmake_target' from command line to 'None'
[0.284s] [34mcolcon.colcon_core.verb[0m [1;30mLevel 5[0m set package 'multirobot_map_merge' build argument 'cmake_target_skip_unavailable' from command line to 'False'
[0.284s] [34mcolcon.colcon_core.verb[0m [1;30mLevel 5[0m set package 'multirobot_map_merge' build argument 'cmake_clean_cache' from command line to 'False'
[0.284s] [34mcolcon.colcon_core.verb[0m [1;30mLevel 5[0m set package 'multirobot_map_merge' build argument 'cmake_clean_first' from command line to 'False'
[0.284s] [34mcolcon.colcon_core.verb[0m [1;30mLevel 5[0m set package 'multirobot_map_merge' build argument 'cmake_force_configure' from command line to 'False'
[0.284s] [34mcolcon.colcon_core.verb[0m [1;30mLevel 5[0m set package 'multirobot_map_merge' build argument 'ament_cmake_args' from command line to 'None'
[0.284s] [34mcolcon.colcon_core.verb[0m [1;30mLevel 5[0m set package 'multirobot_map_merge' build argument 'catkin_cmake_args' from command line to 'None'
[0.284s] [34mcolcon.colcon_core.verb[0m [1;30mLevel 5[0m set package 'multirobot_map_merge' build argument 'catkin_skip_building_tests' from command line to 'False'
[0.284s] [34mcolcon.colcon_core.verb[0m [1;30mDEBUG[0m [32mBuilding package 'multirobot_map_merge' with the following arguments: {'ament_cmake_args': None, 'build_base': '/home/deepak/PX4-Autopilot/ros2_ws/build/multirobot_map_merge', 'catkin_cmake_args': None, 'catkin_skip_building_tests': False, 'cmake_args': None, 'cmake_clean_cache': False, 'cmake_clean_first': False, 'cmake_force_configure': False, 'cmake_target': None, 'cmake_target_skip_unavailable': False, 'install_base': '/home/deepak/PX4-Autopilot/ros2_ws/install/multirobot_map_merge', 'merge_install': False, 'path': '/home/deepak/PX4-Autopilot/ros2_ws/src/m-explore-ros2/map_merge', 'symlink_install': False, 'test_result_base': None}[0m
[0.285s] [34mcolcon.colcon_core.executor[0m [1;30mINFO[0m Executing jobs using 'parallel' executor
[0.285s] [34mcolcon.colcon_parallel_executor.executor.parallel[0m [1;30mDEBUG[0m [32mrun_until_complete[0m
[0.285s] [34mcolcon.colcon_ros.task.ament_cmake.build[0m [1;30mINFO[0m Building ROS package in '/home/deepak/PX4-Autopilot/ros2_ws/src/m-explore-ros2/explore' with build type 'ament_cmake'
[0.286s] [34mcolcon.colcon_cmake.task.cmake.build[0m [1;30mINFO[0m Building CMake package in '/home/deepak/PX4-Autopilot/ros2_ws/src/m-explore-ros2/explore'
[0.287s] [34mcolcon.colcon_core.plugin_system[0m [1;30mINFO[0m Skipping extension 'colcon_core.shell.bat': Not used on non-Windows systems
[0.287s] [34mcolcon.colcon_core.shell[0m [1;30mINFO[0m Skip shell extension 'powershell' for command environment: Not usable outside of PowerShell
[0.287s] [34mcolcon.colcon_core.shell[0m [1;30mDEBUG[0m [32mSkip shell extension 'dsv' for command environment[0m
[0.292s] [34mcolcon.colcon_ros.task.ament_cmake.build[0m [1;30mINFO[0m Building ROS package in '/home/deepak/PX4-Autopilot/ros2_ws/src/m-explore-ros2/map_merge' with build type 'ament_cmake'
[0.292s] [34mcolcon.colcon_cmake.task.cmake.build[0m [1;30mINFO[0m Building CMake package in '/home/deepak/PX4-Autopilot/ros2_ws/src/m-explore-ros2/map_merge'
[0.293s] [34mcolcon.colcon_core.shell[0m [1;30mINFO[0m Skip shell extension 'powershell' for command environment: Not usable outside of PowerShell
[0.293s] [34mcolcon.colcon_core.shell[0m [1;30mDEBUG[0m [32mSkip shell extension 'dsv' for command environment[0m
[0.301s] [34mcolcon.colcon_core.event_handler.log_command[0m [1;30mDEBUG[0m [32mInvoking command in '/home/deepak/PX4-Autopilot/ros2_ws/build/explore_lite': CMAKE_PREFIX_PATH=${CMAKE_PREFIX_PATH}:/home/deepak/InterIIT_practice/task_2/turtlebot3_ws/install/turtlebot3_teleop:/home/deepak/InterIIT_practice/task_2/turtlebot3_ws/install/turtlebot3_example:/home/deepak/moveit_ws/install/moveit_configs_utils:/opt/ros/humble /usr/bin/cmake /home/deepak/PX4-Autopilot/ros2_ws/src/m-explore-ros2/explore -DCMAKE_INSTALL_PREFIX=/home/deepak/PX4-Autopilot/ros2_ws/install/explore_lite[0m
[0.302s] [34mcolcon.colcon_core.event_handler.log_command[0m [1;30mDEBUG[0m [32mInvoking command in '/home/deepak/PX4-Autopilot/ros2_ws/build/multirobot_map_merge': CMAKE_PREFIX_PATH=${CMAKE_PREFIX_PATH}:/home/deepak/InterIIT_practice/task_2/turtlebot3_ws/install/turtlebot3_teleop:/home/deepak/InterIIT_practice/task_2/turtlebot3_ws/install/turtlebot3_example:/home/deepak/moveit_ws/install/moveit_configs_utils:/opt/ros/humble /usr/bin/cmake /home/deepak/PX4-Autopilot/ros2_ws/src/m-explore-ros2/map_merge -DCMAKE_INSTALL_PREFIX=/home/deepak/PX4-Autopilot/ros2_ws/install/multirobot_map_merge[0m
[0.923s] [34mcolcon.colcon_core.event_handler.log_command[0m [1;30mDEBUG[0m [32mInvoked command in '/home/deepak/PX4-Autopilot/ros2_ws/build/explore_lite' returned '0': CMAKE_PREFIX_PATH=${CMAKE_PREFIX_PATH}:/home/deepak/InterIIT_practice/task_2/turtlebot3_ws/install/turtlebot3_teleop:/home/deepak/InterIIT_practice/task_2/turtlebot3_ws/install/turtlebot3_example:/home/deepak/moveit_ws/install/moveit_configs_utils:/opt/ros/humble /usr/bin/cmake /home/deepak/PX4-Autopilot/ros2_ws/src/m-explore-ros2/explore -DCMAKE_INSTALL_PREFIX=/home/deepak/PX4-Autopilot/ros2_ws/install/explore_lite[0m
[0.925s] [34mcolcon.colcon_core.event_handler.log_command[0m [1;30mDEBUG[0m [32mInvoking command in '/home/deepak/PX4-Autopilot/ros2_ws/build/explore_lite': CMAKE_PREFIX_PATH=${CMAKE_PREFIX_PATH}:/home/deepak/InterIIT_practice/task_2/turtlebot3_ws/install/turtlebot3_teleop:/home/deepak/InterIIT_practice/task_2/turtlebot3_ws/install/turtlebot3_example:/home/deepak/moveit_ws/install/moveit_configs_utils:/opt/ros/humble /usr/bin/cmake --build /home/deepak/PX4-Autopilot/ros2_ws/build/explore_lite -- -j20 -l20[0m
[1.017s] [34mcolcon.colcon_core.event_handler.log_command[0m [1;30mDEBUG[0m [32mInvoked command in '/home/deepak/PX4-Autopilot/ros2_ws/build/explore_lite' returned '0': CMAKE_PREFIX_PATH=${CMAKE_PREFIX_PATH}:/home/deepak/InterIIT_practice/task_2/turtlebot3_ws/install/turtlebot3_teleop:/home/deepak/InterIIT_practice/task_2/turtlebot3_ws/install/turtlebot3_example:/home/deepak/moveit_ws/install/moveit_configs_utils:/opt/ros/humble /usr/bin/cmake --build /home/deepak/PX4-Autopilot/ros2_ws/build/explore_lite -- -j20 -l20[0m
[1.026s] [34mcolcon.colcon_core.event_handler.log_command[0m [1;30mDEBUG[0m [32mInvoking command in '/home/deepak/PX4-Autopilot/ros2_ws/build/explore_lite': CMAKE_PREFIX_PATH=${CMAKE_PREFIX_PATH}:/home/deepak/InterIIT_practice/task_2/turtlebot3_ws/install/turtlebot3_teleop:/home/deepak/InterIIT_practice/task_2/turtlebot3_ws/install/turtlebot3_example:/home/deepak/moveit_ws/install/moveit_configs_utils:/opt/ros/humble /usr/bin/cmake --install /home/deepak/PX4-Autopilot/ros2_ws/build/explore_lite[0m
[1.046s] [34mcolcon.colcon_core.environment[0m [1;30mLevel 1[0m create_environment_scripts_only(explore_lite)
[1.046s] [34mcolcon.colcon_core.event_handler.log_command[0m [1;30mDEBUG[0m [32mInvoked command in '/home/deepak/PX4-Autopilot/ros2_ws/build/explore_lite' returned '0': CMAKE_PREFIX_PATH=${CMAKE_PREFIX_PATH}:/home/deepak/InterIIT_practice/task_2/turtlebot3_ws/install/turtlebot3_teleop:/home/deepak/InterIIT_practice/task_2/turtlebot3_ws/install/turtlebot3_example:/home/deepak/moveit_ws/install/moveit_configs_utils:/opt/ros/humble /usr/bin/cmake --install /home/deepak/PX4-Autopilot/ros2_ws/build/explore_lite[0m
[1.048s] [34mcolcon.colcon_core.environment[0m [1;30mLevel 1[0m checking '/home/deepak/PX4-Autopilot/ros2_ws/install/explore_lite' for CMake module files
[1.049s] [34mcolcon.colcon_core.environment[0m [1;30mLevel 1[0m checking '/home/deepak/PX4-Autopilot/ros2_ws/install/explore_lite' for CMake config files
[1.049s] [34mcolcon.colcon_core.shell[0m [1;30mLevel 1[0m create_environment_hook('explore_lite', 'cmake_prefix_path')
[1.049s] [34mcolcon.colcon_core.shell[0m [1;30mINFO[0m Creating environment hook '/home/deepak/PX4-Autopilot/ros2_ws/install/explore_lite/share/explore_lite/hook/cmake_prefix_path.ps1'
[1.050s] [34mcolcon.colcon_core.shell[0m [1;30mINFO[0m Creating environment descriptor '/home/deepak/PX4-Autopilot/ros2_ws/install/explore_lite/share/explore_lite/hook/cmake_prefix_path.dsv'
[1.051s] [34mcolcon.colcon_core.shell[0m [1;30mINFO[0m Creating environment hook '/home/deepak/PX4-Autopilot/ros2_ws/install/explore_lite/share/explore_lite/hook/cmake_prefix_path.sh'
[1.051s] [34mcolcon.colcon_core.environment[0m [1;30mLevel 1[0m checking '/home/deepak/PX4-Autopilot/ros2_ws/install/explore_lite/lib'
[1.051s] [34mcolcon.colcon_core.environment[0m [1;30mLevel 1[0m checking '/home/deepak/PX4-Autopilot/ros2_ws/install/explore_lite/bin'
[1.051s] [34mcolcon.colcon_core.environment[0m [1;30mLevel 1[0m checking '/home/deepak/PX4-Autopilot/ros2_ws/install/explore_lite/lib/pkgconfig/explore_lite.pc'
[1.051s] [34mcolcon.colcon_core.environment[0m [1;30mLevel 1[0m checking '/home/deepak/PX4-Autopilot/ros2_ws/install/explore_lite/lib/python3.10/site-packages'
[1.052s] [34mcolcon.colcon_core.environment[0m [1;30mLevel 1[0m checking '/home/deepak/PX4-Autopilot/ros2_ws/install/explore_lite/bin'
[1.052s] [34mcolcon.colcon_core.shell[0m [1;30mINFO[0m Creating package script '/home/deepak/PX4-Autopilot/ros2_ws/install/explore_lite/share/explore_lite/package.ps1'
[1.052s] [34mcolcon.colcon_core.shell[0m [1;30mINFO[0m Creating package descriptor '/home/deepak/PX4-Autopilot/ros2_ws/install/explore_lite/share/explore_lite/package.dsv'
[1.053s] [34mcolcon.colcon_core.shell[0m [1;30mINFO[0m Creating package script '/home/deepak/PX4-Autopilot/ros2_ws/install/explore_lite/share/explore_lite/package.sh'
[1.053s] [34mcolcon.colcon_core.shell[0m [1;30mINFO[0m Creating package script '/home/deepak/PX4-Autopilot/ros2_ws/install/explore_lite/share/explore_lite/package.bash'
[1.053s] [34mcolcon.colcon_core.shell[0m [1;30mINFO[0m Creating package script '/home/deepak/PX4-Autopilot/ros2_ws/install/explore_lite/share/explore_lite/package.zsh'
[1.054s] [34mcolcon.colcon_core.environment[0m [1;30mLevel 1[0m create_file_with_runtime_dependencies(/home/deepak/PX4-Autopilot/ros2_ws/install/explore_lite/share/colcon-core/packages/explore_lite)
[1.054s] [34mcolcon.colcon_core.environment[0m [1;30mLevel 1[0m create_environment_scripts_only(explore_lite)
[1.054s] [34mcolcon.colcon_core.environment[0m [1;30mLevel 1[0m checking '/home/deepak/PX4-Autopilot/ros2_ws/install/explore_lite' for CMake module files
[1.054s] [34mcolcon.colcon_core.environment[0m [1;30mLevel 1[0m checking '/home/deepak/PX4-Autopilot/ros2_ws/install/explore_lite' for CMake config files
[1.054s] [34mcolcon.colcon_core.shell[0m [1;30mLevel 1[0m create_environment_hook('explore_lite', 'cmake_prefix_path')
[1.054s] [34mcolcon.colcon_core.shell[0m [1;30mINFO[0m Creating environment hook '/home/deepak/PX4-Autopilot/ros2_ws/install/explore_lite/share/explore_lite/hook/cmake_prefix_path.ps1'
[1.055s] [34mcolcon.colcon_core.shell[0m [1;30mINFO[0m Creating environment descriptor '/home/deepak/PX4-Autopilot/ros2_ws/install/explore_lite/share/explore_lite/hook/cmake_prefix_path.dsv'
[1.055s] [34mcolcon.colcon_core.shell[0m [1;30mINFO[0m Creating environment hook '/home/deepak/PX4-Autopilot/ros2_ws/install/explore_lite/share/explore_lite/hook/cmake_prefix_path.sh'
[1.055s] [34mcolcon.colcon_core.environment[0m [1;30mLevel 1[0m checking '/home/deepak/PX4-Autopilot/ros2_ws/install/explore_lite/lib'
[1.055s] [34mcolcon.colcon_core.environment[0m [1;30mLevel 1[0m checking '/home/deepak/PX4-Autopilot/ros2_ws/install/explore_lite/bin'
[1.055s] [34mcolcon.colcon_core.environment[0m [1;30mLevel 1[0m checking '/home/deepak/PX4-Autopilot/ros2_ws/install/explore_lite/lib/pkgconfig/explore_lite.pc'
[1.055s] [34mcolcon.colcon_core.environment[0m [1;30mLevel 1[0m checking '/home/deepak/PX4-Autopilot/ros2_ws/install/explore_lite/lib/python3.10/site-packages'
[1.055s] [34mcolcon.colcon_core.environment[0m [1;30mLevel 1[0m checking '/home/deepak/PX4-Autopilot/ros2_ws/install/explore_lite/bin'
[1.056s] [34mcolcon.colcon_core.shell[0m [1;30mINFO[0m Creating package script '/home/deepak/PX4-Autopilot/ros2_ws/install/explore_lite/share/explore_lite/package.ps1'
[1.056s] [34mcolcon.colcon_core.shell[0m [1;30mINFO[0m Creating package descriptor '/home/deepak/PX4-Autopilot/ros2_ws/install/explore_lite/share/explore_lite/package.dsv'
[1.056s] [34mcolcon.colcon_core.shell[0m [1;30mINFO[0m Creating package script '/home/deepak/PX4-Autopilot/ros2_ws/install/explore_lite/share/explore_lite/package.sh'
[1.056s] [34mcolcon.colcon_core.shell[0m [1;30mINFO[0m Creating package script '/home/deepak/PX4-Autopilot/ros2_ws/install/explore_lite/share/explore_lite/package.bash'
[1.057s] [34mcolcon.colcon_core.shell[0m [1;30mINFO[0m Creating package script '/home/deepak/PX4-Autopilot/ros2_ws/install/explore_lite/share/explore_lite/package.zsh'
[1.057s] [34mcolcon.colcon_core.environment[0m [1;30mLevel 1[0m create_file_with_runtime_dependencies(/home/deepak/PX4-Autopilot/ros2_ws/install/explore_lite/share/colcon-core/packages/explore_lite)
[148.343s] [34mcolcon.colcon_core.event_handler.log_command[0m [1;30mDEBUG[0m [32mInvoked command in '/home/deepak/PX4-Autopilot/ros2_ws/build/multirobot_map_merge' returned '0': CMAKE_PREFIX_PATH=${CMAKE_PREFIX_PATH}:/home/deepak/InterIIT_practice/task_2/turtlebot3_ws/install/turtlebot3_teleop:/home/deepak/InterIIT_practice/task_2/turtlebot3_ws/install/turtlebot3_example:/home/deepak/moveit_ws/install/moveit_configs_utils:/opt/ros/humble /usr/bin/cmake /home/deepak/PX4-Autopilot/ros2_ws/src/m-explore-ros2/map_merge -DCMAKE_INSTALL_PREFIX=/home/deepak/PX4-Autopilot/ros2_ws/install/multirobot_map_merge[0m
[148.344s] [34mcolcon.colcon_core.event_handler.log_command[0m [1;30mDEBUG[0m [32mInvoking command in '/home/deepak/PX4-Autopilot/ros2_ws/build/multirobot_map_merge': CMAKE_PREFIX_PATH=${CMAKE_PREFIX_PATH}:/home/deepak/InterIIT_practice/task_2/turtlebot3_ws/install/turtlebot3_teleop:/home/deepak/InterIIT_practice/task_2/turtlebot3_ws/install/turtlebot3_example:/home/deepak/moveit_ws/install/moveit_configs_utils:/opt/ros/humble /usr/bin/cmake --build /home/deepak/PX4-Autopilot/ros2_ws/build/multirobot_map_merge -- -j20 -l20[0m
[157.976s] [34mcolcon.colcon_core.event_handler.log_command[0m [1;30mDEBUG[0m [32mInvoked command in '/home/deepak/PX4-Autopilot/ros2_ws/build/multirobot_map_merge' returned '0': CMAKE_PREFIX_PATH=${CMAKE_PREFIX_PATH}:/home/deepak/InterIIT_practice/task_2/turtlebot3_ws/install/turtlebot3_teleop:/home/deepak/InterIIT_practice/task_2/turtlebot3_ws/install/turtlebot3_example:/home/deepak/moveit_ws/install/moveit_configs_utils:/opt/ros/humble /usr/bin/cmake --build /home/deepak/PX4-Autopilot/ros2_ws/build/multirobot_map_merge -- -j20 -l20[0m
[157.978s] [34mcolcon.colcon_core.event_handler.log_command[0m [1;30mDEBUG[0m [32mInvoking command in '/home/deepak/PX4-Autopilot/ros2_ws/build/multirobot_map_merge': CMAKE_PREFIX_PATH=${CMAKE_PREFIX_PATH}:/home/deepak/InterIIT_practice/task_2/turtlebot3_ws/install/turtlebot3_teleop:/home/deepak/InterIIT_practice/task_2/turtlebot3_ws/install/turtlebot3_example:/home/deepak/moveit_ws/install/moveit_configs_utils:/opt/ros/humble /usr/bin/cmake --install /home/deepak/PX4-Autopilot/ros2_ws/build/multirobot_map_merge[0m
[157.989s] [34mcolcon.colcon_core.environment[0m [1;30mLevel 1[0m create_environment_scripts_only(multirobot_map_merge)
[157.989s] [34mcolcon.colcon_core.environment[0m [1;30mLevel 1[0m checking '/home/deepak/PX4-Autopilot/ros2_ws/install/multirobot_map_merge' for CMake module files
[157.989s] [34mcolcon.colcon_core.event_handler.log_command[0m [1;30mDEBUG[0m [32mInvoked command in '/home/deepak/PX4-Autopilot/ros2_ws/build/multirobot_map_merge' returned '0': CMAKE_PREFIX_PATH=${CMAKE_PREFIX_PATH}:/home/deepak/InterIIT_practice/task_2/turtlebot3_ws/install/turtlebot3_teleop:/home/deepak/InterIIT_practice/task_2/turtlebot3_ws/install/turtlebot3_example:/home/deepak/moveit_ws/install/moveit_configs_utils:/opt/ros/humble /usr/bin/cmake --install /home/deepak/PX4-Autopilot/ros2_ws/build/multirobot_map_merge[0m
[157.989s] [34mcolcon.colcon_core.environment[0m [1;30mLevel 1[0m checking '/home/deepak/PX4-Autopilot/ros2_ws/install/multirobot_map_merge' for CMake config files
[157.989s] [34mcolcon.colcon_core.shell[0m [1;30mLevel 1[0m create_environment_hook('multirobot_map_merge', 'cmake_prefix_path')
[157.990s] [34mcolcon.colcon_core.shell[0m [1;30mINFO[0m Creating environment hook '/home/deepak/PX4-Autopilot/ros2_ws/install/multirobot_map_merge/share/multirobot_map_merge/hook/cmake_prefix_path.ps1'
[157.990s] [34mcolcon.colcon_core.shell[0m [1;30mINFO[0m Creating environment descriptor '/home/deepak/PX4-Autopilot/ros2_ws/install/multirobot_map_merge/share/multirobot_map_merge/hook/cmake_prefix_path.dsv'
[157.990s] [34mcolcon.colcon_core.shell[0m [1;30mINFO[0m Creating environment hook '/home/deepak/PX4-Autopilot/ros2_ws/install/multirobot_map_merge/share/multirobot_map_merge/hook/cmake_prefix_path.sh'
[157.990s] [34mcolcon.colcon_core.environment[0m [1;30mLevel 1[0m checking '/home/deepak/PX4-Autopilot/ros2_ws/install/multirobot_map_merge/lib'
[157.990s] [34mcolcon.colcon_core.environment[0m [1;30mLevel 1[0m checking '/home/deepak/PX4-Autopilot/ros2_ws/install/multirobot_map_merge/bin'
[157.991s] [34mcolcon.colcon_core.environment[0m [1;30mLevel 1[0m checking '/home/deepak/PX4-Autopilot/ros2_ws/install/multirobot_map_merge/lib/pkgconfig/multirobot_map_merge.pc'
[157.991s] [34mcolcon.colcon_core.environment[0m [1;30mLevel 1[0m checking '/home/deepak/PX4-Autopilot/ros2_ws/install/multirobot_map_merge/lib/python3.10/site-packages'
[157.991s] [34mcolcon.colcon_core.environment[0m [1;30mLevel 1[0m checking '/home/deepak/PX4-Autopilot/ros2_ws/install/multirobot_map_merge/bin'
[157.991s] [34mcolcon.colcon_core.shell[0m [1;30mINFO[0m Creating package script '/home/deepak/PX4-Autopilot/ros2_ws/install/multirobot_map_merge/share/multirobot_map_merge/package.ps1'
[157.992s] [34mcolcon.colcon_core.shell[0m [1;30mINFO[0m Creating package descriptor '/home/deepak/PX4-Autopilot/ros2_ws/install/multirobot_map_merge/share/multirobot_map_merge/package.dsv'
[157.992s] [34mcolcon.colcon_core.shell[0m [1;30mINFO[0m Creating package script '/home/deepak/PX4-Autopilot/ros2_ws/install/multirobot_map_merge/share/multirobot_map_merge/package.sh'
[157.992s] [34mcolcon.colcon_core.shell[0m [1;30mINFO[0m Creating package script '/home/deepak/PX4-Autopilot/ros2_ws/install/multirobot_map_merge/share/multirobot_map_merge/package.bash'
[157.992s] [34mcolcon.colcon_core.shell[0m [1;30mINFO[0m Creating package script '/home/deepak/PX4-Autopilot/ros2_ws/install/multirobot_map_merge/share/multirobot_map_merge/package.zsh'
[157.992s] [34mcolcon.colcon_core.environment[0m [1;30mLevel 1[0m create_file_with_runtime_dependencies(/home/deepak/PX4-Autopilot/ros2_ws/install/multirobot_map_merge/share/colcon-core/packages/multirobot_map_merge)
[157.992s] [34mcolcon.colcon_core.environment[0m [1;30mLevel 1[0m create_environment_scripts_only(multirobot_map_merge)
[157.993s] [34mcolcon.colcon_core.environment[0m [1;30mLevel 1[0m checking '/home/deepak/PX4-Autopilot/ros2_ws/install/multirobot_map_merge' for CMake module files
[157.993s] [34mcolcon.colcon_core.environment[0m [1;30mLevel 1[0m checking '/home/deepak/PX4-Autopilot/ros2_ws/install/multirobot_map_merge' for CMake config files
[157.993s] [34mcolcon.colcon_core.shell[0m [1;30mLevel 1[0m create_environment_hook('multirobot_map_merge', 'cmake_prefix_path')
[157.993s] [34mcolcon.colcon_core.shell[0m [1;30mINFO[0m Creating environment hook '/home/deepak/PX4-Autopilot/ros2_ws/install/multirobot_map_merge/share/multirobot_map_merge/hook/cmake_prefix_path.ps1'
[157.993s] [34mcolcon.colcon_core.shell[0m [1;30mINFO[0m Creating environment descriptor '/home/deepak/PX4-Autopilot/ros2_ws/install/multirobot_map_merge/share/multirobot_map_merge/hook/cmake_prefix_path.dsv'
[157.993s] [34mcolcon.colcon_core.shell[0m [1;30mINFO[0m Creating environment hook '/home/deepak/PX4-Autopilot/ros2_ws/install/multirobot_map_merge/share/multirobot_map_merge/hook/cmake_prefix_path.sh'
[157.993s] [34mcolcon.colcon_core.environment[0m [1;30mLevel 1[0m checking '/home/deepak/PX4-Autopilot/ros2_ws/install/multirobot_map_merge/lib'
[157.994s] [34mcolcon.colcon_core.environment[0m [1;30mLevel 1[0m checking '/home/deepak/PX4-Autopilot/ros2_ws/install/multirobot_map_merge/bin'
[157.994s] [34mcolcon.colcon_core.environment[0m [1;30mLevel 1[0m checking '/home/deepak/PX4-Autopilot/ros2_ws/install/multirobot_map_merge/lib/pkgconfig/multirobot_map_merge.pc'
[157.994s] [34mcolcon.colcon_core.environment[0m [1;30mLevel 1[0m checking '/home/deepak/PX4-Autopilot/ros2_ws/install/multirobot_map_merge/lib/python3.10/site-packages'
[157.994s] [34mcolcon.colcon_core.environment[0m [1;30mLevel 1[0m checking '/home/deepak/PX4-Autopilot/ros2_ws/install/multirobot_map_merge/bin'
[157.994s] [34mcolcon.colcon_core.shell[0m [1;30mINFO[0m Creating package script '/home/deepak/PX4-Autopilot/ros2_ws/install/multirobot_map_merge/share/multirobot_map_merge/package.ps1'
[157.994s] [34mcolcon.colcon_core.shell[0m [1;30mINFO[0m Creating package descriptor '/home/deepak/PX4-Autopilot/ros2_ws/install/multirobot_map_merge/share/multirobot_map_merge/package.dsv'
[157.994s] [34mcolcon.colcon_core.shell[0m [1;30mINFO[0m Creating package script '/home/deepak/PX4-Autopilot/ros2_ws/install/multirobot_map_merge/share/multirobot_map_merge/package.sh'
[157.995s] [34mcolcon.colcon_core.shell[0m [1;30mINFO[0m Creating package script '/home/deepak/PX4-Autopilot/ros2_ws/install/multirobot_map_merge/share/multirobot_map_merge/package.bash'
[157.995s] [34mcolcon.colcon_core.shell[0m [1;30mINFO[0m Creating package script '/home/deepak/PX4-Autopilot/ros2_ws/install/multirobot_map_merge/share/multirobot_map_merge/package.zsh'
[157.995s] [34mcolcon.colcon_core.environment[0m [1;30mLevel 1[0m create_file_with_runtime_dependencies(/home/deepak/PX4-Autopilot/ros2_ws/install/multirobot_map_merge/share/colcon-core/packages/multirobot_map_merge)
[157.995s] [34mcolcon.colcon_parallel_executor.executor.parallel[0m [1;30mDEBUG[0m [32mclosing loop[0m
[157.995s] [34mcolcon.colcon_parallel_executor.executor.parallel[0m [1;30mDEBUG[0m [32mloop closed[0m
[157.995s] [34mcolcon.colcon_parallel_executor.executor.parallel[0m [1;30mDEBUG[0m [32mrun_until_complete finished with '0'[0m
[157.995s] [34mcolcon.colcon_core.event_reactor[0m [1;30mDEBUG[0m [32mjoining thread[0m
[157.999s] [34mcolcon.colcon_core.plugin_system[0m [1;30mINFO[0m Skipping extension 'colcon_notification.desktop_notification.terminal_notifier': Not used on non-Darwin systems
[157.999s] [34mcolcon.colcon_core.plugin_system[0m [1;30mINFO[0m Skipping extension 'colcon_notification.desktop_notification.win32': Not used on non-Windows systems
[157.999s] [34mcolcon.colcon_notification.desktop_notification[0m [1;30mINFO[0m Sending desktop notification using 'notify2'
[158.007s] [34mcolcon.colcon_core.event_reactor[0m [1;30mDEBUG[0m [32mjoined thread[0m
[158.007s] [34mcolcon.colcon_core.shell[0m [1;30mINFO[0m Creating prefix script '/home/deepak/PX4-Autopilot/ros2_ws/install/local_setup.ps1'
[158.008s] [34mcolcon.colcon_core.shell[0m [1;30mINFO[0m Creating prefix util module '/home/deepak/PX4-Autopilot/ros2_ws/install/_local_setup_util_ps1.py'
[158.008s] [34mcolcon.colcon_core.shell[0m [1;30mINFO[0m Creating prefix chain script '/home/deepak/PX4-Autopilot/ros2_ws/install/setup.ps1'
[158.010s] [34mcolcon.colcon_core.shell[0m [1;30mINFO[0m Creating prefix script '/home/deepak/PX4-Autopilot/ros2_ws/install/local_setup.sh'
[158.010s] [34mcolcon.colcon_core.shell[0m [1;30mINFO[0m Creating prefix util module '/home/deepak/PX4-Autopilot/ros2_ws/install/_local_setup_util_sh.py'
[158.011s] [34mcolcon.colcon_core.shell[0m [1;30mINFO[0m Creating prefix chain script '/home/deepak/PX4-Autopilot/ros2_ws/install/setup.sh'
[158.012s] [34mcolcon.colcon_core.shell[0m [1;30mINFO[0m Creating prefix script '/home/deepak/PX4-Autopilot/ros2_ws/install/local_setup.bash'
[158.012s] [34mcolcon.colcon_core.shell[0m [1;30mINFO[0m Creating prefix chain script '/home/deepak/PX4-Autopilot/ros2_ws/install/setup.bash'
[158.014s] [34mcolcon.colcon_core.shell[0m [1;30mINFO[0m Creating prefix script '/home/deepak/PX4-Autopilot/ros2_ws/install/local_setup.zsh'
[158.014s] [34mcolcon.colcon_core.shell[0m [1;30mINFO[0m Creating prefix chain script '/home/deepak/PX4-Autopilot/ros2_ws/install/setup.zsh'
