running develop
running egg_info
creating x500_px4_bridge.egg-info
writing x500_px4_bridge.egg-info/PKG-INFO
writing dependency_links to x500_px4_bridge.egg-info/dependency_links.txt
writing entry points to x500_px4_bridge.egg-info/entry_points.txt
writing requirements to x500_px4_bridge.egg-info/requires.txt
writing top-level names to x500_px4_bridge.egg-info/top_level.txt
writing manifest file 'x500_px4_bridge.egg-info/SOURCES.txt'
reading manifest file 'x500_px4_bridge.egg-info/SOURCES.txt'
writing manifest file 'x500_px4_bridge.egg-info/SOURCES.txt'
running build_ext
Creating /home/deepak/PX4-Autopilot/ros2_ws/install/x500_px4_bridge/lib/python3.10/site-packages/x500-px4-bridge.egg-link (link to .)
Installing x500_px4_bridge script to /home/deepak/PX4-Autopilot/ros2_ws/install/x500_px4_bridge/lib/x500_px4_bridge

Installed /home/deepak/PX4-Autopilot/ros2_ws/build/x500_px4_bridge
running symlink_data
creating /home/deepak/PX4-Autopilot/ros2_ws/install/x500_px4_bridge/share
creating /home/deepak/PX4-Autopilot/ros2_ws/install/x500_px4_bridge/share/ament_index
creating /home/deepak/PX4-Autopilot/ros2_ws/install/x500_px4_bridge/share/ament_index/resource_index
creating /home/deepak/PX4-Autopilot/ros2_ws/install/x500_px4_bridge/share/ament_index/resource_index/packages
symbolically linking /home/deepak/PX4-Autopilot/ros2_ws/build/x500_px4_bridge/resource/x500_px4_bridge -> /home/deepak/PX4-Autopilot/ros2_ws/install/x500_px4_bridge/share/ament_index/resource_index/packages
creating /home/deepak/PX4-Autopilot/ros2_ws/install/x500_px4_bridge/share/x500_px4_bridge
symbolically linking /home/deepak/PX4-Autopilot/ros2_ws/build/x500_px4_bridge/package.xml -> /home/deepak/PX4-Autopilot/ros2_ws/install/x500_px4_bridge/share/x500_px4_bridge
