[1.685s] Invoking command in '/home/deepak/PX4-Autopilot/ros2_ws/build/x500_px4_bridge': PYTHONPATH=/home/deepak/PX4-Autopilot/ros2_ws/build/x500_px4_bridge/prefix_override:/usr/lib/python3/dist-packages/colcon_core/task/python/colcon_distutils_commands:/home/deepak/PX4-Autopilot/ros2_ws/install/x500_px4_bridge/lib/python3.10/site-packages:${PYTHONPATH} /usr/bin/python3 -W ignore:setup.py install is deprecated -W ignore:easy_install command is deprecated setup.py develop --editable --build-directory /home/deepak/PX4-Autopilot/ros2_ws/build/x500_px4_bridge/build --no-deps symlink_data
[2.163s] running develop
[2.533s] running egg_info
[2.533s] creating x500_px4_bridge.egg-info
[2.533s] writing x500_px4_bridge.egg-info/PKG-INFO
[2.533s] writing dependency_links to x500_px4_bridge.egg-info/dependency_links.txt
[2.533s] writing entry points to x500_px4_bridge.egg-info/entry_points.txt
[2.534s] writing requirements to x500_px4_bridge.egg-info/requires.txt
[2.534s] writing top-level names to x500_px4_bridge.egg-info/top_level.txt
[2.534s] writing manifest file 'x500_px4_bridge.egg-info/SOURCES.txt'
[2.536s] reading manifest file 'x500_px4_bridge.egg-info/SOURCES.txt'
[2.537s] writing manifest file 'x500_px4_bridge.egg-info/SOURCES.txt'
[2.539s] running build_ext
[2.540s] Creating /home/deepak/PX4-Autopilot/ros2_ws/install/x500_px4_bridge/lib/python3.10/site-packages/x500-px4-bridge.egg-link (link to .)
[2.541s] Installing x500_px4_bridge script to /home/deepak/PX4-Autopilot/ros2_ws/install/x500_px4_bridge/lib/x500_px4_bridge
[2.541s] 
[2.541s] Installed /home/deepak/PX4-Autopilot/ros2_ws/build/x500_px4_bridge
[2.541s] running symlink_data
[2.541s] creating /home/deepak/PX4-Autopilot/ros2_ws/install/x500_px4_bridge/share
[2.541s] creating /home/deepak/PX4-Autopilot/ros2_ws/install/x500_px4_bridge/share/ament_index
[2.541s] creating /home/deepak/PX4-Autopilot/ros2_ws/install/x500_px4_bridge/share/ament_index/resource_index
[2.542s] creating /home/deepak/PX4-Autopilot/ros2_ws/install/x500_px4_bridge/share/ament_index/resource_index/packages
[2.542s] symbolically linking /home/deepak/PX4-Autopilot/ros2_ws/build/x500_px4_bridge/resource/x500_px4_bridge -> /home/deepak/PX4-Autopilot/ros2_ws/install/x500_px4_bridge/share/ament_index/resource_index/packages
[2.542s] creating /home/deepak/PX4-Autopilot/ros2_ws/install/x500_px4_bridge/share/x500_px4_bridge
[2.542s] symbolically linking /home/deepak/PX4-Autopilot/ros2_ws/build/x500_px4_bridge/package.xml -> /home/deepak/PX4-Autopilot/ros2_ws/install/x500_px4_bridge/share/x500_px4_bridge
[2.585s] Invoked command in '/home/deepak/PX4-Autopilot/ros2_ws/build/x500_px4_bridge' returned '0': PYTHONPATH=/home/deepak/PX4-Autopilot/ros2_ws/build/x500_px4_bridge/prefix_override:/usr/lib/python3/dist-packages/colcon_core/task/python/colcon_distutils_commands:/home/deepak/PX4-Autopilot/ros2_ws/install/x500_px4_bridge/lib/python3.10/site-packages:${PYTHONPATH} /usr/bin/python3 -W ignore:setup.py install is deprecated -W ignore:easy_install command is deprecated setup.py develop --editable --build-directory /home/deepak/PX4-Autopilot/ros2_ws/build/x500_px4_bridge/build --no-deps symlink_data
