[0.877s] Invoking command in '/home/deepak/gps-denied-vtol/software/src/quadcopter_mapping': PYTHONPATH=/home/deepak/gps-denied-vtol/software/build/quadcopter_mapping/prefix_override:/usr/lib/python3/dist-packages/colcon_core/task/python/colcon_distutils_commands:/home/deepak/gps-denied-vtol/software/install/quadcopter_mapping/lib/python3.10/site-packages:${PYTHONPATH} /usr/bin/python3 -W ignore:setup.py install is deprecated -W ignore:easy_install command is deprecated setup.py egg_info --egg-base ../../build/quadcopter_mapping build --build-base /home/deepak/gps-denied-vtol/software/build/quadcopter_mapping/build install --record /home/deepak/gps-denied-vtol/software/build/quadcopter_mapping/install.log --install-scripts $base/lib/quadcopter_mapping --single-version-externally-managed install_data
[1.027s] running egg_info
[1.027s] writing ../../build/quadcopter_mapping/quadcopter_mapping.egg-info/PKG-INFO
[1.027s] writing dependency_links to ../../build/quadcopter_mapping/quadcopter_mapping.egg-info/dependency_links.txt
[1.027s] writing entry points to ../../build/quadcopter_mapping/quadcopter_mapping.egg-info/entry_points.txt
[1.027s] writing requirements to ../../build/quadcopter_mapping/quadcopter_mapping.egg-info/requires.txt
[1.028s] writing top-level names to ../../build/quadcopter_mapping/quadcopter_mapping.egg-info/top_level.txt
[1.028s] reading manifest file '../../build/quadcopter_mapping/quadcopter_mapping.egg-info/SOURCES.txt'
[1.029s] writing manifest file '../../build/quadcopter_mapping/quadcopter_mapping.egg-info/SOURCES.txt'
[1.029s] running build
[1.029s] running build_py
[1.029s] running install
[1.029s] running install_lib
[1.030s] running install_data
[1.030s] running install_egg_info
[1.031s] removing '/home/deepak/gps-denied-vtol/software/install/quadcopter_mapping/lib/python3.10/site-packages/quadcopter_mapping-0.0.0-py3.10.egg-info' (and everything under it)
[1.031s] Copying ../../build/quadcopter_mapping/quadcopter_mapping.egg-info to /home/deepak/gps-denied-vtol/software/install/quadcopter_mapping/lib/python3.10/site-packages/quadcopter_mapping-0.0.0-py3.10.egg-info
[1.031s] running install_scripts
[1.043s] writing list of installed files to '/home/deepak/gps-denied-vtol/software/build/quadcopter_mapping/install.log'
[1.076s] Invoked command in '/home/deepak/gps-denied-vtol/software/src/quadcopter_mapping' returned '0': PYTHONPATH=/home/deepak/gps-denied-vtol/software/build/quadcopter_mapping/prefix_override:/usr/lib/python3/dist-packages/colcon_core/task/python/colcon_distutils_commands:/home/deepak/gps-denied-vtol/software/install/quadcopter_mapping/lib/python3.10/site-packages:${PYTHONPATH} /usr/bin/python3 -W ignore:setup.py install is deprecated -W ignore:easy_install command is deprecated setup.py egg_info --egg-base ../../build/quadcopter_mapping build --build-base /home/deepak/gps-denied-vtol/software/build/quadcopter_mapping/build install --record /home/deepak/gps-denied-vtol/software/build/quadcopter_mapping/install.log --install-scripts $base/lib/quadcopter_mapping --single-version-externally-managed install_data
