[0.366s] Invoking command in '/home/deepak/PX4-Autopilot/ros2_ws/src/x500_px4_bridge': PYTHONPATH=/home/deepak/PX4-Autopilot/ros2_ws/build/x500_px4_bridge/prefix_override:/usr/lib/python3/dist-packages/colcon_core/task/python/colcon_distutils_commands:/home/deepak/PX4-Autopilot/ros2_ws/install/x500_px4_bridge/lib/python3.10/site-packages:${PYTHONPATH} /usr/bin/python3 -W ignore:setup.py install is deprecated -W ignore:easy_install command is deprecated setup.py egg_info --egg-base ../../build/x500_px4_bridge build --build-base /home/deepak/PX4-Autopilot/ros2_ws/build/x500_px4_bridge/build install --record /home/deepak/PX4-Autopilot/ros2_ws/build/x500_px4_bridge/install.log --install-scripts $base/lib/x500_px4_bridge --single-version-externally-managed install_data
[0.513s] running egg_info
[0.513s] writing ../../build/x500_px4_bridge/x500_px4_bridge.egg-info/PKG-INFO
[0.513s] writing dependency_links to ../../build/x500_px4_bridge/x500_px4_bridge.egg-info/dependency_links.txt
[0.513s] writing entry points to ../../build/x500_px4_bridge/x500_px4_bridge.egg-info/entry_points.txt
[0.513s] writing requirements to ../../build/x500_px4_bridge/x500_px4_bridge.egg-info/requires.txt
[0.513s] writing top-level names to ../../build/x500_px4_bridge/x500_px4_bridge.egg-info/top_level.txt
[0.514s] reading manifest file '../../build/x500_px4_bridge/x500_px4_bridge.egg-info/SOURCES.txt'
[0.515s] writing manifest file '../../build/x500_px4_bridge/x500_px4_bridge.egg-info/SOURCES.txt'
[0.515s] running build
[0.515s] running build_py
[0.515s] running install
[0.515s] running install_lib
[0.516s] running install_data
[0.516s] running install_egg_info
[0.517s] removing '/home/deepak/PX4-Autopilot/ros2_ws/install/x500_px4_bridge/lib/python3.10/site-packages/x500_px4_bridge-0.0.1-py3.10.egg-info' (and everything under it)
[0.517s] Copying ../../build/x500_px4_bridge/x500_px4_bridge.egg-info to /home/deepak/PX4-Autopilot/ros2_ws/install/x500_px4_bridge/lib/python3.10/site-packages/x500_px4_bridge-0.0.1-py3.10.egg-info
[0.517s] running install_scripts
[0.528s] Installing x500_px4_bridge script to /home/deepak/PX4-Autopilot/ros2_ws/install/x500_px4_bridge/lib/x500_px4_bridge
[0.528s] writing list of installed files to '/home/deepak/PX4-Autopilot/ros2_ws/build/x500_px4_bridge/install.log'
[0.542s] Invoked command in '/home/deepak/PX4-Autopilot/ros2_ws/src/x500_px4_bridge' returned '0': PYTHONPATH=/home/deepak/PX4-Autopilot/ros2_ws/build/x500_px4_bridge/prefix_override:/usr/lib/python3/dist-packages/colcon_core/task/python/colcon_distutils_commands:/home/deepak/PX4-Autopilot/ros2_ws/install/x500_px4_bridge/lib/python3.10/site-packages:${PYTHONPATH} /usr/bin/python3 -W ignore:setup.py install is deprecated -W ignore:easy_install command is deprecated setup.py egg_info --egg-base ../../build/x500_px4_bridge build --build-base /home/deepak/PX4-Autopilot/ros2_ws/build/x500_px4_bridge/build install --record /home/deepak/PX4-Autopilot/ros2_ws/build/x500_px4_bridge/install.log --install-scripts $base/lib/x500_px4_bridge --single-version-externally-managed install_data
