[0.980s] Invoking command in '/home/deepak/gps-denied-vtol/software/src/quadcopter_bringup': PYTHONPATH=/home/deepak/gps-denied-vtol/software/build/quadcopter_bringup/prefix_override:/usr/lib/python3/dist-packages/colcon_core/task/python/colcon_distutils_commands:/home/deepak/gps-denied-vtol/software/install/quadcopter_bringup/lib/python3.10/site-packages:${PYTHONPATH} /usr/bin/python3 -W ignore:setup.py install is deprecated -W ignore:easy_install command is deprecated setup.py egg_info --egg-base ../../build/quadcopter_bringup build --build-base /home/deepak/gps-denied-vtol/software/build/quadcopter_bringup/build install --record /home/deepak/gps-denied-vtol/software/build/quadcopter_bringup/install.log --install-scripts $base/lib/quadcopter_bringup --single-version-externally-managed install_data
[1.135s] running egg_info
[1.135s] creating ../../build/quadcopter_bringup/quadcopter_bringup.egg-info
[1.135s] writing ../../build/quadcopter_bringup/quadcopter_bringup.egg-info/PKG-INFO
[1.136s] writing dependency_links to ../../build/quadcopter_bringup/quadcopter_bringup.egg-info/dependency_links.txt
[1.136s] writing entry points to ../../build/quadcopter_bringup/quadcopter_bringup.egg-info/entry_points.txt
[1.136s] writing requirements to ../../build/quadcopter_bringup/quadcopter_bringup.egg-info/requires.txt
[1.136s] writing top-level names to ../../build/quadcopter_bringup/quadcopter_bringup.egg-info/top_level.txt
[1.136s] writing manifest file '../../build/quadcopter_bringup/quadcopter_bringup.egg-info/SOURCES.txt'
[1.137s] reading manifest file '../../build/quadcopter_bringup/quadcopter_bringup.egg-info/SOURCES.txt'
[1.137s] writing manifest file '../../build/quadcopter_bringup/quadcopter_bringup.egg-info/SOURCES.txt'
[1.137s] running build
[1.138s] running build_py
[1.138s] creating /home/deepak/gps-denied-vtol/software/build/quadcopter_bringup/build
[1.138s] creating /home/deepak/gps-denied-vtol/software/build/quadcopter_bringup/build/lib
[1.138s] creating /home/deepak/gps-denied-vtol/software/build/quadcopter_bringup/build/lib/quadcopter_bringup
[1.138s] copying quadcopter_bringup/test.py -> /home/deepak/gps-denied-vtol/software/build/quadcopter_bringup/build/lib/quadcopter_bringup
[1.138s] copying quadcopter_bringup/teleop.py -> /home/deepak/gps-denied-vtol/software/build/quadcopter_bringup/build/lib/quadcopter_bringup
[1.138s] copying quadcopter_bringup/__init__.py -> /home/deepak/gps-denied-vtol/software/build/quadcopter_bringup/build/lib/quadcopter_bringup
[1.138s] running install
[1.138s] running install_lib
[1.139s] creating /home/deepak/gps-denied-vtol/software/install/quadcopter_bringup/lib/python3.10/site-packages/quadcopter_bringup
[1.139s] copying /home/deepak/gps-denied-vtol/software/build/quadcopter_bringup/build/lib/quadcopter_bringup/test.py -> /home/deepak/gps-denied-vtol/software/install/quadcopter_bringup/lib/python3.10/site-packages/quadcopter_bringup
[1.139s] copying /home/deepak/gps-denied-vtol/software/build/quadcopter_bringup/build/lib/quadcopter_bringup/teleop.py -> /home/deepak/gps-denied-vtol/software/install/quadcopter_bringup/lib/python3.10/site-packages/quadcopter_bringup
[1.139s] copying /home/deepak/gps-denied-vtol/software/build/quadcopter_bringup/build/lib/quadcopter_bringup/__init__.py -> /home/deepak/gps-denied-vtol/software/install/quadcopter_bringup/lib/python3.10/site-packages/quadcopter_bringup
[1.139s] byte-compiling /home/deepak/gps-denied-vtol/software/install/quadcopter_bringup/lib/python3.10/site-packages/quadcopter_bringup/test.py to test.cpython-310.pyc
[1.139s] byte-compiling /home/deepak/gps-denied-vtol/software/install/quadcopter_bringup/lib/python3.10/site-packages/quadcopter_bringup/teleop.py to teleop.cpython-310.pyc
[1.139s] byte-compiling /home/deepak/gps-denied-vtol/software/install/quadcopter_bringup/lib/python3.10/site-packages/quadcopter_bringup/__init__.py to __init__.cpython-310.pyc
[1.140s] running install_data
[1.140s] creating /home/deepak/gps-denied-vtol/software/install/quadcopter_bringup/share/ament_index
[1.140s] creating /home/deepak/gps-denied-vtol/software/install/quadcopter_bringup/share/ament_index/resource_index
[1.140s] creating /home/deepak/gps-denied-vtol/software/install/quadcopter_bringup/share/ament_index/resource_index/packages
[1.140s] copying resource/quadcopter_bringup -> /home/deepak/gps-denied-vtol/software/install/quadcopter_bringup/share/ament_index/resource_index/packages
[1.140s] copying package.xml -> /home/deepak/gps-denied-vtol/software/install/quadcopter_bringup/share/quadcopter_bringup
[1.140s] running install_egg_info
[1.141s] Copying ../../build/quadcopter_bringup/quadcopter_bringup.egg-info to /home/deepak/gps-denied-vtol/software/install/quadcopter_bringup/lib/python3.10/site-packages/quadcopter_bringup-0.0.0-py3.10.egg-info
[1.141s] running install_scripts
[1.153s] Installing teleop script to /home/deepak/gps-denied-vtol/software/install/quadcopter_bringup/lib/quadcopter_bringup
[1.153s] writing list of installed files to '/home/deepak/gps-denied-vtol/software/build/quadcopter_bringup/install.log'
