[0.015s] Invoking command in '/home/deepak/PX4-Autopilot/ros2_ws/build/explore_lite': CMAKE_PREFIX_PATH=${CMAKE_PREFIX_PATH}:/home/deepak/InterIIT_practice/task_2/turtlebot3_ws/install/turtlebot3_teleop:/home/deepak/InterIIT_practice/task_2/turtlebot3_ws/install/turtlebot3_example:/home/deepak/moveit_ws/install/moveit_configs_utils:/opt/ros/humble /usr/bin/cmake /home/deepak/PX4-Autopilot/ros2_ws/src/m-explore-ros2/explore -DCMAKE_INSTALL_PREFIX=/home/deepak/PX4-Autopilot/ros2_ws/install/explore_lite
[0.028s] -- BuilD for ROS2: humble
[0.028s] -- Found ament_cmake: 1.3.14 (/opt/ros/humble/share/ament_cmake/cmake)
[0.131s] -- Override CMake install command with custom implementation using symlinks instead of copying resources
[0.135s] -- Found rclcpp: 16.0.19 (/opt/ros/humble/share/rclcpp/cmake)
[0.154s] -- Found rosidl_generator_c: 3.1.9 (/opt/ros/humble/share/rosidl_generator_c/cmake)
[0.155s] -- Found rosidl_adapter: 3.1.9 (/opt/ros/humble/share/rosidl_adapter/cmake)
[0.158s] -- Found rosidl_generator_cpp: 3.1.9 (/opt/ros/humble/share/rosidl_generator_cpp/cmake)
[0.166s] -- Using all available rosidl_typesupport_c: rosidl_typesupport_fastrtps_c;rosidl_typesupport_introspection_c
[0.176s] -- Using all available rosidl_typesupport_cpp: rosidl_typesupport_fastrtps_cpp;rosidl_typesupport_introspection_cpp
[0.197s] -- Found rmw_implementation_cmake: 6.1.2 (/opt/ros/humble/share/rmw_implementation_cmake/cmake)
[0.200s] -- Found rmw_cyclonedds_cpp: 1.3.4 (/opt/ros/humble/share/rmw_cyclonedds_cpp/cmake)
[0.212s] -- Using RMW implementation 'rmw_cyclonedds_cpp' as default
[0.240s] -- Found sensor_msgs: 4.9.1 (/opt/ros/humble/share/sensor_msgs/cmake)
[0.256s] -- Found tf2_ros: 0.25.20 (/opt/ros/humble/share/tf2_ros/cmake)
[0.301s] -- Found tf2_geometry_msgs: 0.25.20 (/opt/ros/humble/share/tf2_geometry_msgs/cmake)
[0.302s] -- Found eigen3_cmake_module: 0.1.1 (/opt/ros/humble/share/eigen3_cmake_module/cmake)
[0.303s] -- Ensuring Eigen3 include directory is part of orocos-kdl CMake target
[0.304s] -- Found nav2_msgs: 1.1.20 (/opt/ros/humble/share/nav2_msgs/cmake)
[0.326s] -- Found map_msgs: 2.1.0 (/opt/ros/humble/share/map_msgs/cmake)
[0.336s] -- Found visualization_msgs: 4.9.1 (/opt/ros/humble/share/visualization_msgs/cmake)
[0.346s] -- Found nav2_costmap_2d: 1.1.20 (/opt/ros/humble/share/nav2_costmap_2d/cmake)
[0.449s] -- Found ament_lint_auto: 0.12.15 (/opt/ros/humble/share/ament_lint_auto/cmake)
[0.519s] -- Found ament_cmake_gtest: 1.3.14 (/opt/ros/humble/share/ament_cmake_gtest/cmake)
[0.519s] -- Found gtest sources under '/opt/ros/humble/src/gtest_vendor': C++ tests using 'Google Test' will be built
[0.558s] -- Added test 'cppcheck' to perform static code analysis on C / C++ code
[0.558s] -- Configured cppcheck include dirs: /home/deepak/PX4-Autopilot/ros2_ws/src/m-explore-ros2/explore/include;$<BUILD_INTERFACE:/home/deepak/PX4-Autopilot/ros2_ws/src/m-explore-ros2/explore/include>
[0.558s] -- Configured cppcheck exclude dirs and/or files: 
[0.558s] -- Added test 'flake8' to check Python code syntax and style conventions
[0.559s] -- Added test 'lint_cmake' to check CMake code style
[0.559s] -- Added test 'pep257' to check Python code against some of the docstring style conventions in PEP 257
[0.559s] -- Added test 'uncrustify' to check C / C++ code style
[0.559s] -- Configured uncrustify additional arguments: 
[0.560s] -- Added test 'xmllint' to check XML markup files
[0.560s] -- Configuring done
[0.622s] -- Generating done
[0.629s] -- Build files have been written to: /home/deepak/PX4-Autopilot/ros2_ws/build/explore_lite
[0.637s] Invoked command in '/home/deepak/PX4-Autopilot/ros2_ws/build/explore_lite' returned '0': CMAKE_PREFIX_PATH=${CMAKE_PREFIX_PATH}:/home/deepak/InterIIT_practice/task_2/turtlebot3_ws/install/turtlebot3_teleop:/home/deepak/InterIIT_practice/task_2/turtlebot3_ws/install/turtlebot3_example:/home/deepak/moveit_ws/install/moveit_configs_utils:/opt/ros/humble /usr/bin/cmake /home/deepak/PX4-Autopilot/ros2_ws/src/m-explore-ros2/explore -DCMAKE_INSTALL_PREFIX=/home/deepak/PX4-Autopilot/ros2_ws/install/explore_lite
[0.639s] Invoking command in '/home/deepak/PX4-Autopilot/ros2_ws/build/explore_lite': CMAKE_PREFIX_PATH=${CMAKE_PREFIX_PATH}:/home/deepak/InterIIT_practice/task_2/turtlebot3_ws/install/turtlebot3_teleop:/home/deepak/InterIIT_practice/task_2/turtlebot3_ws/install/turtlebot3_example:/home/deepak/moveit_ws/install/moveit_configs_utils:/opt/ros/humble /usr/bin/cmake --build /home/deepak/PX4-Autopilot/ros2_ws/build/explore_lite -- -j20 -l20
[0.684s] [35m[1mConsolidate compiler generated dependencies of target gtest_main[0m
[0.684s] [35m[1mConsolidate compiler generated dependencies of target gtest[0m
[0.686s] [35m[1mConsolidate compiler generated dependencies of target explore[0m
[0.697s] [ 20%] Built target gtest_main
[0.698s] [ 40%] Built target gtest
[0.707s] [ 80%] Built target explore
[0.708s] [35m[1mConsolidate compiler generated dependencies of target test_explore[0m
[0.722s] [100%] Built target test_explore
[0.731s] Invoked command in '/home/deepak/PX4-Autopilot/ros2_ws/build/explore_lite' returned '0': CMAKE_PREFIX_PATH=${CMAKE_PREFIX_PATH}:/home/deepak/InterIIT_practice/task_2/turtlebot3_ws/install/turtlebot3_teleop:/home/deepak/InterIIT_practice/task_2/turtlebot3_ws/install/turtlebot3_example:/home/deepak/moveit_ws/install/moveit_configs_utils:/opt/ros/humble /usr/bin/cmake --build /home/deepak/PX4-Autopilot/ros2_ws/build/explore_lite -- -j20 -l20
[0.740s] Invoking command in '/home/deepak/PX4-Autopilot/ros2_ws/build/explore_lite': CMAKE_PREFIX_PATH=${CMAKE_PREFIX_PATH}:/home/deepak/InterIIT_practice/task_2/turtlebot3_ws/install/turtlebot3_teleop:/home/deepak/InterIIT_practice/task_2/turtlebot3_ws/install/turtlebot3_example:/home/deepak/moveit_ws/install/moveit_configs_utils:/opt/ros/humble /usr/bin/cmake --install /home/deepak/PX4-Autopilot/ros2_ws/build/explore_lite
[0.746s] -- Install configuration: ""
[0.746s] -- Execute custom install script
[0.746s] -- Up-to-date symlink: /home/deepak/PX4-Autopilot/ros2_ws/install/explore_lite/include/explore//costmap_client.h
[0.746s] -- Up-to-date symlink: /home/deepak/PX4-Autopilot/ros2_ws/install/explore_lite/include/explore//costmap_tools.h
[0.746s] -- Up-to-date symlink: /home/deepak/PX4-Autopilot/ros2_ws/install/explore_lite/include/explore//explore.h
[0.746s] -- Up-to-date symlink: /home/deepak/PX4-Autopilot/ros2_ws/install/explore_lite/include/explore//frontier_search.h
[0.746s] -- Up-to-date symlink: /home/deepak/PX4-Autopilot/ros2_ws/install/explore_lite/share/explore_lite/config/params.yaml
[0.746s] -- Up-to-date symlink: /home/deepak/PX4-Autopilot/ros2_ws/install/explore_lite/share/explore_lite/config/params_costmap.yaml
[0.747s] -- Up-to-date symlink: /home/deepak/PX4-Autopilot/ros2_ws/install/explore_lite/share/explore_lite/launch/explore.launch.py
[0.747s] -- Up-to-date symlink: /home/deepak/PX4-Autopilot/ros2_ws/install/explore_lite/lib/explore_lite/explore
[0.747s] -- Up-to-date symlink: /home/deepak/PX4-Autopilot/ros2_ws/install/explore_lite/share/ament_index/resource_index/package_run_dependencies/explore_lite
[0.747s] -- Up-to-date symlink: /home/deepak/PX4-Autopilot/ros2_ws/install/explore_lite/share/ament_index/resource_index/parent_prefix_path/explore_lite
[0.747s] -- Up-to-date symlink: /home/deepak/PX4-Autopilot/ros2_ws/install/explore_lite/share/explore_lite/environment/ament_prefix_path.sh
[0.747s] -- Up-to-date symlink: /home/deepak/PX4-Autopilot/ros2_ws/install/explore_lite/share/explore_lite/environment/ament_prefix_path.dsv
[0.747s] -- Up-to-date symlink: /home/deepak/PX4-Autopilot/ros2_ws/install/explore_lite/share/explore_lite/environment/path.sh
[0.747s] -- Up-to-date symlink: /home/deepak/PX4-Autopilot/ros2_ws/install/explore_lite/share/explore_lite/environment/path.dsv
[0.748s] -- Up-to-date symlink: /home/deepak/PX4-Autopilot/ros2_ws/install/explore_lite/share/explore_lite/local_setup.bash
[0.748s] -- Up-to-date symlink: /home/deepak/PX4-Autopilot/ros2_ws/install/explore_lite/share/explore_lite/local_setup.sh
[0.748s] -- Up-to-date symlink: /home/deepak/PX4-Autopilot/ros2_ws/install/explore_lite/share/explore_lite/local_setup.zsh
[0.748s] -- Up-to-date symlink: /home/deepak/PX4-Autopilot/ros2_ws/install/explore_lite/share/explore_lite/local_setup.dsv
[0.748s] -- Symlinking: /home/deepak/PX4-Autopilot/ros2_ws/install/explore_lite/share/explore_lite/package.dsv
[0.759s] -- Up-to-date symlink: /home/deepak/PX4-Autopilot/ros2_ws/install/explore_lite/share/ament_index/resource_index/packages/explore_lite
[0.759s] -- Up-to-date symlink: /home/deepak/PX4-Autopilot/ros2_ws/install/explore_lite/share/explore_lite/cmake/ament_cmake_export_include_directories-extras.cmake
[0.759s] -- Up-to-date symlink: /home/deepak/PX4-Autopilot/ros2_ws/install/explore_lite/share/explore_lite/cmake/explore_liteConfig.cmake
[0.759s] -- Up-to-date symlink: /home/deepak/PX4-Autopilot/ros2_ws/install/explore_lite/share/explore_lite/cmake/explore_liteConfig-version.cmake
[0.759s] -- Up-to-date symlink: /home/deepak/PX4-Autopilot/ros2_ws/install/explore_lite/share/explore_lite/package.xml
[0.760s] Invoked command in '/home/deepak/PX4-Autopilot/ros2_ws/build/explore_lite' returned '0': CMAKE_PREFIX_PATH=${CMAKE_PREFIX_PATH}:/home/deepak/InterIIT_practice/task_2/turtlebot3_ws/install/turtlebot3_teleop:/home/deepak/InterIIT_practice/task_2/turtlebot3_ws/install/turtlebot3_example:/home/deepak/moveit_ws/install/moveit_configs_utils:/opt/ros/humble /usr/bin/cmake --install /home/deepak/PX4-Autopilot/ros2_ws/build/explore_lite
