running egg_info
creating ../../../build/quadcopter_mapping/quadcopter_mapping.egg-info
writing ../../../build/quadcopter_mapping/quadcopter_mapping.egg-info/PKG-INFO
writing dependency_links to ../../../build/quadcopter_mapping/quadcopter_mapping.egg-info/dependency_links.txt
writing entry points to ../../../build/quadcopter_mapping/quadcopter_mapping.egg-info/entry_points.txt
writing requirements to ../../../build/quadcopter_mapping/quadcopter_mapping.egg-info/requires.txt
writing top-level names to ../../../build/quadcopter_mapping/quadcopter_mapping.egg-info/top_level.txt
writing manifest file '../../../build/quadcopter_mapping/quadcopter_mapping.egg-info/SOURCES.txt'
reading manifest file '../../../build/quadcopter_mapping/quadcopter_mapping.egg-info/SOURCES.txt'
writing manifest file '../../../build/quadcopter_mapping/quadcopter_mapping.egg-info/SOURCES.txt'
running build
running build_py
creating /home/deepak/gps-denied-vtol/build/quadcopter_mapping/build
creating /home/deepak/gps-denied-vtol/build/quadcopter_mapping/build/lib
creating /home/deepak/gps-denied-vtol/build/quadcopter_mapping/build/lib/quadcopter_mapping
copying quadcopter_mapping/__init__.py -> /home/deepak/gps-denied-vtol/build/quadcopter_mapping/build/lib/quadcopter_mapping
running install
running install_lib
creating /home/deepak/gps-denied-vtol/install/quadcopter_mapping/lib/python3.10/site-packages/quadcopter_mapping
copying /home/deepak/gps-denied-vtol/build/quadcopter_mapping/build/lib/quadcopter_mapping/__init__.py -> /home/deepak/gps-denied-vtol/install/quadcopter_mapping/lib/python3.10/site-packages/quadcopter_mapping
byte-compiling /home/deepak/gps-denied-vtol/install/quadcopter_mapping/lib/python3.10/site-packages/quadcopter_mapping/__init__.py to __init__.cpython-310.pyc
running install_data
creating /home/deepak/gps-denied-vtol/install/quadcopter_mapping/share/ament_index
creating /home/deepak/gps-denied-vtol/install/quadcopter_mapping/share/ament_index/resource_index
creating /home/deepak/gps-denied-vtol/install/quadcopter_mapping/share/ament_index/resource_index/packages
copying resource/quadcopter_mapping -> /home/deepak/gps-denied-vtol/install/quadcopter_mapping/share/ament_index/resource_index/packages
copying package.xml -> /home/deepak/gps-denied-vtol/install/quadcopter_mapping/share/quadcopter_mapping
running install_egg_info
Copying ../../../build/quadcopter_mapping/quadcopter_mapping.egg-info to /home/deepak/gps-denied-vtol/install/quadcopter_mapping/lib/python3.10/site-packages/quadcopter_mapping-0.0.0-py3.10.egg-info
running install_scripts
writing list of installed files to '/home/deepak/gps-denied-vtol/build/quadcopter_mapping/install.log'
