[0.916s] Invoking command in '/home/deepak/gps-denied-vtol/software/src/quadcopter_mapping': PYTHONPATH=/home/deepak/gps-denied-vtol/build/quadcopter_mapping/prefix_override:/usr/lib/python3/dist-packages/colcon_core/task/python/colcon_distutils_commands:/home/deepak/gps-denied-vtol/install/quadcopter_mapping/lib/python3.10/site-packages:${PYTHONPATH} /usr/bin/python3 -W ignore:setup.py install is deprecated -W ignore:easy_install command is deprecated setup.py egg_info --egg-base ../../../build/quadcopter_mapping build --build-base /home/deepak/gps-denied-vtol/build/quadcopter_mapping/build install --record /home/deepak/gps-denied-vtol/build/quadcopter_mapping/install.log --install-scripts $base/lib/quadcopter_mapping --single-version-externally-managed install_data
[1.067s] running egg_info
[1.067s] creating ../../../build/quadcopter_mapping/quadcopter_mapping.egg-info
[1.067s] writing ../../../build/quadcopter_mapping/quadcopter_mapping.egg-info/PKG-INFO
[1.068s] writing dependency_links to ../../../build/quadcopter_mapping/quadcopter_mapping.egg-info/dependency_links.txt
[1.068s] writing entry points to ../../../build/quadcopter_mapping/quadcopter_mapping.egg-info/entry_points.txt
[1.068s] writing requirements to ../../../build/quadcopter_mapping/quadcopter_mapping.egg-info/requires.txt
[1.068s] writing top-level names to ../../../build/quadcopter_mapping/quadcopter_mapping.egg-info/top_level.txt
[1.068s] writing manifest file '../../../build/quadcopter_mapping/quadcopter_mapping.egg-info/SOURCES.txt'
[1.069s] reading manifest file '../../../build/quadcopter_mapping/quadcopter_mapping.egg-info/SOURCES.txt'
[1.069s] writing manifest file '../../../build/quadcopter_mapping/quadcopter_mapping.egg-info/SOURCES.txt'
[1.069s] running build
[1.069s] running build_py
[1.069s] creating /home/deepak/gps-denied-vtol/build/quadcopter_mapping/build
[1.069s] creating /home/deepak/gps-denied-vtol/build/quadcopter_mapping/build/lib
[1.069s] creating /home/deepak/gps-denied-vtol/build/quadcopter_mapping/build/lib/quadcopter_mapping
[1.069s] copying quadcopter_mapping/__init__.py -> /home/deepak/gps-denied-vtol/build/quadcopter_mapping/build/lib/quadcopter_mapping
[1.069s] running install
[1.069s] running install_lib
[1.070s] creating /home/deepak/gps-denied-vtol/install/quadcopter_mapping/lib/python3.10/site-packages/quadcopter_mapping
[1.070s] copying /home/deepak/gps-denied-vtol/build/quadcopter_mapping/build/lib/quadcopter_mapping/__init__.py -> /home/deepak/gps-denied-vtol/install/quadcopter_mapping/lib/python3.10/site-packages/quadcopter_mapping
[1.070s] byte-compiling /home/deepak/gps-denied-vtol/install/quadcopter_mapping/lib/python3.10/site-packages/quadcopter_mapping/__init__.py to __init__.cpython-310.pyc
[1.070s] running install_data
[1.070s] creating /home/deepak/gps-denied-vtol/install/quadcopter_mapping/share/ament_index
[1.070s] creating /home/deepak/gps-denied-vtol/install/quadcopter_mapping/share/ament_index/resource_index
[1.070s] creating /home/deepak/gps-denied-vtol/install/quadcopter_mapping/share/ament_index/resource_index/packages
[1.070s] copying resource/quadcopter_mapping -> /home/deepak/gps-denied-vtol/install/quadcopter_mapping/share/ament_index/resource_index/packages
[1.070s] copying package.xml -> /home/deepak/gps-denied-vtol/install/quadcopter_mapping/share/quadcopter_mapping
[1.070s] running install_egg_info
[1.071s] Copying ../../../build/quadcopter_mapping/quadcopter_mapping.egg-info to /home/deepak/gps-denied-vtol/install/quadcopter_mapping/lib/python3.10/site-packages/quadcopter_mapping-0.0.0-py3.10.egg-info
[1.072s] running install_scripts
[1.084s] writing list of installed files to '/home/deepak/gps-denied-vtol/build/quadcopter_mapping/install.log'
