running egg_info
creating ../../../build/quadcopter_bringup/quadcopter_bringup.egg-info
writing ../../../build/quadcopter_bringup/quadcopter_bringup.egg-info/PKG-INFO
writing dependency_links to ../../../build/quadcopter_bringup/quadcopter_bringup.egg-info/dependency_links.txt
writing entry points to ../../../build/quadcopter_bringup/quadcopter_bringup.egg-info/entry_points.txt
writing requirements to ../../../build/quadcopter_bringup/quadcopter_bringup.egg-info/requires.txt
writing top-level names to ../../../build/quadcopter_bringup/quadcopter_bringup.egg-info/top_level.txt
writing manifest file '../../../build/quadcopter_bringup/quadcopter_bringup.egg-info/SOURCES.txt'
reading manifest file '../../../build/quadcopter_bringup/quadcopter_bringup.egg-info/SOURCES.txt'
writing manifest file '../../../build/quadcopter_bringup/quadcopter_bringup.egg-info/SOURCES.txt'
running build
running build_py
creating /home/deepak/gps-denied-vtol/build/quadcopter_bringup/build
creating /home/deepak/gps-denied-vtol/build/quadcopter_bringup/build/lib
creating /home/deepak/gps-denied-vtol/build/quadcopter_bringup/build/lib/quadcopter_bringup
copying quadcopter_bringup/test.py -> /home/deepak/gps-denied-vtol/build/quadcopter_bringup/build/lib/quadcopter_bringup
copying quadcopter_bringup/teleop.py -> /home/deepak/gps-denied-vtol/build/quadcopter_bringup/build/lib/quadcopter_bringup
copying quadcopter_bringup/__init__.py -> /home/deepak/gps-denied-vtol/build/quadcopter_bringup/build/lib/quadcopter_bringup
running install
running install_lib
creating /home/deepak/gps-denied-vtol/install/quadcopter_bringup/lib/python3.10/site-packages/quadcopter_bringup
copying /home/deepak/gps-denied-vtol/build/quadcopter_bringup/build/lib/quadcopter_bringup/test.py -> /home/deepak/gps-denied-vtol/install/quadcopter_bringup/lib/python3.10/site-packages/quadcopter_bringup
copying /home/deepak/gps-denied-vtol/build/quadcopter_bringup/build/lib/quadcopter_bringup/teleop.py -> /home/deepak/gps-denied-vtol/install/quadcopter_bringup/lib/python3.10/site-packages/quadcopter_bringup
copying /home/deepak/gps-denied-vtol/build/quadcopter_bringup/build/lib/quadcopter_bringup/__init__.py -> /home/deepak/gps-denied-vtol/install/quadcopter_bringup/lib/python3.10/site-packages/quadcopter_bringup
byte-compiling /home/deepak/gps-denied-vtol/install/quadcopter_bringup/lib/python3.10/site-packages/quadcopter_bringup/test.py to test.cpython-310.pyc
byte-compiling /home/deepak/gps-denied-vtol/install/quadcopter_bringup/lib/python3.10/site-packages/quadcopter_bringup/teleop.py to teleop.cpython-310.pyc
byte-compiling /home/deepak/gps-denied-vtol/install/quadcopter_bringup/lib/python3.10/site-packages/quadcopter_bringup/__init__.py to __init__.cpython-310.pyc
running install_data
creating /home/deepak/gps-denied-vtol/install/quadcopter_bringup/share/ament_index
creating /home/deepak/gps-denied-vtol/install/quadcopter_bringup/share/ament_index/resource_index
creating /home/deepak/gps-denied-vtol/install/quadcopter_bringup/share/ament_index/resource_index/packages
copying resource/quadcopter_bringup -> /home/deepak/gps-denied-vtol/install/quadcopter_bringup/share/ament_index/resource_index/packages
copying package.xml -> /home/deepak/gps-denied-vtol/install/quadcopter_bringup/share/quadcopter_bringup
running install_egg_info
Copying ../../../build/quadcopter_bringup/quadcopter_bringup.egg-info to /home/deepak/gps-denied-vtol/install/quadcopter_bringup/lib/python3.10/site-packages/quadcopter_bringup-0.0.0-py3.10.egg-info
running install_scripts
Installing teleop script to /home/deepak/gps-denied-vtol/install/quadcopter_bringup/lib/quadcopter_bringup
writing list of installed files to '/home/deepak/gps-denied-vtol/build/quadcopter_bringup/install.log'
