[0.935s] Invoking command in '/home/deepak/gps-denied-vtol/software/src/quadcopter_bringup': PYTHONPATH=/home/deepak/gps-denied-vtol/build/quadcopter_bringup/prefix_override:/usr/lib/python3/dist-packages/colcon_core/task/python/colcon_distutils_commands:/home/deepak/gps-denied-vtol/install/quadcopter_bringup/lib/python3.10/site-packages:${PYTHONPATH} /usr/bin/python3 -W ignore:setup.py install is deprecated -W ignore:easy_install command is deprecated setup.py egg_info --egg-base ../../../build/quadcopter_bringup build --build-base /home/deepak/gps-denied-vtol/build/quadcopter_bringup/build install --record /home/deepak/gps-denied-vtol/build/quadcopter_bringup/install.log --install-scripts $base/lib/quadcopter_bringup --single-version-externally-managed install_data
[1.083s] running egg_info
[1.084s] creating ../../../build/quadcopter_bringup/quadcopter_bringup.egg-info
[1.084s] writing ../../../build/quadcopter_bringup/quadcopter_bringup.egg-info/PKG-INFO
[1.084s] writing dependency_links to ../../../build/quadcopter_bringup/quadcopter_bringup.egg-info/dependency_links.txt
[1.084s] writing entry points to ../../../build/quadcopter_bringup/quadcopter_bringup.egg-info/entry_points.txt
[1.084s] writing requirements to ../../../build/quadcopter_bringup/quadcopter_bringup.egg-info/requires.txt
[1.084s] writing top-level names to ../../../build/quadcopter_bringup/quadcopter_bringup.egg-info/top_level.txt
[1.084s] writing manifest file '../../../build/quadcopter_bringup/quadcopter_bringup.egg-info/SOURCES.txt'
[1.085s] reading manifest file '../../../build/quadcopter_bringup/quadcopter_bringup.egg-info/SOURCES.txt'
[1.085s] writing manifest file '../../../build/quadcopter_bringup/quadcopter_bringup.egg-info/SOURCES.txt'
[1.085s] running build
[1.085s] running build_py
[1.085s] creating /home/deepak/gps-denied-vtol/build/quadcopter_bringup/build
[1.085s] creating /home/deepak/gps-denied-vtol/build/quadcopter_bringup/build/lib
[1.085s] creating /home/deepak/gps-denied-vtol/build/quadcopter_bringup/build/lib/quadcopter_bringup
[1.085s] copying quadcopter_bringup/test.py -> /home/deepak/gps-denied-vtol/build/quadcopter_bringup/build/lib/quadcopter_bringup
[1.085s] copying quadcopter_bringup/teleop.py -> /home/deepak/gps-denied-vtol/build/quadcopter_bringup/build/lib/quadcopter_bringup
[1.085s] copying quadcopter_bringup/__init__.py -> /home/deepak/gps-denied-vtol/build/quadcopter_bringup/build/lib/quadcopter_bringup
[1.086s] running install
[1.086s] running install_lib
[1.086s] creating /home/deepak/gps-denied-vtol/install/quadcopter_bringup/lib/python3.10/site-packages/quadcopter_bringup
[1.086s] copying /home/deepak/gps-denied-vtol/build/quadcopter_bringup/build/lib/quadcopter_bringup/test.py -> /home/deepak/gps-denied-vtol/install/quadcopter_bringup/lib/python3.10/site-packages/quadcopter_bringup
[1.086s] copying /home/deepak/gps-denied-vtol/build/quadcopter_bringup/build/lib/quadcopter_bringup/teleop.py -> /home/deepak/gps-denied-vtol/install/quadcopter_bringup/lib/python3.10/site-packages/quadcopter_bringup
[1.086s] copying /home/deepak/gps-denied-vtol/build/quadcopter_bringup/build/lib/quadcopter_bringup/__init__.py -> /home/deepak/gps-denied-vtol/install/quadcopter_bringup/lib/python3.10/site-packages/quadcopter_bringup
[1.087s] byte-compiling /home/deepak/gps-denied-vtol/install/quadcopter_bringup/lib/python3.10/site-packages/quadcopter_bringup/test.py to test.cpython-310.pyc
[1.087s] byte-compiling /home/deepak/gps-denied-vtol/install/quadcopter_bringup/lib/python3.10/site-packages/quadcopter_bringup/teleop.py to teleop.cpython-310.pyc
[1.087s] byte-compiling /home/deepak/gps-denied-vtol/install/quadcopter_bringup/lib/python3.10/site-packages/quadcopter_bringup/__init__.py to __init__.cpython-310.pyc
[1.087s] running install_data
[1.087s] creating /home/deepak/gps-denied-vtol/install/quadcopter_bringup/share/ament_index
[1.088s] creating /home/deepak/gps-denied-vtol/install/quadcopter_bringup/share/ament_index/resource_index
[1.088s] creating /home/deepak/gps-denied-vtol/install/quadcopter_bringup/share/ament_index/resource_index/packages
[1.088s] copying resource/quadcopter_bringup -> /home/deepak/gps-denied-vtol/install/quadcopter_bringup/share/ament_index/resource_index/packages
[1.088s] copying package.xml -> /home/deepak/gps-denied-vtol/install/quadcopter_bringup/share/quadcopter_bringup
[1.088s] running install_egg_info
[1.089s] Copying ../../../build/quadcopter_bringup/quadcopter_bringup.egg-info to /home/deepak/gps-denied-vtol/install/quadcopter_bringup/lib/python3.10/site-packages/quadcopter_bringup-0.0.0-py3.10.egg-info
[1.089s] running install_scripts
[1.102s] Installing teleop script to /home/deepak/gps-denied-vtol/install/quadcopter_bringup/lib/quadcopter_bringup
[1.102s] writing list of installed files to '/home/deepak/gps-denied-vtol/build/quadcopter_bringup/install.log'
