running egg_info
writing ../../build/quadcopter_bringup/quadcopter_bringup.egg-info/PKG-INFO
writing dependency_links to ../../build/quadcopter_bringup/quadcopter_bringup.egg-info/dependency_links.txt
writing entry points to ../../build/quadcopter_bringup/quadcopter_bringup.egg-info/entry_points.txt
writing requirements to ../../build/quadcopter_bringup/quadcopter_bringup.egg-info/requires.txt
writing top-level names to ../../build/quadcopter_bringup/quadcopter_bringup.egg-info/top_level.txt
reading manifest file '../../build/quadcopter_bringup/quadcopter_bringup.egg-info/SOURCES.txt'
writing manifest file '../../build/quadcopter_bringup/quadcopter_bringup.egg-info/SOURCES.txt'
running build
running build_py
copying quadcopter_bringup/teleop.py -> /home/deepak/gps-denied-vtol/software/build/quadcopter_bringup/build/lib/quadcopter_bringup
running install
running install_lib
copying /home/deepak/gps-denied-vtol/software/build/quadcopter_bringup/build/lib/quadcopter_bringup/teleop.py -> /home/deepak/gps-denied-vtol/software/install/quadcopter_bringup/lib/python3.10/site-packages/quadcopter_bringup
byte-compiling /home/deepak/gps-denied-vtol/software/install/quadcopter_bringup/lib/python3.10/site-packages/quadcopter_bringup/teleop.py to teleop.cpython-310.pyc
running install_data
running install_egg_info
removing '/home/deepak/gps-denied-vtol/software/install/quadcopter_bringup/lib/python3.10/site-packages/quadcopter_bringup-0.0.0-py3.10.egg-info' (and everything under it)
Copying ../../build/quadcopter_bringup/quadcopter_bringup.egg-info to /home/deepak/gps-denied-vtol/software/install/quadcopter_bringup/lib/python3.10/site-packages/quadcopter_bringup-0.0.0-py3.10.egg-info
running install_scripts
Installing teleop script to /home/deepak/gps-denied-vtol/software/install/quadcopter_bringup/lib/quadcopter_bringup
writing list of installed files to '/home/deepak/gps-denied-vtol/software/build/quadcopter_bringup/install.log'
