[0.981s] Invoking command in '/home/deepak/gps-denied-vtol/software/src/quadcopter_perception': PYTHONPATH=/home/deepak/gps-denied-vtol/software/build/quadcopter_perception/prefix_override:/usr/lib/python3/dist-packages/colcon_core/task/python/colcon_distutils_commands:/home/deepak/gps-denied-vtol/software/install/quadcopter_perception/lib/python3.10/site-packages:${PYTHONPATH} /usr/bin/python3 -W ignore:setup.py install is deprecated -W ignore:easy_install command is deprecated setup.py egg_info --egg-base ../../build/quadcopter_perception build --build-base /home/deepak/gps-denied-vtol/software/build/quadcopter_perception/build install --record /home/deepak/gps-denied-vtol/software/build/quadcopter_perception/install.log --install-scripts $base/lib/quadcopter_perception --single-version-externally-managed install_data
[1.159s] running egg_info
[1.159s] creating ../../build/quadcopter_perception/quadcopter_perception.egg-info
[1.159s] writing ../../build/quadcopter_perception/quadcopter_perception.egg-info/PKG-INFO
[1.159s] writing dependency_links to ../../build/quadcopter_perception/quadcopter_perception.egg-info/dependency_links.txt
[1.159s] writing entry points to ../../build/quadcopter_perception/quadcopter_perception.egg-info/entry_points.txt
[1.159s] writing requirements to ../../build/quadcopter_perception/quadcopter_perception.egg-info/requires.txt
[1.159s] writing top-level names to ../../build/quadcopter_perception/quadcopter_perception.egg-info/top_level.txt
[1.159s] writing manifest file '../../build/quadcopter_perception/quadcopter_perception.egg-info/SOURCES.txt'
[1.160s] reading manifest file '../../build/quadcopter_perception/quadcopter_perception.egg-info/SOURCES.txt'
[1.161s] writing manifest file '../../build/quadcopter_perception/quadcopter_perception.egg-info/SOURCES.txt'
[1.161s] running build
[1.161s] running build_py
[1.161s] creating /home/deepak/gps-denied-vtol/software/build/quadcopter_perception/build
[1.161s] creating /home/deepak/gps-denied-vtol/software/build/quadcopter_perception/build/lib
[1.161s] creating /home/deepak/gps-denied-vtol/software/build/quadcopter_perception/build/lib/quadcopter_perception
[1.161s] copying quadcopter_perception/__init__.py -> /home/deepak/gps-denied-vtol/software/build/quadcopter_perception/build/lib/quadcopter_perception
[1.161s] running install
[1.161s] running install_lib
[1.161s] creating /home/deepak/gps-denied-vtol/software/install/quadcopter_perception/lib/python3.10/site-packages/quadcopter_perception
[1.162s] copying /home/deepak/gps-denied-vtol/software/build/quadcopter_perception/build/lib/quadcopter_perception/__init__.py -> /home/deepak/gps-denied-vtol/software/install/quadcopter_perception/lib/python3.10/site-packages/quadcopter_perception
[1.162s] byte-compiling /home/deepak/gps-denied-vtol/software/install/quadcopter_perception/lib/python3.10/site-packages/quadcopter_perception/__init__.py to __init__.cpython-310.pyc
[1.162s] running install_data
[1.162s] creating /home/deepak/gps-denied-vtol/software/install/quadcopter_perception/share/ament_index
[1.162s] creating /home/deepak/gps-denied-vtol/software/install/quadcopter_perception/share/ament_index/resource_index
[1.162s] creating /home/deepak/gps-denied-vtol/software/install/quadcopter_perception/share/ament_index/resource_index/packages
[1.162s] copying resource/quadcopter_perception -> /home/deepak/gps-denied-vtol/software/install/quadcopter_perception/share/ament_index/resource_index/packages
[1.162s] copying package.xml -> /home/deepak/gps-denied-vtol/software/install/quadcopter_perception/share/quadcopter_perception
[1.162s] running install_egg_info
[1.163s] Copying ../../build/quadcopter_perception/quadcopter_perception.egg-info to /home/deepak/gps-denied-vtol/software/install/quadcopter_perception/lib/python3.10/site-packages/quadcopter_perception-0.0.0-py3.10.egg-info
[1.164s] running install_scripts
[1.177s] writing list of installed files to '/home/deepak/gps-denied-vtol/software/build/quadcopter_perception/install.log'
