running egg_info
creating ../../../build/quadcopter_perception/quadcopter_perception.egg-info
writing ../../../build/quadcopter_perception/quadcopter_perception.egg-info/PKG-INFO
writing dependency_links to ../../../build/quadcopter_perception/quadcopter_perception.egg-info/dependency_links.txt
writing entry points to ../../../build/quadcopter_perception/quadcopter_perception.egg-info/entry_points.txt
writing requirements to ../../../build/quadcopter_perception/quadcopter_perception.egg-info/requires.txt
writing top-level names to ../../../build/quadcopter_perception/quadcopter_perception.egg-info/top_level.txt
writing manifest file '../../../build/quadcopter_perception/quadcopter_perception.egg-info/SOURCES.txt'
reading manifest file '../../../build/quadcopter_perception/quadcopter_perception.egg-info/SOURCES.txt'
writing manifest file '../../../build/quadcopter_perception/quadcopter_perception.egg-info/SOURCES.txt'
running build
running build_py
creating /home/deepak/gps-denied-vtol/build/quadcopter_perception/build
creating /home/deepak/gps-denied-vtol/build/quadcopter_perception/build/lib
creating /home/deepak/gps-denied-vtol/build/quadcopter_perception/build/lib/quadcopter_perception
copying quadcopter_perception/__init__.py -> /home/deepak/gps-denied-vtol/build/quadcopter_perception/build/lib/quadcopter_perception
running install
running install_lib
creating /home/deepak/gps-denied-vtol/install/quadcopter_perception/lib/python3.10/site-packages/quadcopter_perception
copying /home/deepak/gps-denied-vtol/build/quadcopter_perception/build/lib/quadcopter_perception/__init__.py -> /home/deepak/gps-denied-vtol/install/quadcopter_perception/lib/python3.10/site-packages/quadcopter_perception
byte-compiling /home/deepak/gps-denied-vtol/install/quadcopter_perception/lib/python3.10/site-packages/quadcopter_perception/__init__.py to __init__.cpython-310.pyc
running install_data
creating /home/deepak/gps-denied-vtol/install/quadcopter_perception/share/ament_index
creating /home/deepak/gps-denied-vtol/install/quadcopter_perception/share/ament_index/resource_index
creating /home/deepak/gps-denied-vtol/install/quadcopter_perception/share/ament_index/resource_index/packages
copying resource/quadcopter_perception -> /home/deepak/gps-denied-vtol/install/quadcopter_perception/share/ament_index/resource_index/packages
copying package.xml -> /home/deepak/gps-denied-vtol/install/quadcopter_perception/share/quadcopter_perception
running install_egg_info
Copying ../../../build/quadcopter_perception/quadcopter_perception.egg-info to /home/deepak/gps-denied-vtol/install/quadcopter_perception/lib/python3.10/site-packages/quadcopter_perception-0.0.0-py3.10.egg-info
running install_scripts
writing list of installed files to '/home/deepak/gps-denied-vtol/build/quadcopter_perception/install.log'
