[0.921s] Invoking command in '/home/deepak/gps-denied-vtol/software/src/quadcopter_perception': PYTHONPATH=/home/deepak/gps-denied-vtol/software/build/quadcopter_perception/prefix_override:/usr/lib/python3/dist-packages/colcon_core/task/python/colcon_distutils_commands:/home/deepak/gps-denied-vtol/software/install/quadcopter_perception/lib/python3.10/site-packages:${PYTHONPATH} /usr/bin/python3 -W ignore:setup.py install is deprecated -W ignore:easy_install command is deprecated setup.py egg_info --egg-base ../../build/quadcopter_perception build --build-base /home/deepak/gps-denied-vtol/software/build/quadcopter_perception/build install --record /home/deepak/gps-denied-vtol/software/build/quadcopter_perception/install.log --install-scripts $base/lib/quadcopter_perception --single-version-externally-managed install_data
[1.074s] running egg_info
[1.074s] writing ../../build/quadcopter_perception/quadcopter_perception.egg-info/PKG-INFO
[1.074s] writing dependency_links to ../../build/quadcopter_perception/quadcopter_perception.egg-info/dependency_links.txt
[1.074s] writing entry points to ../../build/quadcopter_perception/quadcopter_perception.egg-info/entry_points.txt
[1.074s] writing requirements to ../../build/quadcopter_perception/quadcopter_perception.egg-info/requires.txt
[1.074s] writing top-level names to ../../build/quadcopter_perception/quadcopter_perception.egg-info/top_level.txt
[1.075s] reading manifest file '../../build/quadcopter_perception/quadcopter_perception.egg-info/SOURCES.txt'
[1.076s] writing manifest file '../../build/quadcopter_perception/quadcopter_perception.egg-info/SOURCES.txt'
[1.076s] running build
[1.076s] running build_py
[1.076s] running install
[1.076s] running install_lib
[1.077s] running install_data
[1.077s] running install_egg_info
[1.078s] removing '/home/deepak/gps-denied-vtol/software/install/quadcopter_perception/lib/python3.10/site-packages/quadcopter_perception-0.0.0-py3.10.egg-info' (and everything under it)
[1.078s] Copying ../../build/quadcopter_perception/quadcopter_perception.egg-info to /home/deepak/gps-denied-vtol/software/install/quadcopter_perception/lib/python3.10/site-packages/quadcopter_perception-0.0.0-py3.10.egg-info
[1.078s] running install_scripts
[1.091s] writing list of installed files to '/home/deepak/gps-denied-vtol/software/build/quadcopter_perception/install.log'
[1.107s] Invoked command in '/home/deepak/gps-denied-vtol/software/src/quadcopter_perception' returned '0': PYTHONPATH=/home/deepak/gps-denied-vtol/software/build/quadcopter_perception/prefix_override:/usr/lib/python3/dist-packages/colcon_core/task/python/colcon_distutils_commands:/home/deepak/gps-denied-vtol/software/install/quadcopter_perception/lib/python3.10/site-packages:${PYTHONPATH} /usr/bin/python3 -W ignore:setup.py install is deprecated -W ignore:easy_install command is deprecated setup.py egg_info --egg-base ../../build/quadcopter_perception build --build-base /home/deepak/gps-denied-vtol/software/build/quadcopter_perception/build install --record /home/deepak/gps-denied-vtol/software/build/quadcopter_perception/install.log --install-scripts $base/lib/quadcopter_perception --single-version-externally-managed install_data
