[0.071s] [34mcolcon[0m [1;30mDEBUG[0m [32mCommand line arguments: ['/usr/bin/colcon', 'build'][0m
[0.071s] [34mcolcon[0m [1;30mDEBUG[0m [32mParsed command line arguments: Namespace(log_base=None, log_level=None, verb_name='build', build_base='build', install_base='install', merge_install=False, symlink_install=False, test_result_base=None, continue_on_error=False, executor='parallel', parallel_workers=20, event_handlers=None, ignore_user_meta=False, metas=['./colcon.meta'], base_paths=['.'], packages_ignore=None, packages_ignore_regex=None, paths=None, packages_up_to=None, packages_up_to_regex=None, packages_above=None, packages_above_and_dependencies=None, packages_above_depth=None, packages_select_by_dep=None, packages_skip_by_dep=None, packages_skip_up_to=None, packages_select_build_failed=False, packages_skip_build_finished=False, packages_select_test_failures=False, packages_skip_test_passed=False, packages_select=None, packages_skip=None, packages_select_regex=None, packages_skip_regex=None, packages_start=None, packages_end=None, allow_overriding=[], cmake_args=None, cmake_target=None, cmake_target_skip_unavailable=False, cmake_clean_cache=False, cmake_clean_first=False, cmake_force_configure=False, ament_cmake_args=None, catkin_cmake_args=None, catkin_skip_building_tests=False, mixin_files=None, mixin=None, verb_parser=<colcon_mixin.mixin.mixin_argument.MixinArgumentDecorator object at 0x742f0b1a8880>, verb_extension=<colcon_core.verb.build.BuildVerb object at 0x742f0b1a81c0>, main=<bound method BuildVerb.main of <colcon_core.verb.build.BuildVerb object at 0x742f0b1a81c0>>, mixin_verb=('build',))[0m
[0.179s] [34mcolcon.colcon_core.package_discovery[0m [1;30mLevel 1[0m discover_packages(colcon_meta) check parameters
[0.179s] [34mcolcon.colcon_core.package_discovery[0m [1;30mLevel 1[0m discover_packages(recursive) check parameters
[0.179s] [34mcolcon.colcon_core.package_discovery[0m [1;30mLevel 1[0m discover_packages(ignore) check parameters
[0.179s] [34mcolcon.colcon_core.package_discovery[0m [1;30mLevel 1[0m discover_packages(path) check parameters
[0.179s] [34mcolcon.colcon_core.package_discovery[0m [1;30mLevel 1[0m discover_packages(colcon_meta) discover
[0.179s] [34mcolcon.colcon_core.package_discovery[0m [1;30mLevel 1[0m discover_packages(recursive) discover
[0.179s] [34mcolcon.colcon_core.package_discovery[0m [1;30mINFO[0m Crawling recursively for packages in '/home/deepak/gps-denied-vtol/software'
[0.179s] [34mcolcon.colcon_core.package_identification[0m [1;30mLevel 1[0m _identify(.) by extensions ['ignore', 'ignore_ament_install']
[0.179s] [34mcolcon.colcon_core.package_identification[0m [1;30mLevel 1[0m _identify(.) by extension 'ignore'
[0.179s] [34mcolcon.colcon_core.package_identification[0m [1;30mLevel 1[0m _identify(.) by extension 'ignore_ament_install'
[0.179s] [34mcolcon.colcon_core.package_identification[0m [1;30mLevel 1[0m _identify(.) by extensions ['colcon_pkg']
[0.179s] [34mcolcon.colcon_core.package_identification[0m [1;30mLevel 1[0m _identify(.) by extension 'colcon_pkg'
[0.179s] [34mcolcon.colcon_core.package_identification[0m [1;30mLevel 1[0m _identify(.) by extensions ['colcon_meta']
[0.179s] [34mcolcon.colcon_core.package_identification[0m [1;30mLevel 1[0m _identify(.) by extension 'colcon_meta'
[0.179s] [34mcolcon.colcon_core.package_identification[0m [1;30mLevel 1[0m _identify(.) by extensions ['ros']
[0.179s] [34mcolcon.colcon_core.package_identification[0m [1;30mLevel 1[0m _identify(.) by extension 'ros'
[0.195s] [34mcolcon.colcon_core.package_identification[0m [1;30mLevel 1[0m _identify(.) by extensions ['cmake', 'python']
[0.195s] [34mcolcon.colcon_core.package_identification[0m [1;30mLevel 1[0m _identify(.) by extension 'cmake'
[0.195s] [34mcolcon.colcon_core.package_identification[0m [1;30mLevel 1[0m _identify(.) by extension 'python'
[0.195s] [34mcolcon.colcon_core.package_identification[0m [1;30mLevel 1[0m _identify(.) by extensions ['python_setup_py']
[0.195s] [34mcolcon.colcon_core.package_identification[0m [1;30mLevel 1[0m _identify(.) by extension 'python_setup_py'
[0.195s] [34mcolcon.colcon_core.package_identification[0m [1;30mLevel 1[0m _identify(build) by extensions ['ignore', 'ignore_ament_install']
[0.195s] [34mcolcon.colcon_core.package_identification[0m [1;30mLevel 1[0m _identify(build) by extension 'ignore'
[0.195s] [34mcolcon.colcon_core.package_identification[0m [1;30mLevel 1[0m _identify(build) ignored
[0.196s] [34mcolcon.colcon_core.package_identification[0m [1;30mLevel 1[0m _identify(install) by extensions ['ignore', 'ignore_ament_install']
[0.196s] [34mcolcon.colcon_core.package_identification[0m [1;30mLevel 1[0m _identify(install) by extension 'ignore'
[0.196s] [34mcolcon.colcon_core.package_identification[0m [1;30mLevel 1[0m _identify(install) ignored
[0.196s] [34mcolcon.colcon_core.package_identification[0m [1;30mLevel 1[0m _identify(log) by extensions ['ignore', 'ignore_ament_install']
[0.196s] [34mcolcon.colcon_core.package_identification[0m [1;30mLevel 1[0m _identify(log) by extension 'ignore'
[0.196s] [34mcolcon.colcon_core.package_identification[0m [1;30mLevel 1[0m _identify(log) ignored
[0.196s] [34mcolcon.colcon_core.package_identification[0m [1;30mLevel 1[0m _identify(src) by extensions ['ignore', 'ignore_ament_install']
[0.196s] [34mcolcon.colcon_core.package_identification[0m [1;30mLevel 1[0m _identify(src) by extension 'ignore'
[0.196s] [34mcolcon.colcon_core.package_identification[0m [1;30mLevel 1[0m _identify(src) by extension 'ignore_ament_install'
[0.196s] [34mcolcon.colcon_core.package_identification[0m [1;30mLevel 1[0m _identify(src) by extensions ['colcon_pkg']
[0.196s] [34mcolcon.colcon_core.package_identification[0m [1;30mLevel 1[0m _identify(src) by extension 'colcon_pkg'
[0.196s] [34mcolcon.colcon_core.package_identification[0m [1;30mLevel 1[0m _identify(src) by extensions ['colcon_meta']
[0.196s] [34mcolcon.colcon_core.package_identification[0m [1;30mLevel 1[0m _identify(src) by extension 'colcon_meta'
[0.196s] [34mcolcon.colcon_core.package_identification[0m [1;30mLevel 1[0m _identify(src) by extensions ['ros']
[0.196s] [34mcolcon.colcon_core.package_identification[0m [1;30mLevel 1[0m _identify(src) by extension 'ros'
[0.196s] [34mcolcon.colcon_core.package_identification[0m [1;30mLevel 1[0m _identify(src) by extensions ['cmake', 'python']
[0.196s] [34mcolcon.colcon_core.package_identification[0m [1;30mLevel 1[0m _identify(src) by extension 'cmake'
[0.196s] [34mcolcon.colcon_core.package_identification[0m [1;30mLevel 1[0m _identify(src) by extension 'python'
[0.196s] [34mcolcon.colcon_core.package_identification[0m [1;30mLevel 1[0m _identify(src) by extensions ['python_setup_py']
[0.196s] [34mcolcon.colcon_core.package_identification[0m [1;30mLevel 1[0m _identify(src) by extension 'python_setup_py'
[0.196s] [34mcolcon.colcon_core.package_identification[0m [1;30mLevel 1[0m _identify(src/px4_msgs) by extensions ['ignore', 'ignore_ament_install']
[0.196s] [34mcolcon.colcon_core.package_identification[0m [1;30mLevel 1[0m _identify(src/px4_msgs) by extension 'ignore'
[0.196s] [34mcolcon.colcon_core.package_identification[0m [1;30mLevel 1[0m _identify(src/px4_msgs) by extension 'ignore_ament_install'
[0.196s] [34mcolcon.colcon_core.package_identification[0m [1;30mLevel 1[0m _identify(src/px4_msgs) by extensions ['colcon_pkg']
[0.196s] [34mcolcon.colcon_core.package_identification[0m [1;30mLevel 1[0m _identify(src/px4_msgs) by extension 'colcon_pkg'
[0.196s] [34mcolcon.colcon_core.package_identification[0m [1;30mLevel 1[0m _identify(src/px4_msgs) by extensions ['colcon_meta']
[0.196s] [34mcolcon.colcon_core.package_identification[0m [1;30mLevel 1[0m _identify(src/px4_msgs) by extension 'colcon_meta'
[0.196s] [34mcolcon.colcon_core.package_identification[0m [1;30mLevel 1[0m _identify(src/px4_msgs) by extensions ['ros']
[0.196s] [34mcolcon.colcon_core.package_identification[0m [1;30mLevel 1[0m _identify(src/px4_msgs) by extension 'ros'
[0.196s] [34mcolcon.colcon_core.package_identification[0m [1;30mLevel 1[0m _identify(src/px4_msgs) by extensions ['cmake', 'python']
[0.196s] [34mcolcon.colcon_core.package_identification[0m [1;30mLevel 1[0m _identify(src/px4_msgs) by extension 'cmake'
[0.196s] [34mcolcon.colcon_core.package_identification[0m [1;30mLevel 1[0m _identify(src/px4_msgs) by extension 'python'
[0.196s] [34mcolcon.colcon_core.package_identification[0m [1;30mLevel 1[0m _identify(src/px4_msgs) by extensions ['python_setup_py']
[0.196s] [34mcolcon.colcon_core.package_identification[0m [1;30mLevel 1[0m _identify(src/px4_msgs) by extension 'python_setup_py'
[0.196s] [34mcolcon.colcon_core.package_identification[0m [1;30mLevel 1[0m _identify(src/px4_ros_com) by extensions ['ignore', 'ignore_ament_install']
[0.197s] [34mcolcon.colcon_core.package_identification[0m [1;30mLevel 1[0m _identify(src/px4_ros_com) by extension 'ignore'
[0.197s] [34mcolcon.colcon_core.package_identification[0m [1;30mLevel 1[0m _identify(src/px4_ros_com) by extension 'ignore_ament_install'
[0.197s] [34mcolcon.colcon_core.package_identification[0m [1;30mLevel 1[0m _identify(src/px4_ros_com) by extensions ['colcon_pkg']
[0.197s] [34mcolcon.colcon_core.package_identification[0m [1;30mLevel 1[0m _identify(src/px4_ros_com) by extension 'colcon_pkg'
[0.197s] [34mcolcon.colcon_core.package_identification[0m [1;30mLevel 1[0m _identify(src/px4_ros_com) by extensions ['colcon_meta']
[0.197s] [34mcolcon.colcon_core.package_identification[0m [1;30mLevel 1[0m _identify(src/px4_ros_com) by extension 'colcon_meta'
[0.197s] [34mcolcon.colcon_core.package_identification[0m [1;30mLevel 1[0m _identify(src/px4_ros_com) by extensions ['ros']
[0.197s] [34mcolcon.colcon_core.package_identification[0m [1;30mLevel 1[0m _identify(src/px4_ros_com) by extension 'ros'
[0.197s] [34mcolcon.colcon_core.package_identification[0m [1;30mLevel 1[0m _identify(src/px4_ros_com) by extensions ['cmake', 'python']
[0.197s] [34mcolcon.colcon_core.package_identification[0m [1;30mLevel 1[0m _identify(src/px4_ros_com) by extension 'cmake'
[0.197s] [34mcolcon.colcon_core.package_identification[0m [1;30mLevel 1[0m _identify(src/px4_ros_com) by extension 'python'
[0.197s] [34mcolcon.colcon_core.package_identification[0m [1;30mLevel 1[0m _identify(src/px4_ros_com) by extensions ['python_setup_py']
[0.197s] [34mcolcon.colcon_core.package_identification[0m [1;30mLevel 1[0m _identify(src/px4_ros_com) by extension 'python_setup_py'
[0.197s] [34mcolcon.colcon_core.package_identification[0m [1;30mLevel 1[0m _identify(src/quadcopter_bringup) by extensions ['ignore', 'ignore_ament_install']
[0.197s] [34mcolcon.colcon_core.package_identification[0m [1;30mLevel 1[0m _identify(src/quadcopter_bringup) by extension 'ignore'
[0.197s] [34mcolcon.colcon_core.package_identification[0m [1;30mLevel 1[0m _identify(src/quadcopter_bringup) by extension 'ignore_ament_install'
[0.197s] [34mcolcon.colcon_core.package_identification[0m [1;30mLevel 1[0m _identify(src/quadcopter_bringup) by extensions ['colcon_pkg']
[0.197s] [34mcolcon.colcon_core.package_identification[0m [1;30mLevel 1[0m _identify(src/quadcopter_bringup) by extension 'colcon_pkg'
[0.197s] [34mcolcon.colcon_core.package_identification[0m [1;30mLevel 1[0m _identify(src/quadcopter_bringup) by extensions ['colcon_meta']
[0.197s] [34mcolcon.colcon_core.package_identification[0m [1;30mLevel 1[0m _identify(src/quadcopter_bringup) by extension 'colcon_meta'
[0.197s] [34mcolcon.colcon_core.package_identification[0m [1;30mLevel 1[0m _identify(src/quadcopter_bringup) by extensions ['ros']
[0.197s] [34mcolcon.colcon_core.package_identification[0m [1;30mLevel 1[0m _identify(src/quadcopter_bringup) by extension 'ros'
[0.198s] [34mcolcon.colcon_core.package_identification[0m [1;30mDEBUG[0m [32mPackage 'src/quadcopter_bringup' with type 'ros.ament_python' and name 'quadcopter_bringup'[0m
[0.198s] [34mcolcon.colcon_core.package_identification[0m [1;30mLevel 1[0m _identify(src/quadcopter_localization) by extensions ['ignore', 'ignore_ament_install']
[0.198s] [34mcolcon.colcon_core.package_identification[0m [1;30mLevel 1[0m _identify(src/quadcopter_localization) by extension 'ignore'
[0.198s] [34mcolcon.colcon_core.package_identification[0m [1;30mLevel 1[0m _identify(src/quadcopter_localization) by extension 'ignore_ament_install'
[0.198s] [34mcolcon.colcon_core.package_identification[0m [1;30mLevel 1[0m _identify(src/quadcopter_localization) by extensions ['colcon_pkg']
[0.199s] [34mcolcon.colcon_core.package_identification[0m [1;30mLevel 1[0m _identify(src/quadcopter_localization) by extension 'colcon_pkg'
[0.199s] [34mcolcon.colcon_core.package_identification[0m [1;30mLevel 1[0m _identify(src/quadcopter_localization) by extensions ['colcon_meta']
[0.199s] [34mcolcon.colcon_core.package_identification[0m [1;30mLevel 1[0m _identify(src/quadcopter_localization) by extension 'colcon_meta'
[0.199s] [34mcolcon.colcon_core.package_identification[0m [1;30mLevel 1[0m _identify(src/quadcopter_localization) by extensions ['ros']
[0.199s] [34mcolcon.colcon_core.package_identification[0m [1;30mLevel 1[0m _identify(src/quadcopter_localization) by extension 'ros'
[0.199s] [34mcolcon.colcon_core.package_identification[0m [1;30mDEBUG[0m [32mPackage 'src/quadcopter_localization' with type 'ros.ament_python' and name 'quadcopter_localization'[0m
[0.199s] [34mcolcon.colcon_core.package_identification[0m [1;30mLevel 1[0m _identify(src/quadcopter_mapping) by extensions ['ignore', 'ignore_ament_install']
[0.199s] [34mcolcon.colcon_core.package_identification[0m [1;30mLevel 1[0m _identify(src/quadcopter_mapping) by extension 'ignore'
[0.199s] [34mcolcon.colcon_core.package_identification[0m [1;30mLevel 1[0m _identify(src/quadcopter_mapping) by extension 'ignore_ament_install'
[0.199s] [34mcolcon.colcon_core.package_identification[0m [1;30mLevel 1[0m _identify(src/quadcopter_mapping) by extensions ['colcon_pkg']
[0.199s] [34mcolcon.colcon_core.package_identification[0m [1;30mLevel 1[0m _identify(src/quadcopter_mapping) by extension 'colcon_pkg'
[0.199s] [34mcolcon.colcon_core.package_identification[0m [1;30mLevel 1[0m _identify(src/quadcopter_mapping) by extensions ['colcon_meta']
[0.199s] [34mcolcon.colcon_core.package_identification[0m [1;30mLevel 1[0m _identify(src/quadcopter_mapping) by extension 'colcon_meta'
[0.199s] [34mcolcon.colcon_core.package_identification[0m [1;30mLevel 1[0m _identify(src/quadcopter_mapping) by extensions ['ros']
[0.199s] [34mcolcon.colcon_core.package_identification[0m [1;30mLevel 1[0m _identify(src/quadcopter_mapping) by extension 'ros'
[0.199s] [34mcolcon.colcon_core.package_identification[0m [1;30mDEBUG[0m [32mPackage 'src/quadcopter_mapping' with type 'ros.ament_python' and name 'quadcopter_mapping'[0m
[0.200s] [34mcolcon.colcon_core.package_identification[0m [1;30mLevel 1[0m _identify(src/quadcopter_perception) by extensions ['ignore', 'ignore_ament_install']
[0.200s] [34mcolcon.colcon_core.package_identification[0m [1;30mLevel 1[0m _identify(src/quadcopter_perception) by extension 'ignore'
[0.200s] [34mcolcon.colcon_core.package_identification[0m [1;30mLevel 1[0m _identify(src/quadcopter_perception) by extension 'ignore_ament_install'
[0.200s] [34mcolcon.colcon_core.package_identification[0m [1;30mLevel 1[0m _identify(src/quadcopter_perception) by extensions ['colcon_pkg']
[0.200s] [34mcolcon.colcon_core.package_identification[0m [1;30mLevel 1[0m _identify(src/quadcopter_perception) by extension 'colcon_pkg'
[0.200s] [34mcolcon.colcon_core.package_identification[0m [1;30mLevel 1[0m _identify(src/quadcopter_perception) by extensions ['colcon_meta']
[0.200s] [34mcolcon.colcon_core.package_identification[0m [1;30mLevel 1[0m _identify(src/quadcopter_perception) by extension 'colcon_meta'
[0.200s] [34mcolcon.colcon_core.package_identification[0m [1;30mLevel 1[0m _identify(src/quadcopter_perception) by extensions ['ros']
[0.200s] [34mcolcon.colcon_core.package_identification[0m [1;30mLevel 1[0m _identify(src/quadcopter_perception) by extension 'ros'
[0.200s] [34mcolcon.colcon_core.package_identification[0m [1;30mDEBUG[0m [32mPackage 'src/quadcopter_perception' with type 'ros.ament_python' and name 'quadcopter_perception'[0m
[0.200s] [34mcolcon.colcon_core.package_discovery[0m [1;30mLevel 1[0m discover_packages(recursive) using defaults
[0.200s] [34mcolcon.colcon_core.package_discovery[0m [1;30mLevel 1[0m discover_packages(ignore) discover
[0.200s] [34mcolcon.colcon_core.package_discovery[0m [1;30mLevel 1[0m discover_packages(ignore) using defaults
[0.200s] [34mcolcon.colcon_core.package_discovery[0m [1;30mLevel 1[0m discover_packages(path) discover
[0.200s] [34mcolcon.colcon_core.package_discovery[0m [1;30mLevel 1[0m discover_packages(path) using defaults
[0.208s] [34mcolcon.colcon_core.package_discovery[0m [1;30mLevel 1[0m discover_packages(prefix_path) check parameters
[0.208s] [34mcolcon.colcon_core.package_discovery[0m [1;30mLevel 1[0m discover_packages(prefix_path) discover
[0.210s] [34mcolcon.colcon_installed_package_information.package_discovery[0m [1;30mDEBUG[0m [32mFound 2 installed packages in /home/deepak/ws_sensor_combined/install[0m
[0.211s] [34mcolcon.colcon_installed_package_information.package_discovery[0m [1;30mDEBUG[0m [32mFound 46 installed packages in /home/deepak/moveit_ws/install[0m
[0.211s] [34mcolcon.colcon_installed_package_information.package_discovery[0m [1;30mDEBUG[0m [32mFound 1 installed packages in /home/deepak/Robotic_Arm/install[0m
[0.211s] [34mcolcon.colcon_installed_package_information.package_discovery[0m [1;30mDEBUG[0m [32mFound 13 installed packages in /home/deepak/ros2_ws/install[0m
[0.212s] [34mcolcon.colcon_installed_package_information.package_discovery[0m [1;30mDEBUG[0m [32mFound 4 installed packages in /home/deepak/ros_gz/install[0m
[0.212s] [34mcolcon.colcon_installed_package_information.package_discovery[0m [1;30mDEBUG[0m [32mFound 1 installed packages in /home/deepak/6_dof/install[0m
[0.213s] [34mcolcon.colcon_installed_package_information.package_discovery[0m [1;30mDEBUG[0m [32mFound 408 installed packages in /opt/ros/humble[0m
[0.214s] [34mcolcon.colcon_core.package_discovery[0m [1;30mLevel 1[0m discover_packages(prefix_path) using defaults
[0.240s] [34mcolcon.colcon_core.verb[0m [1;30mLevel 5[0m set package 'quadcopter_bringup' build argument 'cmake_args' from command line to 'None'
[0.240s] [34mcolcon.colcon_core.verb[0m [1;30mLevel 5[0m set package 'quadcopter_bringup' build argument 'cmake_target' from command line to 'None'
[0.240s] [34mcolcon.colcon_core.verb[0m [1;30mLevel 5[0m set package 'quadcopter_bringup' build argument 'cmake_target_skip_unavailable' from command line to 'False'
[0.240s] [34mcolcon.colcon_core.verb[0m [1;30mLevel 5[0m set package 'quadcopter_bringup' build argument 'cmake_clean_cache' from command line to 'False'
[0.240s] [34mcolcon.colcon_core.verb[0m [1;30mLevel 5[0m set package 'quadcopter_bringup' build argument 'cmake_clean_first' from command line to 'False'
[0.240s] [34mcolcon.colcon_core.verb[0m [1;30mLevel 5[0m set package 'quadcopter_bringup' build argument 'cmake_force_configure' from command line to 'False'
[0.240s] [34mcolcon.colcon_core.verb[0m [1;30mLevel 5[0m set package 'quadcopter_bringup' build argument 'ament_cmake_args' from command line to 'None'
[0.240s] [34mcolcon.colcon_core.verb[0m [1;30mLevel 5[0m set package 'quadcopter_bringup' build argument 'catkin_cmake_args' from command line to 'None'
[0.240s] [34mcolcon.colcon_core.verb[0m [1;30mLevel 5[0m set package 'quadcopter_bringup' build argument 'catkin_skip_building_tests' from command line to 'False'
[0.240s] [34mcolcon.colcon_core.verb[0m [1;30mDEBUG[0m [32mBuilding package 'quadcopter_bringup' with the following arguments: {'ament_cmake_args': None, 'build_base': '/home/deepak/gps-denied-vtol/software/build/quadcopter_bringup', 'catkin_cmake_args': None, 'catkin_skip_building_tests': False, 'cmake_args': None, 'cmake_clean_cache': False, 'cmake_clean_first': False, 'cmake_force_configure': False, 'cmake_target': None, 'cmake_target_skip_unavailable': False, 'install_base': '/home/deepak/gps-denied-vtol/software/install/quadcopter_bringup', 'merge_install': False, 'path': '/home/deepak/gps-denied-vtol/software/src/quadcopter_bringup', 'symlink_install': False, 'test_result_base': None}[0m
[0.240s] [34mcolcon.colcon_core.verb[0m [1;30mLevel 5[0m set package 'quadcopter_localization' build argument 'cmake_args' from command line to 'None'
[0.240s] [34mcolcon.colcon_core.verb[0m [1;30mLevel 5[0m set package 'quadcopter_localization' build argument 'cmake_target' from command line to 'None'
[0.240s] [34mcolcon.colcon_core.verb[0m [1;30mLevel 5[0m set package 'quadcopter_localization' build argument 'cmake_target_skip_unavailable' from command line to 'False'
[0.240s] [34mcolcon.colcon_core.verb[0m [1;30mLevel 5[0m set package 'quadcopter_localization' build argument 'cmake_clean_cache' from command line to 'False'
[0.240s] [34mcolcon.colcon_core.verb[0m [1;30mLevel 5[0m set package 'quadcopter_localization' build argument 'cmake_clean_first' from command line to 'False'
[0.240s] [34mcolcon.colcon_core.verb[0m [1;30mLevel 5[0m set package 'quadcopter_localization' build argument 'cmake_force_configure' from command line to 'False'
[0.240s] [34mcolcon.colcon_core.verb[0m [1;30mLevel 5[0m set package 'quadcopter_localization' build argument 'ament_cmake_args' from command line to 'None'
[0.240s] [34mcolcon.colcon_core.verb[0m [1;30mLevel 5[0m set package 'quadcopter_localization' build argument 'catkin_cmake_args' from command line to 'None'
[0.240s] [34mcolcon.colcon_core.verb[0m [1;30mLevel 5[0m set package 'quadcopter_localization' build argument 'catkin_skip_building_tests' from command line to 'False'
[0.240s] [34mcolcon.colcon_core.verb[0m [1;30mDEBUG[0m [32mBuilding package 'quadcopter_localization' with the following arguments: {'ament_cmake_args': None, 'build_base': '/home/deepak/gps-denied-vtol/software/build/quadcopter_localization', 'catkin_cmake_args': None, 'catkin_skip_building_tests': False, 'cmake_args': None, 'cmake_clean_cache': False, 'cmake_clean_first': False, 'cmake_force_configure': False, 'cmake_target': None, 'cmake_target_skip_unavailable': False, 'install_base': '/home/deepak/gps-denied-vtol/software/install/quadcopter_localization', 'merge_install': False, 'path': '/home/deepak/gps-denied-vtol/software/src/quadcopter_localization', 'symlink_install': False, 'test_result_base': None}[0m
[0.240s] [34mcolcon.colcon_core.verb[0m [1;30mLevel 5[0m set package 'quadcopter_mapping' build argument 'cmake_args' from command line to 'None'
[0.240s] [34mcolcon.colcon_core.verb[0m [1;30mLevel 5[0m set package 'quadcopter_mapping' build argument 'cmake_target' from command line to 'None'
[0.240s] [34mcolcon.colcon_core.verb[0m [1;30mLevel 5[0m set package 'quadcopter_mapping' build argument 'cmake_target_skip_unavailable' from command line to 'False'
[0.240s] [34mcolcon.colcon_core.verb[0m [1;30mLevel 5[0m set package 'quadcopter_mapping' build argument 'cmake_clean_cache' from command line to 'False'
[0.240s] [34mcolcon.colcon_core.verb[0m [1;30mLevel 5[0m set package 'quadcopter_mapping' build argument 'cmake_clean_first' from command line to 'False'
[0.240s] [34mcolcon.colcon_core.verb[0m [1;30mLevel 5[0m set package 'quadcopter_mapping' build argument 'cmake_force_configure' from command line to 'False'
[0.240s] [34mcolcon.colcon_core.verb[0m [1;30mLevel 5[0m set package 'quadcopter_mapping' build argument 'ament_cmake_args' from command line to 'None'
[0.240s] [34mcolcon.colcon_core.verb[0m [1;30mLevel 5[0m set package 'quadcopter_mapping' build argument 'catkin_cmake_args' from command line to 'None'
[0.240s] [34mcolcon.colcon_core.verb[0m [1;30mLevel 5[0m set package 'quadcopter_mapping' build argument 'catkin_skip_building_tests' from command line to 'False'
[0.240s] [34mcolcon.colcon_core.verb[0m [1;30mDEBUG[0m [32mBuilding package 'quadcopter_mapping' with the following arguments: {'ament_cmake_args': None, 'build_base': '/home/deepak/gps-denied-vtol/software/build/quadcopter_mapping', 'catkin_cmake_args': None, 'catkin_skip_building_tests': False, 'cmake_args': None, 'cmake_clean_cache': False, 'cmake_clean_first': False, 'cmake_force_configure': False, 'cmake_target': None, 'cmake_target_skip_unavailable': False, 'install_base': '/home/deepak/gps-denied-vtol/software/install/quadcopter_mapping', 'merge_install': False, 'path': '/home/deepak/gps-denied-vtol/software/src/quadcopter_mapping', 'symlink_install': False, 'test_result_base': None}[0m
[0.240s] [34mcolcon.colcon_core.verb[0m [1;30mLevel 5[0m set package 'quadcopter_perception' build argument 'cmake_args' from command line to 'None'
[0.240s] [34mcolcon.colcon_core.verb[0m [1;30mLevel 5[0m set package 'quadcopter_perception' build argument 'cmake_target' from command line to 'None'
[0.240s] [34mcolcon.colcon_core.verb[0m [1;30mLevel 5[0m set package 'quadcopter_perception' build argument 'cmake_target_skip_unavailable' from command line to 'False'
[0.240s] [34mcolcon.colcon_core.verb[0m [1;30mLevel 5[0m set package 'quadcopter_perception' build argument 'cmake_clean_cache' from command line to 'False'
[0.240s] [34mcolcon.colcon_core.verb[0m [1;30mLevel 5[0m set package 'quadcopter_perception' build argument 'cmake_clean_first' from command line to 'False'
[0.240s] [34mcolcon.colcon_core.verb[0m [1;30mLevel 5[0m set package 'quadcopter_perception' build argument 'cmake_force_configure' from command line to 'False'
[0.240s] [34mcolcon.colcon_core.verb[0m [1;30mLevel 5[0m set package 'quadcopter_perception' build argument 'ament_cmake_args' from command line to 'None'
[0.240s] [34mcolcon.colcon_core.verb[0m [1;30mLevel 5[0m set package 'quadcopter_perception' build argument 'catkin_cmake_args' from command line to 'None'
[0.240s] [34mcolcon.colcon_core.verb[0m [1;30mLevel 5[0m set package 'quadcopter_perception' build argument 'catkin_skip_building_tests' from command line to 'False'
[0.240s] [34mcolcon.colcon_core.verb[0m [1;30mDEBUG[0m [32mBuilding package 'quadcopter_perception' with the following arguments: {'ament_cmake_args': None, 'build_base': '/home/deepak/gps-denied-vtol/software/build/quadcopter_perception', 'catkin_cmake_args': None, 'catkin_skip_building_tests': False, 'cmake_args': None, 'cmake_clean_cache': False, 'cmake_clean_first': False, 'cmake_force_configure': False, 'cmake_target': None, 'cmake_target_skip_unavailable': False, 'install_base': '/home/deepak/gps-denied-vtol/software/install/quadcopter_perception', 'merge_install': False, 'path': '/home/deepak/gps-denied-vtol/software/src/quadcopter_perception', 'symlink_install': False, 'test_result_base': None}[0m
[0.240s] [34mcolcon.colcon_core.executor[0m [1;30mINFO[0m Executing jobs using 'parallel' executor
[0.241s] [34mcolcon.colcon_parallel_executor.executor.parallel[0m [1;30mDEBUG[0m [32mrun_until_complete[0m
[0.241s] [34mcolcon.colcon_ros.task.ament_python.build[0m [1;30mINFO[0m Building ROS package in '/home/deepak/gps-denied-vtol/software/src/quadcopter_bringup' with build type 'ament_python'
[0.242s] [34mcolcon.colcon_core.shell[0m [1;30mLevel 1[0m create_environment_hook('quadcopter_bringup', 'ament_prefix_path')
[0.243s] [34mcolcon.colcon_core.plugin_system[0m [1;30mINFO[0m Skipping extension 'colcon_core.shell.bat': Not used on non-Windows systems
[0.243s] [34mcolcon.colcon_core.shell[0m [1;30mINFO[0m Creating environment hook '/home/deepak/gps-denied-vtol/software/install/quadcopter_bringup/share/quadcopter_bringup/hook/ament_prefix_path.ps1'
[0.243s] [34mcolcon.colcon_core.shell[0m [1;30mINFO[0m Creating environment descriptor '/home/deepak/gps-denied-vtol/software/install/quadcopter_bringup/share/quadcopter_bringup/hook/ament_prefix_path.dsv'
[0.243s] [34mcolcon.colcon_core.shell[0m [1;30mINFO[0m Creating environment hook '/home/deepak/gps-denied-vtol/software/install/quadcopter_bringup/share/quadcopter_bringup/hook/ament_prefix_path.sh'
[0.244s] [34mcolcon.colcon_core.shell[0m [1;30mINFO[0m Skip shell extension 'powershell' for command environment: Not usable outside of PowerShell
[0.244s] [34mcolcon.colcon_core.shell[0m [1;30mDEBUG[0m [32mSkip shell extension 'dsv' for command environment[0m
[0.248s] [34mcolcon.colcon_ros.task.ament_python.build[0m [1;30mINFO[0m Building ROS package in '/home/deepak/gps-denied-vtol/software/src/quadcopter_localization' with build type 'ament_python'
[0.248s] [34mcolcon.colcon_core.shell[0m [1;30mLevel 1[0m create_environment_hook('quadcopter_localization', 'ament_prefix_path')
[0.248s] [34mcolcon.colcon_core.shell[0m [1;30mINFO[0m Creating environment hook '/home/deepak/gps-denied-vtol/software/install/quadcopter_localization/share/quadcopter_localization/hook/ament_prefix_path.ps1'
[0.248s] [34mcolcon.colcon_core.shell[0m [1;30mINFO[0m Creating environment descriptor '/home/deepak/gps-denied-vtol/software/install/quadcopter_localization/share/quadcopter_localization/hook/ament_prefix_path.dsv'
[0.248s] [34mcolcon.colcon_core.shell[0m [1;30mINFO[0m Creating environment hook '/home/deepak/gps-denied-vtol/software/install/quadcopter_localization/share/quadcopter_localization/hook/ament_prefix_path.sh'
[0.249s] [34mcolcon.colcon_core.shell[0m [1;30mINFO[0m Skip shell extension 'powershell' for command environment: Not usable outside of PowerShell
[0.249s] [34mcolcon.colcon_core.shell[0m [1;30mDEBUG[0m [32mSkip shell extension 'dsv' for command environment[0m
[0.253s] [34mcolcon.colcon_ros.task.ament_python.build[0m [1;30mINFO[0m Building ROS package in '/home/deepak/gps-denied-vtol/software/src/quadcopter_mapping' with build type 'ament_python'
[0.253s] [34mcolcon.colcon_core.shell[0m [1;30mLevel 1[0m create_environment_hook('quadcopter_mapping', 'ament_prefix_path')
[0.253s] [34mcolcon.colcon_core.shell[0m [1;30mINFO[0m Creating environment hook '/home/deepak/gps-denied-vtol/software/install/quadcopter_mapping/share/quadcopter_mapping/hook/ament_prefix_path.ps1'
[0.253s] [34mcolcon.colcon_core.shell[0m [1;30mINFO[0m Creating environment descriptor '/home/deepak/gps-denied-vtol/software/install/quadcopter_mapping/share/quadcopter_mapping/hook/ament_prefix_path.dsv'
[0.253s] [34mcolcon.colcon_core.shell[0m [1;30mINFO[0m Creating environment hook '/home/deepak/gps-denied-vtol/software/install/quadcopter_mapping/share/quadcopter_mapping/hook/ament_prefix_path.sh'
[0.254s] [34mcolcon.colcon_core.shell[0m [1;30mINFO[0m Skip shell extension 'powershell' for command environment: Not usable outside of PowerShell
[0.254s] [34mcolcon.colcon_core.shell[0m [1;30mDEBUG[0m [32mSkip shell extension 'dsv' for command environment[0m
[0.257s] [34mcolcon.colcon_ros.task.ament_python.build[0m [1;30mINFO[0m Building ROS package in '/home/deepak/gps-denied-vtol/software/src/quadcopter_perception' with build type 'ament_python'
[0.257s] [34mcolcon.colcon_core.shell[0m [1;30mLevel 1[0m create_environment_hook('quadcopter_perception', 'ament_prefix_path')
[0.258s] [34mcolcon.colcon_core.shell[0m [1;30mINFO[0m Creating environment hook '/home/deepak/gps-denied-vtol/software/install/quadcopter_perception/share/quadcopter_perception/hook/ament_prefix_path.ps1'
[0.258s] [34mcolcon.colcon_core.shell[0m [1;30mINFO[0m Creating environment descriptor '/home/deepak/gps-denied-vtol/software/install/quadcopter_perception/share/quadcopter_perception/hook/ament_prefix_path.dsv'
[0.258s] [34mcolcon.colcon_core.shell[0m [1;30mINFO[0m Creating environment hook '/home/deepak/gps-denied-vtol/software/install/quadcopter_perception/share/quadcopter_perception/hook/ament_prefix_path.sh'
[0.258s] [34mcolcon.colcon_core.shell[0m [1;30mINFO[0m Skip shell extension 'powershell' for command environment: Not usable outside of PowerShell
[0.258s] [34mcolcon.colcon_core.shell[0m [1;30mDEBUG[0m [32mSkip shell extension 'dsv' for command environment[0m
[0.417s] [34mcolcon.colcon_core.task.python.build[0m [1;30mINFO[0m Building Python package in '/home/deepak/gps-denied-vtol/software/src/quadcopter_bringup'
[0.417s] [34mcolcon.colcon_core.shell[0m [1;30mINFO[0m Skip shell extension 'powershell' for command environment: Not usable outside of PowerShell
[0.417s] [34mcolcon.colcon_core.shell[0m [1;30mDEBUG[0m [32mSkip shell extension 'dsv' for command environment[0m
[0.576s] [34mcolcon.colcon_core.task.python.build[0m [1;30mINFO[0m Building Python package in '/home/deepak/gps-denied-vtol/software/src/quadcopter_localization'
[0.576s] [34mcolcon.colcon_core.shell[0m [1;30mINFO[0m Skip shell extension 'powershell' for command environment: Not usable outside of PowerShell
[0.576s] [34mcolcon.colcon_core.shell[0m [1;30mDEBUG[0m [32mSkip shell extension 'dsv' for command environment[0m
[0.738s] [34mcolcon.colcon_core.task.python.build[0m [1;30mINFO[0m Building Python package in '/home/deepak/gps-denied-vtol/software/src/quadcopter_mapping'
[0.738s] [34mcolcon.colcon_core.shell[0m [1;30mINFO[0m Skip shell extension 'powershell' for command environment: Not usable outside of PowerShell
[0.738s] [34mcolcon.colcon_core.shell[0m [1;30mDEBUG[0m [32mSkip shell extension 'dsv' for command environment[0m
[0.903s] [34mcolcon.colcon_core.task.python.build[0m [1;30mINFO[0m Building Python package in '/home/deepak/gps-denied-vtol/software/src/quadcopter_perception'
[0.903s] [34mcolcon.colcon_core.shell[0m [1;30mINFO[0m Skip shell extension 'powershell' for command environment: Not usable outside of PowerShell
[0.903s] [34mcolcon.colcon_core.shell[0m [1;30mDEBUG[0m [32mSkip shell extension 'dsv' for command environment[0m
[1.124s] [34mcolcon.colcon_core.task.python.build[0m [1;30mDEBUG[0m [32mAvailable setuptools commands: update_catalog, easy_install, bdist_rpm, init_catalog, install_lib, bdist_egg, clean, alias, bdist, setopt, upload, build_ext, dist_info, install_data, check, symlink_data, build_clib, rotate, sdist, install_scripts, saveopts, build, upload_docs, compile_catalog, install, extract_messages, register, bdist_wheel, develop, install_headers, build_scripts, build_py, test, egg_info, bdist_dumb, install_egg_info[0m
[1.127s] [34mcolcon.colcon_core.task.python.build[0m [1;30mDEBUG[0m [32mAvailable setuptools commands: update_catalog, easy_install, bdist_rpm, init_catalog, install_lib, bdist_egg, clean, alias, bdist, setopt, upload, build_ext, dist_info, install_data, check, symlink_data, build_clib, rotate, sdist, install_scripts, saveopts, build, upload_docs, compile_catalog, install, extract_messages, register, bdist_wheel, develop, install_headers, build_scripts, build_py, test, egg_info, bdist_dumb, install_egg_info[0m
[1.127s] [34mcolcon.colcon_core.event_handler.log_command[0m [1;30mDEBUG[0m [32mInvoking command in '/home/deepak/gps-denied-vtol/software/src/quadcopter_perception': PYTHONPATH=/home/deepak/gps-denied-vtol/software/build/quadcopter_perception/prefix_override:/usr/lib/python3/dist-packages/colcon_core/task/python/colcon_distutils_commands:/home/deepak/gps-denied-vtol/software/install/quadcopter_perception/lib/python3.10/site-packages:${PYTHONPATH} /usr/bin/python3 -W ignore:setup.py install is deprecated -W ignore:easy_install command is deprecated setup.py egg_info --egg-base ../../build/quadcopter_perception build --build-base /home/deepak/gps-denied-vtol/software/build/quadcopter_perception/build install --record /home/deepak/gps-denied-vtol/software/build/quadcopter_perception/install.log --install-scripts $base/lib/quadcopter_perception --single-version-externally-managed install_data[0m
[1.128s] [34mcolcon.colcon_core.event_handler.log_command[0m [1;30mDEBUG[0m [32mInvoking command in '/home/deepak/gps-denied-vtol/software/src/quadcopter_bringup': PYTHONPATH=/home/deepak/gps-denied-vtol/software/build/quadcopter_bringup/prefix_override:/usr/lib/python3/dist-packages/colcon_core/task/python/colcon_distutils_commands:/home/deepak/gps-denied-vtol/software/install/quadcopter_bringup/lib/python3.10/site-packages:${PYTHONPATH} /usr/bin/python3 -W ignore:setup.py install is deprecated -W ignore:easy_install command is deprecated setup.py egg_info --egg-base ../../build/quadcopter_bringup build --build-base /home/deepak/gps-denied-vtol/software/build/quadcopter_bringup/build install --record /home/deepak/gps-denied-vtol/software/build/quadcopter_bringup/install.log --install-scripts $base/lib/quadcopter_bringup --single-version-externally-managed install_data[0m
[1.129s] [34mcolcon.colcon_core.task.python.build[0m [1;30mDEBUG[0m [32mAvailable setuptools commands: update_catalog, easy_install, bdist_rpm, init_catalog, install_lib, bdist_egg, clean, alias, bdist, setopt, upload, build_ext, dist_info, install_data, check, symlink_data, build_clib, rotate, sdist, install_scripts, saveopts, build, upload_docs, compile_catalog, install, extract_messages, register, bdist_wheel, develop, install_headers, build_scripts, build_py, test, egg_info, bdist_dumb, install_egg_info[0m
[1.130s] [34mcolcon.colcon_core.event_handler.log_command[0m [1;30mDEBUG[0m [32mInvoking command in '/home/deepak/gps-denied-vtol/software/src/quadcopter_mapping': PYTHONPATH=/home/deepak/gps-denied-vtol/software/build/quadcopter_mapping/prefix_override:/usr/lib/python3/dist-packages/colcon_core/task/python/colcon_distutils_commands:/home/deepak/gps-denied-vtol/software/install/quadcopter_mapping/lib/python3.10/site-packages:${PYTHONPATH} /usr/bin/python3 -W ignore:setup.py install is deprecated -W ignore:easy_install command is deprecated setup.py egg_info --egg-base ../../build/quadcopter_mapping build --build-base /home/deepak/gps-denied-vtol/software/build/quadcopter_mapping/build install --record /home/deepak/gps-denied-vtol/software/build/quadcopter_mapping/install.log --install-scripts $base/lib/quadcopter_mapping --single-version-externally-managed install_data[0m
[1.139s] [34mcolcon.colcon_core.task.python.build[0m [1;30mDEBUG[0m [32mAvailable setuptools commands: update_catalog, easy_install, bdist_rpm, init_catalog, install_lib, bdist_egg, clean, alias, bdist, setopt, upload, build_ext, dist_info, install_data, check, symlink_data, build_clib, rotate, sdist, install_scripts, saveopts, build, upload_docs, compile_catalog, install, extract_messages, register, bdist_wheel, develop, install_headers, build_scripts, build_py, test, egg_info, bdist_dumb, install_egg_info[0m
[1.141s] [34mcolcon.colcon_core.event_handler.log_command[0m [1;30mDEBUG[0m [32mInvoking command in '/home/deepak/gps-denied-vtol/software/src/quadcopter_localization': PYTHONPATH=/home/deepak/gps-denied-vtol/software/build/quadcopter_localization/prefix_override:/usr/lib/python3/dist-packages/colcon_core/task/python/colcon_distutils_commands:/home/deepak/gps-denied-vtol/software/install/quadcopter_localization/lib/python3.10/site-packages:${PYTHONPATH} /usr/bin/python3 -W ignore:setup.py install is deprecated -W ignore:easy_install command is deprecated setup.py egg_info --egg-base ../../build/quadcopter_localization build --build-base /home/deepak/gps-denied-vtol/software/build/quadcopter_localization/build install --record /home/deepak/gps-denied-vtol/software/build/quadcopter_localization/install.log --single-version-externally-managed install_data[0m
[1.313s] [34mcolcon.colcon_core.event_handler.log_command[0m [1;30mDEBUG[0m [32mInvoked command in '/home/deepak/gps-denied-vtol/software/src/quadcopter_perception' returned '0': PYTHONPATH=/home/deepak/gps-denied-vtol/software/build/quadcopter_perception/prefix_override:/usr/lib/python3/dist-packages/colcon_core/task/python/colcon_distutils_commands:/home/deepak/gps-denied-vtol/software/install/quadcopter_perception/lib/python3.10/site-packages:${PYTHONPATH} /usr/bin/python3 -W ignore:setup.py install is deprecated -W ignore:easy_install command is deprecated setup.py egg_info --egg-base ../../build/quadcopter_perception build --build-base /home/deepak/gps-denied-vtol/software/build/quadcopter_perception/build install --record /home/deepak/gps-denied-vtol/software/build/quadcopter_perception/install.log --install-scripts $base/lib/quadcopter_perception --single-version-externally-managed install_data[0m
[1.319s] [34mcolcon.colcon_core.environment[0m [1;30mLevel 1[0m checking '/home/deepak/gps-denied-vtol/software/install/quadcopter_perception' for CMake module files
[1.319s] [34mcolcon.colcon_core.environment[0m [1;30mLevel 1[0m checking '/home/deepak/gps-denied-vtol/software/install/quadcopter_perception' for CMake config files
[1.320s] [34mcolcon.colcon_core.environment[0m [1;30mLevel 1[0m checking '/home/deepak/gps-denied-vtol/software/install/quadcopter_perception/lib'
[1.320s] [34mcolcon.colcon_core.environment[0m [1;30mLevel 1[0m checking '/home/deepak/gps-denied-vtol/software/install/quadcopter_perception/bin'
[1.320s] [34mcolcon.colcon_core.environment[0m [1;30mLevel 1[0m checking '/home/deepak/gps-denied-vtol/software/install/quadcopter_perception/lib/pkgconfig/quadcopter_perception.pc'
[1.320s] [34mcolcon.colcon_core.environment[0m [1;30mLevel 1[0m checking '/home/deepak/gps-denied-vtol/software/install/quadcopter_perception/lib/python3.10/site-packages'
[1.320s] [34mcolcon.colcon_core.shell[0m [1;30mLevel 1[0m create_environment_hook('quadcopter_perception', 'pythonpath')
[1.320s] [34mcolcon.colcon_core.shell[0m [1;30mINFO[0m Creating environment hook '/home/deepak/gps-denied-vtol/software/install/quadcopter_perception/share/quadcopter_perception/hook/pythonpath.ps1'
[1.320s] [34mcolcon.colcon_core.shell[0m [1;30mINFO[0m Creating environment descriptor '/home/deepak/gps-denied-vtol/software/install/quadcopter_perception/share/quadcopter_perception/hook/pythonpath.dsv'
[1.320s] [34mcolcon.colcon_core.shell[0m [1;30mINFO[0m Creating environment hook '/home/deepak/gps-denied-vtol/software/install/quadcopter_perception/share/quadcopter_perception/hook/pythonpath.sh'
[1.321s] [34mcolcon.colcon_core.environment[0m [1;30mLevel 1[0m checking '/home/deepak/gps-denied-vtol/software/install/quadcopter_perception/bin'
[1.321s] [34mcolcon.colcon_core.environment[0m [1;30mLevel 1[0m create_environment_scripts_only(quadcopter_perception)
[1.321s] [34mcolcon.colcon_core.shell[0m [1;30mINFO[0m Creating package script '/home/deepak/gps-denied-vtol/software/install/quadcopter_perception/share/quadcopter_perception/package.ps1'
[1.322s] [34mcolcon.colcon_core.shell[0m [1;30mINFO[0m Creating package descriptor '/home/deepak/gps-denied-vtol/software/install/quadcopter_perception/share/quadcopter_perception/package.dsv'
[1.322s] [34mcolcon.colcon_core.shell[0m [1;30mINFO[0m Creating package script '/home/deepak/gps-denied-vtol/software/install/quadcopter_perception/share/quadcopter_perception/package.sh'
[1.323s] [34mcolcon.colcon_core.shell[0m [1;30mINFO[0m Creating package script '/home/deepak/gps-denied-vtol/software/install/quadcopter_perception/share/quadcopter_perception/package.bash'
[1.323s] [34mcolcon.colcon_core.shell[0m [1;30mINFO[0m Creating package script '/home/deepak/gps-denied-vtol/software/install/quadcopter_perception/share/quadcopter_perception/package.zsh'
[1.324s] [34mcolcon.colcon_core.environment[0m [1;30mLevel 1[0m create_file_with_runtime_dependencies(/home/deepak/gps-denied-vtol/software/install/quadcopter_perception/share/colcon-core/packages/quadcopter_perception)
[1.324s] [34mcolcon.colcon_core.environment[0m [1;30mLevel 1[0m checking '/home/deepak/gps-denied-vtol/software/install/quadcopter_bringup' for CMake module files
[1.325s] [34mcolcon.colcon_core.environment[0m [1;30mLevel 1[0m checking '/home/deepak/gps-denied-vtol/software/install/quadcopter_bringup' for CMake config files
[1.325s] [34mcolcon.colcon_core.environment[0m [1;30mLevel 1[0m checking '/home/deepak/gps-denied-vtol/software/install/quadcopter_bringup/lib'
[1.325s] [34mcolcon.colcon_core.environment[0m [1;30mLevel 1[0m checking '/home/deepak/gps-denied-vtol/software/install/quadcopter_bringup/bin'
[1.325s] [34mcolcon.colcon_core.environment[0m [1;30mLevel 1[0m checking '/home/deepak/gps-denied-vtol/software/install/quadcopter_bringup/lib/pkgconfig/quadcopter_bringup.pc'
[1.326s] [34mcolcon.colcon_core.environment[0m [1;30mLevel 1[0m checking '/home/deepak/gps-denied-vtol/software/install/quadcopter_bringup/lib/python3.10/site-packages'
[1.326s] [34mcolcon.colcon_core.event_handler.log_command[0m [1;30mDEBUG[0m [32mInvoked command in '/home/deepak/gps-denied-vtol/software/src/quadcopter_bringup' returned '0': PYTHONPATH=/home/deepak/gps-denied-vtol/software/build/quadcopter_bringup/prefix_override:/usr/lib/python3/dist-packages/colcon_core/task/python/colcon_distutils_commands:/home/deepak/gps-denied-vtol/software/install/quadcopter_bringup/lib/python3.10/site-packages:${PYTHONPATH} /usr/bin/python3 -W ignore:setup.py install is deprecated -W ignore:easy_install command is deprecated setup.py egg_info --egg-base ../../build/quadcopter_bringup build --build-base /home/deepak/gps-denied-vtol/software/build/quadcopter_bringup/build install --record /home/deepak/gps-denied-vtol/software/build/quadcopter_bringup/install.log --install-scripts $base/lib/quadcopter_bringup --single-version-externally-managed install_data[0m
[1.326s] [34mcolcon.colcon_core.shell[0m [1;30mLevel 1[0m create_environment_hook('quadcopter_bringup', 'pythonpath')
[1.326s] [34mcolcon.colcon_core.shell[0m [1;30mINFO[0m Creating environment hook '/home/deepak/gps-denied-vtol/software/install/quadcopter_bringup/share/quadcopter_bringup/hook/pythonpath.ps1'
[1.326s] [34mcolcon.colcon_core.shell[0m [1;30mINFO[0m Creating environment descriptor '/home/deepak/gps-denied-vtol/software/install/quadcopter_bringup/share/quadcopter_bringup/hook/pythonpath.dsv'
[1.326s] [34mcolcon.colcon_core.shell[0m [1;30mINFO[0m Creating environment hook '/home/deepak/gps-denied-vtol/software/install/quadcopter_bringup/share/quadcopter_bringup/hook/pythonpath.sh'
[1.326s] [34mcolcon.colcon_core.environment[0m [1;30mLevel 1[0m checking '/home/deepak/gps-denied-vtol/software/install/quadcopter_bringup/bin'
[1.327s] [34mcolcon.colcon_core.environment[0m [1;30mLevel 1[0m create_environment_scripts_only(quadcopter_bringup)
[1.327s] [34mcolcon.colcon_core.shell[0m [1;30mINFO[0m Creating package script '/home/deepak/gps-denied-vtol/software/install/quadcopter_bringup/share/quadcopter_bringup/package.ps1'
[1.327s] [34mcolcon.colcon_core.shell[0m [1;30mINFO[0m Creating package descriptor '/home/deepak/gps-denied-vtol/software/install/quadcopter_bringup/share/quadcopter_bringup/package.dsv'
[1.327s] [34mcolcon.colcon_core.shell[0m [1;30mINFO[0m Creating package script '/home/deepak/gps-denied-vtol/software/install/quadcopter_bringup/share/quadcopter_bringup/package.sh'
[1.327s] [34mcolcon.colcon_core.shell[0m [1;30mINFO[0m Creating package script '/home/deepak/gps-denied-vtol/software/install/quadcopter_bringup/share/quadcopter_bringup/package.bash'
[1.327s] [34mcolcon.colcon_core.shell[0m [1;30mINFO[0m Creating package script '/home/deepak/gps-denied-vtol/software/install/quadcopter_bringup/share/quadcopter_bringup/package.zsh'
[1.328s] [34mcolcon.colcon_core.environment[0m [1;30mLevel 1[0m create_file_with_runtime_dependencies(/home/deepak/gps-denied-vtol/software/install/quadcopter_bringup/share/colcon-core/packages/quadcopter_bringup)
[1.328s] [34mcolcon.colcon_core.environment[0m [1;30mLevel 1[0m checking '/home/deepak/gps-denied-vtol/software/install/quadcopter_mapping' for CMake module files
[1.329s] [34mcolcon.colcon_core.event_handler.log_command[0m [1;30mDEBUG[0m [32mInvoked command in '/home/deepak/gps-denied-vtol/software/src/quadcopter_mapping' returned '0': PYTHONPATH=/home/deepak/gps-denied-vtol/software/build/quadcopter_mapping/prefix_override:/usr/lib/python3/dist-packages/colcon_core/task/python/colcon_distutils_commands:/home/deepak/gps-denied-vtol/software/install/quadcopter_mapping/lib/python3.10/site-packages:${PYTHONPATH} /usr/bin/python3 -W ignore:setup.py install is deprecated -W ignore:easy_install command is deprecated setup.py egg_info --egg-base ../../build/quadcopter_mapping build --build-base /home/deepak/gps-denied-vtol/software/build/quadcopter_mapping/build install --record /home/deepak/gps-denied-vtol/software/build/quadcopter_mapping/install.log --install-scripts $base/lib/quadcopter_mapping --single-version-externally-managed install_data[0m
[1.329s] [34mcolcon.colcon_core.environment[0m [1;30mLevel 1[0m checking '/home/deepak/gps-denied-vtol/software/install/quadcopter_mapping' for CMake config files
[1.330s] [34mcolcon.colcon_core.environment[0m [1;30mLevel 1[0m checking '/home/deepak/gps-denied-vtol/software/install/quadcopter_mapping/lib'
[1.330s] [34mcolcon.colcon_core.environment[0m [1;30mLevel 1[0m checking '/home/deepak/gps-denied-vtol/software/install/quadcopter_mapping/bin'
[1.330s] [34mcolcon.colcon_core.environment[0m [1;30mLevel 1[0m checking '/home/deepak/gps-denied-vtol/software/install/quadcopter_mapping/lib/pkgconfig/quadcopter_mapping.pc'
[1.330s] [34mcolcon.colcon_core.environment[0m [1;30mLevel 1[0m checking '/home/deepak/gps-denied-vtol/software/install/quadcopter_mapping/lib/python3.10/site-packages'
[1.330s] [34mcolcon.colcon_core.shell[0m [1;30mLevel 1[0m create_environment_hook('quadcopter_mapping', 'pythonpath')
[1.330s] [34mcolcon.colcon_core.shell[0m [1;30mINFO[0m Creating environment hook '/home/deepak/gps-denied-vtol/software/install/quadcopter_mapping/share/quadcopter_mapping/hook/pythonpath.ps1'
[1.330s] [34mcolcon.colcon_core.shell[0m [1;30mINFO[0m Creating environment descriptor '/home/deepak/gps-denied-vtol/software/install/quadcopter_mapping/share/quadcopter_mapping/hook/pythonpath.dsv'
[1.331s] [34mcolcon.colcon_core.shell[0m [1;30mINFO[0m Creating environment hook '/home/deepak/gps-denied-vtol/software/install/quadcopter_mapping/share/quadcopter_mapping/hook/pythonpath.sh'
[1.331s] [34mcolcon.colcon_core.environment[0m [1;30mLevel 1[0m checking '/home/deepak/gps-denied-vtol/software/install/quadcopter_mapping/bin'
[1.331s] [34mcolcon.colcon_core.environment[0m [1;30mLevel 1[0m create_environment_scripts_only(quadcopter_mapping)
[1.332s] [34mcolcon.colcon_core.shell[0m [1;30mINFO[0m Creating package script '/home/deepak/gps-denied-vtol/software/install/quadcopter_mapping/share/quadcopter_mapping/package.ps1'
[1.332s] [34mcolcon.colcon_core.shell[0m [1;30mINFO[0m Creating package descriptor '/home/deepak/gps-denied-vtol/software/install/quadcopter_mapping/share/quadcopter_mapping/package.dsv'
[1.332s] [34mcolcon.colcon_core.shell[0m [1;30mINFO[0m Creating package script '/home/deepak/gps-denied-vtol/software/install/quadcopter_mapping/share/quadcopter_mapping/package.sh'
[1.333s] [34mcolcon.colcon_core.shell[0m [1;30mINFO[0m Creating package script '/home/deepak/gps-denied-vtol/software/install/quadcopter_mapping/share/quadcopter_mapping/package.bash'
[1.333s] [34mcolcon.colcon_core.shell[0m [1;30mINFO[0m Creating package script '/home/deepak/gps-denied-vtol/software/install/quadcopter_mapping/share/quadcopter_mapping/package.zsh'
[1.333s] [34mcolcon.colcon_core.environment[0m [1;30mLevel 1[0m create_file_with_runtime_dependencies(/home/deepak/gps-denied-vtol/software/install/quadcopter_mapping/share/colcon-core/packages/quadcopter_mapping)
[1.334s] [34mcolcon.colcon_core.environment[0m [1;30mLevel 1[0m checking '/home/deepak/gps-denied-vtol/software/install/quadcopter_localization' for CMake module files
[1.334s] [34mcolcon.colcon_core.event_handler.log_command[0m [1;30mDEBUG[0m [32mInvoked command in '/home/deepak/gps-denied-vtol/software/src/quadcopter_localization' returned '0': PYTHONPATH=/home/deepak/gps-denied-vtol/software/build/quadcopter_localization/prefix_override:/usr/lib/python3/dist-packages/colcon_core/task/python/colcon_distutils_commands:/home/deepak/gps-denied-vtol/software/install/quadcopter_localization/lib/python3.10/site-packages:${PYTHONPATH} /usr/bin/python3 -W ignore:setup.py install is deprecated -W ignore:easy_install command is deprecated setup.py egg_info --egg-base ../../build/quadcopter_localization build --build-base /home/deepak/gps-denied-vtol/software/build/quadcopter_localization/build install --record /home/deepak/gps-denied-vtol/software/build/quadcopter_localization/install.log --single-version-externally-managed install_data[0m
[1.335s] [34mcolcon.colcon_core.environment[0m [1;30mLevel 1[0m checking '/home/deepak/gps-denied-vtol/software/install/quadcopter_localization' for CMake config files
[1.335s] [34mcolcon.colcon_core.environment[0m [1;30mLevel 1[0m checking '/home/deepak/gps-denied-vtol/software/install/quadcopter_localization/lib'
[1.335s] [34mcolcon.colcon_core.environment[0m [1;30mLevel 1[0m checking '/home/deepak/gps-denied-vtol/software/install/quadcopter_localization/bin'
[1.335s] [34mcolcon.colcon_core.environment[0m [1;30mLevel 1[0m checking '/home/deepak/gps-denied-vtol/software/install/quadcopter_localization/lib/pkgconfig/quadcopter_localization.pc'
[1.335s] [34mcolcon.colcon_core.environment[0m [1;30mLevel 1[0m checking '/home/deepak/gps-denied-vtol/software/install/quadcopter_localization/lib/python3.10/site-packages'
[1.335s] [34mcolcon.colcon_core.shell[0m [1;30mLevel 1[0m create_environment_hook('quadcopter_localization', 'pythonpath')
[1.336s] [34mcolcon.colcon_core.shell[0m [1;30mINFO[0m Creating environment hook '/home/deepak/gps-denied-vtol/software/install/quadcopter_localization/share/quadcopter_localization/hook/pythonpath.ps1'
[1.336s] [34mcolcon.colcon_core.shell[0m [1;30mINFO[0m Creating environment descriptor '/home/deepak/gps-denied-vtol/software/install/quadcopter_localization/share/quadcopter_localization/hook/pythonpath.dsv'
[1.336s] [34mcolcon.colcon_core.shell[0m [1;30mINFO[0m Creating environment hook '/home/deepak/gps-denied-vtol/software/install/quadcopter_localization/share/quadcopter_localization/hook/pythonpath.sh'
[1.337s] [34mcolcon.colcon_core.environment[0m [1;30mLevel 1[0m checking '/home/deepak/gps-denied-vtol/software/install/quadcopter_localization/bin'
[1.337s] [34mcolcon.colcon_core.environment[0m [1;30mLevel 1[0m create_environment_scripts_only(quadcopter_localization)
[1.337s] [34mcolcon.colcon_core.shell[0m [1;30mINFO[0m Creating package script '/home/deepak/gps-denied-vtol/software/install/quadcopter_localization/share/quadcopter_localization/package.ps1'
[1.338s] [34mcolcon.colcon_core.shell[0m [1;30mINFO[0m Creating package descriptor '/home/deepak/gps-denied-vtol/software/install/quadcopter_localization/share/quadcopter_localization/package.dsv'
[1.338s] [34mcolcon.colcon_core.shell[0m [1;30mINFO[0m Creating package script '/home/deepak/gps-denied-vtol/software/install/quadcopter_localization/share/quadcopter_localization/package.sh'
[1.338s] [34mcolcon.colcon_core.shell[0m [1;30mINFO[0m Creating package script '/home/deepak/gps-denied-vtol/software/install/quadcopter_localization/share/quadcopter_localization/package.bash'
[1.339s] [34mcolcon.colcon_core.shell[0m [1;30mINFO[0m Creating package script '/home/deepak/gps-denied-vtol/software/install/quadcopter_localization/share/quadcopter_localization/package.zsh'
[1.339s] [34mcolcon.colcon_core.environment[0m [1;30mLevel 1[0m create_file_with_runtime_dependencies(/home/deepak/gps-denied-vtol/software/install/quadcopter_localization/share/colcon-core/packages/quadcopter_localization)
[1.339s] [34mcolcon.colcon_parallel_executor.executor.parallel[0m [1;30mDEBUG[0m [32mclosing loop[0m
[1.339s] [34mcolcon.colcon_parallel_executor.executor.parallel[0m [1;30mDEBUG[0m [32mloop closed[0m
[1.339s] [34mcolcon.colcon_parallel_executor.executor.parallel[0m [1;30mDEBUG[0m [32mrun_until_complete finished with '0'[0m
[1.340s] [34mcolcon.colcon_core.event_reactor[0m [1;30mDEBUG[0m [32mjoining thread[0m
[1.345s] [34mcolcon.colcon_core.plugin_system[0m [1;30mINFO[0m Skipping extension 'colcon_notification.desktop_notification.terminal_notifier': Not used on non-Darwin systems
[1.345s] [34mcolcon.colcon_core.plugin_system[0m [1;30mINFO[0m Skipping extension 'colcon_notification.desktop_notification.win32': Not used on non-Windows systems
[1.345s] [34mcolcon.colcon_notification.desktop_notification[0m [1;30mINFO[0m Sending desktop notification using 'notify2'
[1.355s] [34mcolcon.colcon_core.event_reactor[0m [1;30mDEBUG[0m [32mjoined thread[0m
[1.355s] [34mcolcon.colcon_core.shell[0m [1;30mINFO[0m Creating prefix script '/home/deepak/gps-denied-vtol/software/install/local_setup.ps1'
[1.356s] [34mcolcon.colcon_core.shell[0m [1;30mINFO[0m Creating prefix util module '/home/deepak/gps-denied-vtol/software/install/_local_setup_util_ps1.py'
[1.357s] [34mcolcon.colcon_core.shell[0m [1;30mINFO[0m Creating prefix chain script '/home/deepak/gps-denied-vtol/software/install/setup.ps1'
[1.359s] [34mcolcon.colcon_core.shell[0m [1;30mINFO[0m Creating prefix script '/home/deepak/gps-denied-vtol/software/install/local_setup.sh'
[1.359s] [34mcolcon.colcon_core.shell[0m [1;30mINFO[0m Creating prefix util module '/home/deepak/gps-denied-vtol/software/install/_local_setup_util_sh.py'
[1.359s] [34mcolcon.colcon_core.shell[0m [1;30mINFO[0m Creating prefix chain script '/home/deepak/gps-denied-vtol/software/install/setup.sh'
[1.360s] [34mcolcon.colcon_core.shell[0m [1;30mINFO[0m Creating prefix script '/home/deepak/gps-denied-vtol/software/install/local_setup.bash'
[1.361s] [34mcolcon.colcon_core.shell[0m [1;30mINFO[0m Creating prefix chain script '/home/deepak/gps-denied-vtol/software/install/setup.bash'
[1.362s] [34mcolcon.colcon_core.shell[0m [1;30mINFO[0m Creating prefix script '/home/deepak/gps-denied-vtol/software/install/local_setup.zsh'
[1.362s] [34mcolcon.colcon_core.shell[0m [1;30mINFO[0m Creating prefix chain script '/home/deepak/gps-denied-vtol/software/install/setup.zsh'
