[0.386s] Invoking command in '/home/deepak/PX4-Autopilot/ros2_ws/src/x500_px4_bridge': PYTHONPATH=/home/deepak/PX4-Autopilot/ros2_ws/build/x500_px4_bridge/prefix_override:/usr/lib/python3/dist-packages/colcon_core/task/python/colcon_distutils_commands:/home/deepak/PX4-Autopilot/ros2_ws/install/x500_px4_bridge/lib/python3.10/site-packages:${PYTHONPATH} /usr/bin/python3 -W ignore:setup.py install is deprecated -W ignore:easy_install command is deprecated setup.py egg_info --egg-base ../../build/x500_px4_bridge build --build-base /home/deepak/PX4-Autopilot/ros2_ws/build/x500_px4_bridge/build install --record /home/deepak/PX4-Autopilot/ros2_ws/build/x500_px4_bridge/install.log --install-scripts $base/lib/x500_px4_bridge --single-version-externally-managed install_data
[0.532s] running egg_info
[0.532s] creating ../../build/x500_px4_bridge/x500_px4_bridge.egg-info
[0.532s] writing ../../build/x500_px4_bridge/x500_px4_bridge.egg-info/PKG-INFO
[0.532s] writing dependency_links to ../../build/x500_px4_bridge/x500_px4_bridge.egg-info/dependency_links.txt
[0.532s] writing entry points to ../../build/x500_px4_bridge/x500_px4_bridge.egg-info/entry_points.txt
[0.532s] writing requirements to ../../build/x500_px4_bridge/x500_px4_bridge.egg-info/requires.txt
[0.532s] writing top-level names to ../../build/x500_px4_bridge/x500_px4_bridge.egg-info/top_level.txt
[0.533s] writing manifest file '../../build/x500_px4_bridge/x500_px4_bridge.egg-info/SOURCES.txt'
[0.533s] reading manifest file '../../build/x500_px4_bridge/x500_px4_bridge.egg-info/SOURCES.txt'
[0.534s] writing manifest file '../../build/x500_px4_bridge/x500_px4_bridge.egg-info/SOURCES.txt'
[0.534s] running build
[0.534s] running build_py
[0.534s] creating /home/deepak/PX4-Autopilot/ros2_ws/build/x500_px4_bridge/build
[0.534s] creating /home/deepak/PX4-Autopilot/ros2_ws/build/x500_px4_bridge/build/lib
[0.534s] creating /home/deepak/PX4-Autopilot/ros2_ws/build/x500_px4_bridge/build/lib/x500_px4_bridge
[0.534s] copying x500_px4_bridge/x500_px4_bridge.py -> /home/deepak/PX4-Autopilot/ros2_ws/build/x500_px4_bridge/build/lib/x500_px4_bridge
[0.534s] copying x500_px4_bridge/__init__.py -> /home/deepak/PX4-Autopilot/ros2_ws/build/x500_px4_bridge/build/lib/x500_px4_bridge
[0.534s] running install
[0.534s] running install_lib
[0.535s] creating /home/deepak/PX4-Autopilot/ros2_ws/install/x500_px4_bridge/lib/python3.10/site-packages/x500_px4_bridge
[0.535s] copying /home/deepak/PX4-Autopilot/ros2_ws/build/x500_px4_bridge/build/lib/x500_px4_bridge/x500_px4_bridge.py -> /home/deepak/PX4-Autopilot/ros2_ws/install/x500_px4_bridge/lib/python3.10/site-packages/x500_px4_bridge
[0.535s] copying /home/deepak/PX4-Autopilot/ros2_ws/build/x500_px4_bridge/build/lib/x500_px4_bridge/__init__.py -> /home/deepak/PX4-Autopilot/ros2_ws/install/x500_px4_bridge/lib/python3.10/site-packages/x500_px4_bridge
[0.535s] byte-compiling /home/deepak/PX4-Autopilot/ros2_ws/install/x500_px4_bridge/lib/python3.10/site-packages/x500_px4_bridge/x500_px4_bridge.py to x500_px4_bridge.cpython-310.pyc
[0.536s] byte-compiling /home/deepak/PX4-Autopilot/ros2_ws/install/x500_px4_bridge/lib/python3.10/site-packages/x500_px4_bridge/__init__.py to __init__.cpython-310.pyc
[0.536s] running install_data
[0.536s] creating /home/deepak/PX4-Autopilot/ros2_ws/install/x500_px4_bridge/share/ament_index
[0.536s] creating /home/deepak/PX4-Autopilot/ros2_ws/install/x500_px4_bridge/share/ament_index/resource_index
[0.536s] creating /home/deepak/PX4-Autopilot/ros2_ws/install/x500_px4_bridge/share/ament_index/resource_index/packages
[0.536s] copying resource/x500_px4_bridge -> /home/deepak/PX4-Autopilot/ros2_ws/install/x500_px4_bridge/share/ament_index/resource_index/packages
[0.537s] copying package.xml -> /home/deepak/PX4-Autopilot/ros2_ws/install/x500_px4_bridge/share/x500_px4_bridge
[0.537s] running install_egg_info
[0.537s] Copying ../../build/x500_px4_bridge/x500_px4_bridge.egg-info to /home/deepak/PX4-Autopilot/ros2_ws/install/x500_px4_bridge/lib/python3.10/site-packages/x500_px4_bridge-0.0.0-py3.10.egg-info
[0.538s] running install_scripts
[0.549s] Installing x500_px4_bridge script to /home/deepak/PX4-Autopilot/ros2_ws/install/x500_px4_bridge/lib/x500_px4_bridge
[0.549s] writing list of installed files to '/home/deepak/PX4-Autopilot/ros2_ws/build/x500_px4_bridge/install.log'
[0.563s] Invoked command in '/home/deepak/PX4-Autopilot/ros2_ws/src/x500_px4_bridge' returned '0': PYTHONPATH=/home/deepak/PX4-Autopilot/ros2_ws/build/x500_px4_bridge/prefix_override:/usr/lib/python3/dist-packages/colcon_core/task/python/colcon_distutils_commands:/home/deepak/PX4-Autopilot/ros2_ws/install/x500_px4_bridge/lib/python3.10/site-packages:${PYTHONPATH} /usr/bin/python3 -W ignore:setup.py install is deprecated -W ignore:easy_install command is deprecated setup.py egg_info --egg-base ../../build/x500_px4_bridge build --build-base /home/deepak/PX4-Autopilot/ros2_ws/build/x500_px4_bridge/build install --record /home/deepak/PX4-Autopilot/ros2_ws/build/x500_px4_bridge/install.log --install-scripts $base/lib/x500_px4_bridge --single-version-externally-managed install_data
