[0.384s] Invoking command in '/home/deepak/PX4-Autopilot/ros2_ws/build/x500_px4_bridge': PYTHONPATH=/home/deepak/PX4-Autopilot/ros2_ws/build/x500_px4_bridge/prefix_override:/usr/lib/python3/dist-packages/colcon_core/task/python/colcon_distutils_commands:/home/deepak/PX4-Autopilot/ros2_ws/install/x500_px4_bridge/lib/python3.10/site-packages:${PYTHONPATH} /usr/bin/python3 -W ignore:setup.py install is deprecated -W ignore:easy_install command is deprecated setup.py develop --uninstall --editable --build-directory /home/deepak/PX4-Autopilot/ros2_ws/build/x500_px4_bridge/build
[0.544s] running develop
[0.664s] Removing /home/deepak/PX4-Autopilot/ros2_ws/install/x500_px4_bridge/lib/python3.10/site-packages/x500-px4-bridge.egg-link (link to .)
[0.680s] Invoked command in '/home/deepak/PX4-Autopilot/ros2_ws/build/x500_px4_bridge' returned '0': PYTHONPATH=/home/deepak/PX4-Autopilot/ros2_ws/build/x500_px4_bridge/prefix_override:/usr/lib/python3/dist-packages/colcon_core/task/python/colcon_distutils_commands:/home/deepak/PX4-Autopilot/ros2_ws/install/x500_px4_bridge/lib/python3.10/site-packages:${PYTHONPATH} /usr/bin/python3 -W ignore:setup.py install is deprecated -W ignore:easy_install command is deprecated setup.py develop --uninstall --editable --build-directory /home/deepak/PX4-Autopilot/ros2_ws/build/x500_px4_bridge/build
[0.681s] Invoking command in '/home/deepak/PX4-Autopilot/ros2_ws/src/x500_px4_bridge': PYTHONPATH=/home/deepak/PX4-Autopilot/ros2_ws/build/x500_px4_bridge/prefix_override:/usr/lib/python3/dist-packages/colcon_core/task/python/colcon_distutils_commands:/home/deepak/PX4-Autopilot/ros2_ws/install/x500_px4_bridge/lib/python3.10/site-packages:${PYTHONPATH} /usr/bin/python3 -W ignore:setup.py install is deprecated -W ignore:easy_install command is deprecated setup.py egg_info --egg-base ../../build/x500_px4_bridge build --build-base /home/deepak/PX4-Autopilot/ros2_ws/build/x500_px4_bridge/build install --record /home/deepak/PX4-Autopilot/ros2_ws/build/x500_px4_bridge/install.log --install-scripts $base/lib/x500_px4_bridge --single-version-externally-managed install_data --force
[0.831s] running egg_info
[0.831s] writing ../../build/x500_px4_bridge/x500_px4_bridge.egg-info/PKG-INFO
[0.831s] writing dependency_links to ../../build/x500_px4_bridge/x500_px4_bridge.egg-info/dependency_links.txt
[0.831s] writing entry points to ../../build/x500_px4_bridge/x500_px4_bridge.egg-info/entry_points.txt
[0.831s] writing requirements to ../../build/x500_px4_bridge/x500_px4_bridge.egg-info/requires.txt
[0.831s] writing top-level names to ../../build/x500_px4_bridge/x500_px4_bridge.egg-info/top_level.txt
[0.832s] reading manifest file '../../build/x500_px4_bridge/x500_px4_bridge.egg-info/SOURCES.txt'
[0.832s] writing manifest file '../../build/x500_px4_bridge/x500_px4_bridge.egg-info/SOURCES.txt'
[0.832s] running build
[0.833s] running build_py
[0.833s] creating /home/deepak/PX4-Autopilot/ros2_ws/build/x500_px4_bridge/build
[0.833s] creating /home/deepak/PX4-Autopilot/ros2_ws/build/x500_px4_bridge/build/lib
[0.833s] creating /home/deepak/PX4-Autopilot/ros2_ws/build/x500_px4_bridge/build/lib/x500_px4_bridge
[0.833s] copying x500_px4_bridge/x500_px4_bridge.py -> /home/deepak/PX4-Autopilot/ros2_ws/build/x500_px4_bridge/build/lib/x500_px4_bridge
[0.833s] copying x500_px4_bridge/__init__.py -> /home/deepak/PX4-Autopilot/ros2_ws/build/x500_px4_bridge/build/lib/x500_px4_bridge
[0.833s] running install
[0.833s] running install_lib
[0.833s] creating /home/deepak/PX4-Autopilot/ros2_ws/install/x500_px4_bridge/lib/python3.10/site-packages/x500_px4_bridge
[0.833s] copying /home/deepak/PX4-Autopilot/ros2_ws/build/x500_px4_bridge/build/lib/x500_px4_bridge/x500_px4_bridge.py -> /home/deepak/PX4-Autopilot/ros2_ws/install/x500_px4_bridge/lib/python3.10/site-packages/x500_px4_bridge
[0.833s] copying /home/deepak/PX4-Autopilot/ros2_ws/build/x500_px4_bridge/build/lib/x500_px4_bridge/__init__.py -> /home/deepak/PX4-Autopilot/ros2_ws/install/x500_px4_bridge/lib/python3.10/site-packages/x500_px4_bridge
[0.834s] byte-compiling /home/deepak/PX4-Autopilot/ros2_ws/install/x500_px4_bridge/lib/python3.10/site-packages/x500_px4_bridge/x500_px4_bridge.py to x500_px4_bridge.cpython-310.pyc
[0.835s] byte-compiling /home/deepak/PX4-Autopilot/ros2_ws/install/x500_px4_bridge/lib/python3.10/site-packages/x500_px4_bridge/__init__.py to __init__.cpython-310.pyc
[0.835s] running install_data
[0.835s] copying resource/x500_px4_bridge -> /home/deepak/PX4-Autopilot/ros2_ws/install/x500_px4_bridge/share/ament_index/resource_index/packages
[0.835s] copying package.xml -> /home/deepak/PX4-Autopilot/ros2_ws/install/x500_px4_bridge/share/x500_px4_bridge
[0.835s] running install_egg_info
[0.836s] Copying ../../build/x500_px4_bridge/x500_px4_bridge.egg-info to /home/deepak/PX4-Autopilot/ros2_ws/install/x500_px4_bridge/lib/python3.10/site-packages/x500_px4_bridge-0.0.1-py3.10.egg-info
[0.836s] running install_scripts
[0.848s] Installing x500_px4_bridge script to /home/deepak/PX4-Autopilot/ros2_ws/install/x500_px4_bridge/lib/x500_px4_bridge
[0.848s] writing list of installed files to '/home/deepak/PX4-Autopilot/ros2_ws/build/x500_px4_bridge/install.log'
[0.861s] Invoked command in '/home/deepak/PX4-Autopilot/ros2_ws/src/x500_px4_bridge' returned '0': PYTHONPATH=/home/deepak/PX4-Autopilot/ros2_ws/build/x500_px4_bridge/prefix_override:/usr/lib/python3/dist-packages/colcon_core/task/python/colcon_distutils_commands:/home/deepak/PX4-Autopilot/ros2_ws/install/x500_px4_bridge/lib/python3.10/site-packages:${PYTHONPATH} /usr/bin/python3 -W ignore:setup.py install is deprecated -W ignore:easy_install command is deprecated setup.py egg_info --egg-base ../../build/x500_px4_bridge build --build-base /home/deepak/PX4-Autopilot/ros2_ws/build/x500_px4_bridge/build install --record /home/deepak/PX4-Autopilot/ros2_ws/build/x500_px4_bridge/install.log --install-scripts $base/lib/x500_px4_bridge --single-version-externally-managed install_data --force
