-- The C compiler identification is GNU 11.4.0
-- The CXX compiler identification is GNU 11.4.0
-- Detecting C compiler ABI info
-- Detecting C compiler ABI info - done
-- Check for working C compiler: /usr/bin/cc - skipped
-- Detecting C compile features
-- Detecting C compile features - done
-- Detecting CXX compiler ABI info
-- Detecting CXX compiler ABI info - done
-- Check for working CXX compiler: /usr/bin/c++ - skipped
-- Detecting CXX compile features
-- Detecting CXX compile features - done
-- Found ament_cmake: 1.3.14 (/opt/ros/humble/share/ament_cmake/cmake)
-- Found Python3: /usr/bin/python3 (found version "3.10.12") found components: Interpreter 
-- Found rclcpp: 16.0.19 (/opt/ros/humble/share/rclcpp/cmake)
-- Found rosidl_generator_c: 3.1.9 (/opt/ros/humble/share/rosidl_generator_c/cmake)
-- Found rosidl_adapter: 3.1.9 (/opt/ros/humble/share/rosidl_adapter/cmake)
-- Found rosidl_generator_cpp: 3.1.9 (/opt/ros/humble/share/rosidl_generator_cpp/cmake)
-- Using all available rosidl_typesupport_c: rosidl_typesupport_fastrtps_c;rosidl_typesupport_introspection_c
-- Using all available rosidl_typesupport_cpp: rosidl_typesupport_fastrtps_cpp;rosidl_typesupport_introspection_cpp
-- Found rmw_implementation_cmake: 6.1.2 (/opt/ros/humble/share/rmw_implementation_cmake/cmake)
-- Found rmw_cyclonedds_cpp: 1.3.4 (/opt/ros/humble/share/rmw_cyclonedds_cpp/cmake)
-- Using RMW implementation 'rmw_cyclonedds_cpp' as default
-- Looking for pthread.h
-- Looking for pthread.h - found
-- Performing Test CMAKE_HAVE_LIBC_PTHREAD
-- Performing Test CMAKE_HAVE_LIBC_PTHREAD - Success
-- Found Threads: TRUE  
-- Found geometry_msgs: 4.9.1 (/opt/ros/humble/share/geometry_msgs/cmake)
-- Found image_geometry: 3.2.1 (/opt/ros/humble/share/image_geometry/cmake)
-- Found map_msgs: 2.1.0 (/opt/ros/humble/share/map_msgs/cmake)
-- Found tf2_geometry_msgs: 0.25.20 (/opt/ros/humble/share/tf2_geometry_msgs/cmake)
-- Found eigen3_cmake_module: 0.1.1 (/opt/ros/humble/share/eigen3_cmake_module/cmake)
-- Found Eigen3: TRUE (found version "3.4.0") 
-- Ensuring Eigen3 include directory is part of orocos-kdl CMake target
-- Found Boost: /usr/lib/x86_64-linux-gnu/cmake/Boost-1.74.0/BoostConfig.cmake (found version "1.74.0") found components: thread 
-- Found OpenCV: /usr (found version "4.5.4") 
-- Found ament_lint_auto: 0.12.15 (/opt/ros/humble/share/ament_lint_auto/cmake)
-- Found ament_cmake_gtest: 1.3.14 (/opt/ros/humble/share/ament_cmake_gtest/cmake)
--2026-09-10 19:57:58--  https://raw.githubusercontent.com/hrnr/m-explore-extra/master/map_merge/hector_maps/map00.pgm
Resolving raw.githubusercontent.com (raw.githubusercontent.com)... 185.199.109.133, 185.199.108.133, 185.199.111.133, ...
Connecting to raw.githubusercontent.com (raw.githubusercontent.com)|185.199.109.133|:443... failed: Connection timed out.
Connecting to raw.githubusercontent.com (raw.githubusercontent.com)|185.199.108.133|:443... connected.
HTTP request sent, awaiting response... 200 OK
Length: 4194362 (4.0M) [application/octet-stream]
Saving to: ‘/home/deepak/PX4-Autopilot/ros2_ws/build/multirobot_map_merge/map00.pgm’

     0K .......... .......... .......... .......... ..........  1%  772K 5s
    50K .......... .......... .......... .......... ..........  2%  947K 5s
   100K .......... .......... .......... .......... ..........  3% 3.85M 3s
   150K .......... .......... .......... .......... ..........  4% 1.37M 3s
   200K .......... .......... .......... .......... ..........  6% 3.88M 3s
   250K .......... .......... .......... .......... ..........  7% 7.06M 2s
   300K .......... .......... .......... .......... ..........  8% 7.10M 2s
   350K .......... .......... .......... .......... ..........  9% 1.90M 2s
   400K .......... .......... .......... .......... .......... 10% 9.14M 2s
   450K .......... .......... .......... .......... .......... 12% 8.69M 2s
   500K .......... .......... .......... .......... .......... 13% 11.5M 2s
   550K .......... .......... .......... .......... .......... 14% 9.32M 1s
   600K .......... .......... .......... .......... .......... 15% 10.2M 1s
   650K .......... .......... .......... .......... .......... 17% 11.3M 1s
   700K .......... .......... .......... .......... .......... 18% 10.9M 1s
   750K .......... .......... .......... .......... .......... 19% 13.4M 1s
   800K .......... .......... .......... .......... .......... 20% 2.07M 1s
   850K .......... .......... .......... .......... .......... 21% 15.6M 1s
   900K .......... .......... .......... .......... .......... 23% 9.16M 1s
   950K .......... .......... .......... .......... .......... 24% 16.3M 1s
  1000K .......... .......... .......... .......... .......... 25% 8.65M 1s
  1050K .......... .......... .......... .......... .......... 26% 7.67M 1s
  1100K .......... .......... .......... .......... .......... 28% 16.1M 1s
  1150K .......... .......... .......... .......... .......... 29% 15.6M 1s
  1200K .......... .......... .......... .......... .......... 30% 12.6M 1s
  1250K .......... .......... .......... .......... .......... 31% 8.75M 1s
  1300K .......... .......... .......... .......... .......... 32% 16.7M 1s
  1350K .......... .......... .......... .......... .......... 34% 6.77M 1s
  1400K .......... .......... .......... .......... .......... 35% 12.4M 1s
  1450K .......... .......... .......... .......... .......... 36% 9.83M 1s
  1500K .......... .......... .......... .......... .......... 37% 15.0M 1s
  1550K .......... .......... .......... .......... .......... 39% 10.3M 1s
  1600K .......... .......... .......... .......... .......... 40% 15.9M 1s
  1650K .......... .......... .......... .......... .......... 41% 13.6M 0s
  1700K .......... .......... .......... .......... .......... 42% 7.71M 0s
  1750K .......... .......... .......... .......... .......... 43% 12.6M 0s
  1800K .......... .......... .......... .......... .......... 45% 6.72M 0s
  1850K .......... .......... .......... .......... .......... 46% 15.1M 0s
  1900K .......... .......... .......... .......... .......... 47% 24.2M 0s
  1950K .......... .......... .......... .......... .......... 48% 11.1M 0s
  2000K .......... .......... .......... .......... .......... 50% 12.8M 0s
  2050K .......... .......... .......... .......... .......... 51% 12.1M 0s
  2100K .......... .......... .......... .......... .......... 52% 11.1M 0s
  2150K .......... .......... .......... .......... .......... 53% 9.30M 0s
  2200K .......... .......... .......... .......... .......... 54% 9.56M 0s
  2250K .......... .......... .......... .......... .......... 56% 5.61M 0s
  2300K .......... .......... .......... .......... .......... 57% 23.0M 0s
  2350K .......... .......... .......... .......... .......... 58% 13.4M 0s
  2400K .......... .......... .......... .......... .......... 59% 13.4M 0s
  2450K .......... .......... .......... .......... .......... 61% 24.1M 0s
  2500K .......... .......... .......... .......... .......... 62% 11.2M 0s
  2550K .......... .......... .......... .......... .......... 63% 10.9M 0s
  2600K .......... .......... .......... .......... .......... 64% 8.31M 0s
  2650K .......... .......... .......... .......... .......... 65% 12.8M 0s
  2700K .......... .......... .......... .......... .......... 67% 13.0M 0s
  2750K .......... .......... .......... .......... .......... 68% 11.5M 0s
  2800K .......... .......... .......... .......... .......... 69% 9.99M 0s
  2850K .......... .......... .......... .......... .......... 70% 13.1M 0s
  2900K .......... .......... .......... .......... .......... 72% 11.0M 0s
  2950K .......... .......... .......... .......... .......... 73% 12.3M 0s
  3000K .......... .......... .......... .......... .......... 74%  796K 0s
  3050K .......... .......... .......... .......... .......... 75% 8.39M 0s
  3100K .......... .......... .......... .......... .......... 76% 7.48M 0s
  3150K .......... .......... .......... .......... .......... 78% 27.9M 0s
  3200K .......... .......... .......... .......... .......... 79%  639M 0s
  3250K .......... .......... .......... .......... .......... 80%  745M 0s
  3300K .......... .......... .......... .......... .......... 81% 21.7M 0s
  3350K .......... .......... .......... .......... .......... 83% 11.1M 0s
  3400K .......... .......... .......... .......... .......... 84% 11.2M 0s
  3450K .......... .......... .......... .......... .......... 85% 30.8M 0s
  3500K .......... .......... .......... .......... .......... 86%  109M 0s
  3550K .......... .......... .......... .......... .......... 87% 10.2M 0s
  3600K .......... .......... .......... .......... .......... 89% 26.3M 0s
  3650K .......... .......... .......... .......... .......... 90% 17.0M 0s
  3700K .......... .......... .......... .......... .......... 91%  798M 0s
  3750K .......... .......... .......... .......... .......... 92%  815M 0s
  3800K .......... .......... .......... .......... .......... 93% 2.74M 0s
  3850K .......... .......... .......... .......... .......... 95% 28.4M 0s
  3900K .......... .......... .......... .......... .......... 96%  763M 0s
  3950K .......... .......... .......... .......... .......... 97% 20.6M 0s
  4000K .......... .......... .......... .......... .......... 98%  673M 0s
  4050K .......... .......... .......... .......... ......    100%  663M=0.6s

2026-09-10 20:00:15 (6.81 MB/s) - ‘/home/deepak/PX4-Autopilot/ros2_ws/build/multirobot_map_merge/map00.pgm’ saved [4194362/4194362]

Checking MD5 sum of /home/deepak/PX4-Autopilot/ros2_ws/build/multirobot_map_merge/map00.pgm
/home/deepak/PX4-Autopilot/ros2_ws/build/multirobot_map_merge/map00.pgm: OK
--2026-09-10 20:00:15--  https://raw.githubusercontent.com/hrnr/m-explore-extra/master/map_merge/hector_maps/map05.pgm
Resolving raw.githubusercontent.com (raw.githubusercontent.com)... 185.199.111.133, 185.199.108.133, 185.199.110.133, ...
Connecting to raw.githubusercontent.com (raw.githubusercontent.com)|185.199.111.133|:443... connected.
HTTP request sent, awaiting response... 200 OK
Length: 4194362 (4.0M) [application/octet-stream]
Saving to: ‘/home/deepak/PX4-Autopilot/ros2_ws/build/multirobot_map_merge/map05.pgm’

     0K .......... .......... .......... .......... ..........  1%  787K 5s
    50K .......... .......... .......... .......... ..........  2%  898K 5s
   100K .......... .......... .......... .......... ..........  3% 3.83M 3s
   150K .......... .......... .......... .......... ..........  4% 1.40M 3s
   200K .......... .......... .......... .......... ..........  6% 4.60M 3s
   250K .......... .......... .......... .......... ..........  7% 6.68M 2s
   300K .......... .......... .......... .......... ..........  8% 7.08M 2s
   350K .......... .......... .......... .......... ..........  9% 5.61M 2s
   400K .......... .......... .......... .......... .......... 10% 2.11M 2s
   450K .......... .......... .......... .......... .......... 12% 7.66M 2s
   500K .......... .......... .......... .......... .......... 13% 10.2M 2s
   550K .......... .......... .......... .......... .......... 14% 12.8M 1s
   600K .......... .......... .......... .......... .......... 15% 10.2M 1s
   650K .......... .......... .......... .......... .......... 17% 13.2M 1s
   700K .......... .......... .......... .......... .......... 18% 7.82M 1s
   750K .......... .......... .......... .......... .......... 19% 12.0M 1s
   800K .......... .......... .......... .......... .......... 20% 2.58M 1s
   850K .......... .......... .......... .......... .......... 21% 11.9M 1s
   900K .......... .......... .......... .......... .......... 23% 12.0M 1s
   950K .......... .......... .......... .......... .......... 24% 12.1M 1s
  1000K .......... .......... .......... .......... .......... 25% 10.9M 1s
  1050K .......... .......... .......... .......... .......... 26% 9.36M 1s
  1100K .......... .......... .......... .......... .......... 28% 15.6M 1s
  1150K .......... .......... .......... .......... .......... 29% 8.20M 1s
  1200K .......... .......... .......... .......... .......... 30% 13.9M 1s
  1250K .......... .......... .......... .......... .......... 31% 6.49M 1s
  1300K .......... .......... .......... .......... .......... 32% 22.3M 1s
  1350K .......... .......... .......... .......... .......... 34% 11.6M 1s
  1400K .......... .......... .......... .......... .......... 35% 15.6M 1s
  1450K .......... .......... .......... .......... .......... 36% 11.5M 1s
  1500K .......... .......... .......... .......... .......... 37% 10.9M 1s
  1550K .......... .......... .......... .......... .......... 39% 12.1M 1s
  1600K .......... .......... .......... .......... .......... 40% 7.68M 1s
  1650K .......... .......... .......... .......... .......... 41% 13.5M 0s
  1700K .......... .......... .......... .......... .......... 42% 13.5M 0s
  1750K .......... .......... .......... .......... .......... 43% 11.7M 0s
  1800K .......... .......... .......... .......... .......... 45% 9.77M 0s
  1850K .......... .......... .......... .......... .......... 46% 13.0M 0s
  1900K .......... .......... .......... .......... .......... 47% 9.92M 0s
  1950K .......... .......... .......... .......... .......... 48% 12.8M 0s
  2000K .......... .......... .......... .......... .......... 50% 9.06M 0s
  2050K .......... .......... .......... .......... .......... 51% 12.8M 0s
  2100K .......... .......... .......... .......... .......... 52% 11.2M 0s
  2150K .......... .......... .......... .......... .......... 53% 12.2M 0s
  2200K .......... .......... .......... .......... .......... 54% 12.7M 0s
  2250K .......... .......... .......... .......... .......... 56% 9.14M 0s
  2300K .......... .......... .......... .......... .......... 57% 11.2M 0s
  2350K .......... .......... .......... .......... .......... 58% 12.0M 0s
  2400K .......... .......... .......... .......... .......... 59% 9.25M 0s
  2450K .......... .......... .......... .......... .......... 61% 11.7M 0s
  2500K .......... .......... .......... .......... .......... 62% 12.7M 0s
  2550K .......... .......... .......... .......... .......... 63% 8.85M 0s
  2600K .......... .......... .......... .......... .......... 64% 17.3M 0s
  2650K .......... .......... .......... .......... .......... 65% 9.61M 0s
  2700K .......... .......... .......... .......... .......... 67% 13.3M 0s
  2750K .......... .......... .......... .......... .......... 68% 12.1M 0s
  2800K .......... .......... .......... .......... .......... 69% 8.68M 0s
  2850K .......... .......... .......... .......... .......... 70% 12.2M 0s
  2900K .......... .......... .......... .......... .......... 72%  631K 0s
  2950K .......... .......... .......... .......... .......... 73% 41.8M 0s
  3000K .......... .......... .......... .......... .......... 74% 16.5M 0s
  3050K .......... .......... .......... .......... .......... 75% 15.1M 0s
  3100K .......... .......... .......... .......... .......... 76% 83.4M 0s
  3150K .......... .......... .......... .......... .......... 78% 45.9M 0s
  3200K .......... .......... .......... .......... .......... 79% 12.9M 0s
  3250K .......... .......... .......... .......... .......... 80% 41.0M 0s
  3300K .......... .......... .......... .......... .......... 81%  110M 0s
  3350K .......... .......... .......... .......... .......... 83%  713M 0s
  3400K .......... .......... .......... .......... .......... 84% 15.9M 0s
  3450K .......... .......... .......... .......... .......... 85% 43.4M 0s
  3500K .......... .......... .......... .......... .......... 86% 21.7M 0s
  3550K .......... .......... .......... .......... .......... 87% 24.3M 0s
  3600K .......... .......... .......... .......... .......... 89%  162M 0s
  3650K .......... .......... .......... .......... .......... 90%  768M 0s
  3700K .......... .......... .......... .......... .......... 91% 11.9M 0s
  3750K .......... .......... .......... .......... .......... 92%  433M 0s
  3800K .......... .......... .......... .......... .......... 93%  689M 0s
  3850K .......... .......... .......... .......... .......... 95% 3.78M 0s
  3900K .......... .......... .......... .......... .......... 96%  780M 0s
  3950K .......... .......... .......... .......... .......... 97%  747M 0s
  4000K .......... .......... .......... .......... .......... 98%  643M 0s
  4050K .......... .......... .......... .......... ......    100%  781M=0.6s

2026-09-10 20:00:16 (6.95 MB/s) - ‘/home/deepak/PX4-Autopilot/ros2_ws/build/multirobot_map_merge/map05.pgm’ saved [4194362/4194362]

Checking MD5 sum of /home/deepak/PX4-Autopilot/ros2_ws/build/multirobot_map_merge/map05.pgm
/home/deepak/PX4-Autopilot/ros2_ws/build/multirobot_map_merge/map05.pgm: OK
--2026-09-10 20:00:16--  https://raw.githubusercontent.com/hrnr/m-explore-extra/master/map_merge/gmapping_maps/2011-08-09-12-22-52.pgm
Resolving raw.githubusercontent.com (raw.githubusercontent.com)... 185.199.108.133, 185.199.111.133, 185.199.109.133, ...
Connecting to raw.githubusercontent.com (raw.githubusercontent.com)|185.199.108.133|:443... connected.
HTTP request sent, awaiting response... 200 OK
Length: 16000058 (15M) [application/octet-stream]
Saving to: ‘/home/deepak/PX4-Autopilot/ros2_ws/build/multirobot_map_merge/2011-08-09-12-22-52.pgm’

     0K .......... .......... .......... .......... ..........  0%  915K 17s
    50K .......... .......... .......... .......... ..........  0% 1016K 16s
   100K .......... .......... .......... .......... ..........  0% 5.11M 12s
   150K .......... .......... .......... .......... ..........  1% 1.36M 12s
   200K .......... .......... .......... .......... ..........  1% 10.7M 9s
   250K .......... .......... .......... .......... ..........  1% 7.19M 8s
   300K .......... .......... .......... .......... ..........  2% 3.82M 8s
   350K .......... .......... .......... .......... ..........  2% 4.89M 7s
   400K .......... .......... .......... .......... ..........  2% 3.52M 7s
   450K .......... .......... .......... .......... ..........  3% 12.5M 6s
   500K .......... .......... .......... .......... ..........  3% 8.72M 6s
   550K .......... .......... .......... .......... ..........  3% 23.3M 5s
   600K .......... .......... .......... .......... ..........  4% 12.8M 5s
   650K .......... .......... .......... .......... ..........  4% 11.9M 5s
   700K .......... .......... .......... .......... ..........  4% 14.4M 4s
   750K .......... .......... .......... .......... ..........  5% 7.02M 4s
   800K .......... .......... .......... .......... ..........  5% 11.0M 4s
   850K .......... .......... .......... .......... ..........  5% 10.5M 4s
   900K .......... .......... .......... .......... ..........  6% 3.63M 4s
   950K .......... .......... .......... .......... ..........  6% 13.1M 4s
  1000K .......... .......... .......... .......... ..........  6% 10.5M 4s
  1050K .......... .......... .......... .......... ..........  7% 12.8M 3s
  1100K .......... .......... .......... .......... ..........  7% 12.0M 3s
  1150K .......... .......... .......... .......... ..........  7% 10.5M 3s
  1200K .......... .......... .......... .......... ..........  7% 8.91M 3s
  1250K .......... .......... .......... .......... ..........  8% 10.4M 3s
  1300K .......... .......... .......... .......... ..........  8% 14.8M 3s
  1350K .......... .......... .......... .......... ..........  8% 9.05M 3s
  1400K .......... .......... .......... .......... ..........  9% 10.3M 3s
  1450K .......... .......... .......... .......... ..........  9% 13.0M 3s
  1500K .......... .......... .......... .......... ..........  9% 15.9M 3s
  1550K .......... .......... .......... .......... .......... 10% 6.87M 3s
  1600K .......... .......... .......... .......... .......... 10% 8.33M 3s
  1650K .......... .......... .......... .......... .......... 10% 19.9M 3s
  1700K .......... .......... .......... .......... .......... 11% 12.8M 3s
  1750K .......... .......... .......... .......... .......... 11% 11.8M 2s
  1800K .......... .......... .......... .......... .......... 11% 16.0M 2s
  1850K .......... .......... .......... .......... .......... 12% 6.12M 2s
  1900K .......... .......... .......... .......... .......... 12% 14.7M 2s
  1950K .......... .......... .......... .......... .......... 12% 16.0M 2s
  2000K .......... .......... .......... .......... .......... 13% 10.3M 2s
  2050K .......... .......... .......... .......... .......... 13% 12.5M 2s
  2100K .......... .......... .......... .......... .......... 13% 13.4M 2s
  2150K .......... .......... .......... .......... .......... 14% 11.8M 2s
  2200K .......... .......... .......... .......... .......... 14% 10.9M 2s
  2250K .......... .......... .......... .......... .......... 14% 11.7M 2s
  2300K .......... .......... .......... .......... .......... 15% 11.8M 2s
  2350K .......... .......... .......... .......... .......... 15% 9.73M 2s
  2400K .......... .......... .......... .......... .......... 15% 10.1M 2s
  2450K .......... .......... .......... .......... .......... 15% 10.7M 2s
  2500K .......... .......... .......... .......... .......... 16% 13.9M 2s
  2550K .......... .......... .......... .......... .......... 16% 11.1M 2s
  2600K .......... .......... .......... .......... .......... 16% 10.1M 2s
  2650K .......... .......... .......... .......... .......... 17% 6.40M 2s
  2700K .......... .......... .......... .......... .......... 17% 28.5M 2s
  2750K .......... .......... .......... .......... .......... 17%  415K 2s
  2800K .......... .......... .......... .......... .......... 18%  619M 2s
  2850K .......... .......... .......... .......... .......... 18%  822M 2s
  2900K .......... .......... .......... .......... .......... 18%  398M 2s
  2950K .......... .......... .......... .......... .......... 19%  679M 2s
  3000K .......... .......... .......... .......... .......... 19% 3.83M 2s
  3050K .......... .......... .......... .......... .......... 19% 37.4M 2s
  3100K .......... .......... .......... .......... .......... 20% 42.8M 2s
  3150K .......... .......... .......... .......... .......... 20%  589M 2s
  3200K .......... .......... .......... .......... .......... 20%  657M 2s
  3250K .......... .......... .......... .......... .......... 21%  816M 2s
  3300K .......... .......... .......... .......... .......... 21%  777M 2s
  3350K .......... .......... .......... .......... .......... 21%  792M 2s
  3400K .......... .......... .......... .......... .......... 22%  696M 2s
  3450K .......... .......... .......... .......... .......... 22% 3.09M 2s
  3500K .......... .......... .......... .......... .......... 22% 34.4M 2s
  3550K .......... .......... .......... .......... .......... 23% 14.7M 2s
  3600K .......... .......... .......... .......... .......... 23% 42.3M 2s
  3650K .......... .......... .......... .......... .......... 23% 16.2M 2s
  3700K .......... .......... .......... .......... .......... 23% 26.6M 2s
  3750K .......... .......... .......... .......... .......... 24% 13.3M 2s
  3800K .......... .......... .......... .......... .......... 24%  549M 2s
  3850K .......... .......... .......... .......... .......... 24%  722M 2s
  3900K .......... .......... .......... .......... .......... 25%  808M 2s
  3950K .......... .......... .......... .......... .......... 25%  866M 2s
  4000K .......... .......... .......... .......... .......... 25%  730M 2s
  4050K .......... .......... .......... .......... .......... 26%  827M 2s
  4100K .......... .......... .......... .......... .......... 26%  800M 2s
  4150K .......... .......... .......... .......... .......... 26%  801M 2s
  4200K .......... .......... .......... .......... .......... 27%  738M 2s
  4250K .......... .......... .......... .......... .......... 27%  822M 2s
  4300K .......... .......... .......... .......... .......... 27%  829M 1s
  4350K .......... .......... .......... .......... .......... 28%  813M 1s
  4400K .......... .......... .......... .......... .......... 28%  687M 1s
  4450K .......... .......... .......... .......... .......... 28%  766M 1s
  4500K .......... .......... .......... .......... .......... 29%  837M 1s
  4550K .......... .......... .......... .......... .......... 29%  811M 1s
  4600K .......... .......... .......... .......... .......... 29%  757M 1s
  4650K .......... .......... .......... .......... .......... 30% 1.03M 1s
  4700K .......... .......... .......... .......... .......... 30% 18.4M 1s
  4750K .......... .......... .......... .......... .......... 30% 12.6M 1s
  4800K .......... .......... .......... .......... .......... 31% 8.08M 1s
  4850K .......... .......... .......... .......... .......... 31% 7.00M 1s
  4900K .......... .......... .......... .......... .......... 31% 27.2M 1s
  4950K .......... .......... .......... .......... .......... 31% 13.8M 1s
  5000K .......... .......... .......... .......... .......... 32% 11.0M 1s
  5050K .......... .......... .......... .......... .......... 32% 14.0M 1s
  5100K .......... .......... .......... .......... .......... 32% 10.3M 1s
  5150K .......... .......... .......... .......... .......... 33% 12.4M 1s
  5200K .......... .......... .......... .......... .......... 33% 7.67M 1s
  5250K .......... .......... .......... .......... .......... 33% 14.5M 1s
  5300K .......... .......... .......... .......... .......... 34% 9.07M 1s
  5350K .......... .......... .......... .......... .......... 34% 14.5M 1s
  5400K .......... .......... .......... .......... .......... 34% 11.9M 1s
  5450K .......... .......... .......... .......... .......... 35% 13.9M 1s
  5500K .......... .......... .......... .......... .......... 35% 9.54M 1s
  5550K .......... .......... .......... .......... .......... 35% 13.1M 1s
  5600K .......... .......... .......... .......... .......... 36% 8.36M 1s
  5650K .......... .......... .......... .......... .......... 36% 5.94M 1s
  5700K .......... .......... .......... .......... .......... 36% 24.8M 1s
  5750K .......... .......... .......... .......... .......... 37% 16.4M 1s
  5800K .......... .......... .......... .......... .......... 37% 13.8M 1s
  5850K .......... .......... .......... .......... .......... 37% 11.2M 1s
  5900K .......... .......... .......... .......... .......... 38% 12.3M 1s
  5950K .......... .......... .......... .......... .......... 38% 12.8M 1s
  6000K .......... .......... .......... .......... .......... 38% 6.71M 1s
  6050K .......... .......... .......... .......... .......... 39% 19.6M 1s
  6100K .......... .......... .......... .......... .......... 39% 12.1M 1s
  6150K .......... .......... .......... .......... .......... 39% 10.2M 1s
  6200K .......... .......... .......... .......... .......... 39% 12.2M 1s
  6250K .......... .......... .......... .......... .......... 40% 12.4M 1s
  6300K .......... .......... .......... .......... .......... 40% 12.2M 1s
  6350K .......... .......... .......... .......... .......... 40% 10.5M 1s
  6400K .......... .......... .......... .......... .......... 41% 7.79M 1s
  6450K .......... .......... .......... .......... .......... 41% 13.2M 1s
  6500K .......... .......... .......... .......... .......... 41% 9.72M 1s
  6550K .......... .......... .......... .......... .......... 42% 14.0M 1s
  6600K .......... .......... .......... .......... .......... 42% 12.3M 1s
  6650K .......... .......... .......... .......... .......... 42% 10.5M 1s
  6700K .......... .......... .......... .......... .......... 43% 14.1M 1s
  6750K .......... .......... .......... .......... .......... 43% 10.9M 1s
  6800K .......... .......... .......... .......... .......... 43% 7.86M 1s
  6850K .......... .......... .......... .......... .......... 44% 7.73M 1s
  6900K .......... .......... .......... .......... .......... 44% 24.9M 1s
  6950K .......... .......... .......... .......... .......... 44% 11.6M 1s
  7000K .......... .......... .......... .......... .......... 45% 10.8M 1s
  7050K .......... .......... .......... .......... .......... 45% 7.92M 1s
  7100K .......... .......... .......... .......... .......... 45% 23.3M 1s
  7150K .......... .......... .......... .......... .......... 46% 9.67M 1s
  7200K .......... .......... .......... .......... .......... 46% 11.7M 1s
  7250K .......... .......... .......... .......... .......... 46% 9.31M 1s
  7300K .......... .......... .......... .......... .......... 47% 14.3M 1s
  7350K .......... .......... .......... .......... .......... 47% 12.5M 1s
  7400K .......... .......... .......... .......... .......... 47% 11.9M 1s
  7450K .......... .......... .......... .......... .......... 47% 12.4M 1s
  7500K .......... .......... .......... .......... .......... 48% 9.80M 1s
  7550K .......... .......... .......... .......... .......... 48% 12.5M 1s
  7600K .......... .......... .......... .......... .......... 48% 8.22M 1s
  7650K .......... .......... .......... .......... .......... 49% 12.4M 1s
  7700K .......... .......... .......... .......... .......... 49% 11.5M 1s
  7750K .......... .......... .......... .......... .......... 49% 9.61M 1s
  7800K .......... .......... .......... .......... .......... 50% 14.7M 1s
  7850K .......... .......... .......... .......... .......... 50% 11.1M 1s
  7900K .......... .......... .......... .......... .......... 50% 12.7M 1s
  7950K .......... .......... .......... .......... .......... 51% 5.25M 1s
  8000K .......... .......... .......... .......... .......... 51% 12.8M 1s
  8050K .......... .......... .......... .......... .......... 51% 35.1M 1s
  8100K .......... .......... .......... .......... .......... 52% 14.1M 1s
  8150K .......... .......... .......... .......... .......... 52% 7.16M 1s
  8200K .......... .......... .......... .......... .......... 52% 29.8M 1s
  8250K .......... .......... .......... .......... .......... 53% 10.9M 1s
  8300K .......... .......... .......... .......... .......... 53% 11.6M 1s
  8350K .......... .......... .......... .......... .......... 53% 8.09M 1s
  8400K .......... .......... .......... .......... .......... 54% 14.6M 1s
  8450K .......... .......... .......... .......... .......... 54% 9.60M 1s
  8500K .......... .......... .......... .......... .......... 54% 13.1M 1s
  8550K .......... .......... .......... .......... .......... 55% 12.3M 1s
  8600K .......... .......... .......... .......... .......... 55% 12.3M 1s
  8650K .......... .......... .......... .......... .......... 55% 10.2M 1s
  8700K .......... .......... .......... .......... .......... 55% 11.2M 1s
  8750K .......... .......... .......... .......... .......... 56% 14.9M 1s
  8800K .......... .......... .......... .......... .......... 56% 6.17M 1s
  8850K .......... .......... .......... .......... .......... 56% 19.9M 1s
  8900K .......... .......... .......... .......... .......... 57% 11.8M 1s
  8950K .......... .......... .......... .......... .......... 57% 9.73M 1s
  9000K .......... .......... .......... .......... .......... 57% 11.4M 1s
  9050K .......... .......... .......... .......... .......... 58% 13.0M 1s
  9100K .......... .......... .......... .......... .......... 58% 10.9M 1s
  9150K .......... .......... .......... .......... .......... 58% 13.8M 1s
  9200K .......... .......... .......... .......... .......... 59% 5.88M 1s
  9250K .......... .......... .......... .......... .......... 59% 27.4M 1s
  9300K .......... .......... .......... .......... .......... 59% 13.4M 1s
  9350K .......... .......... .......... .......... .......... 60% 7.49M 1s
  9400K .......... .......... .......... .......... .......... 60% 21.9M 1s
  9450K .......... .......... .......... .......... .......... 60% 10.5M 1s
  9500K .......... .......... .......... .......... .......... 61% 10.0M 1s
  9550K .......... .......... .......... .......... .......... 61% 17.7M 1s
  9600K .......... .......... .......... .......... .......... 61% 8.21M 1s
  9650K .......... .......... .......... .......... .......... 62% 10.2M 1s
  9700K .......... .......... .......... .......... .......... 62% 12.1M 1s
  9750K .......... .......... .......... .......... .......... 62% 12.5M 1s
  9800K .......... .......... .......... .......... .......... 63% 11.4M 1s
  9850K .......... .......... .......... .......... .......... 63% 12.7M 1s
  9900K .......... .......... .......... .......... .......... 63% 10.1M 1s
  9950K .......... .......... .......... .......... .......... 63% 3.39M 1s
 10000K .......... .......... .......... .......... .......... 64%  711M 1s
 10050K .......... .......... .......... .......... .......... 64% 11.9M 1s
 10100K .......... .......... .......... .......... .......... 64% 22.0M 1s
 10150K .......... .......... .......... .......... .......... 65% 15.2M 1s
 10200K .......... .......... .......... .......... .......... 65% 22.1M 1s
 10250K .......... .......... .......... .......... .......... 65% 12.3M 1s
 10300K .......... .......... .......... .......... .......... 66% 8.57M 1s
 10350K .......... .......... .......... .......... .......... 66% 18.7M 1s
 10400K .......... .......... .......... .......... .......... 66% 6.46M 1s
 10450K .......... .......... .......... .......... .......... 67% 13.9M 1s
 10500K .......... .......... .......... .......... .......... 67% 12.2M 1s
 10550K .......... .......... .......... .......... .......... 67% 8.07M 1s
 10600K .......... .......... .......... .......... .......... 68% 23.9M 1s
 10650K .......... .......... .......... .......... .......... 68% 9.09M 1s
 10700K .......... .......... .......... .......... .......... 68% 15.1M 1s
 10750K .......... .......... .......... .......... .......... 69% 16.9M 1s
 10800K .......... .......... .......... .......... .......... 69% 7.31M 1s
 10850K .......... .......... .......... .......... .......... 69% 12.6M 1s
 10900K .......... .......... .......... .......... .......... 70% 13.3M 0s
 10950K .......... .......... .......... .......... .......... 70% 12.3M 0s
 11000K .......... .......... .......... .......... .......... 70% 11.4M 0s
 11050K .......... .......... .......... .......... .......... 71% 11.9M 0s
 11100K .......... .......... .......... .......... .......... 71% 11.8M 0s
 11150K .......... .......... .......... .......... .......... 71% 12.0M 0s
 11200K .......... .......... .......... .......... .......... 71% 8.75M 0s
 11250K .......... .......... .......... .......... .......... 72% 10.0M 0s
 11300K .......... .......... .......... .......... .......... 72% 12.3M 0s
 11350K .......... .......... .......... .......... .......... 72% 10.7M 0s
 11400K .......... .......... .......... .......... .......... 73% 10.2M 0s
 11450K .......... .......... .......... .......... .......... 73% 9.79M 0s
 11500K .......... .......... .......... .......... .......... 73% 18.5M 0s
 11550K .......... .......... .......... .......... .......... 74% 4.37M 0s
 11600K .......... .......... .......... .......... .......... 74% 12.5M 0s
 11650K .......... .......... .......... .......... .......... 74% 11.0M 0s
 11700K .......... .......... .......... .......... .......... 75% 11.9M 0s
 11750K .......... .......... .......... .......... .......... 75% 13.2M 0s
 11800K .......... .......... .......... .......... .......... 75% 12.9M 0s
 11850K .......... .......... .......... .......... .......... 76% 11.3M 0s
 11900K .......... .......... .......... .......... .......... 76% 23.2M 0s
 11950K .......... .......... .......... .......... .......... 76% 12.5M 0s
 12000K .......... .......... .......... .......... .......... 77% 7.06M 0s
 12050K .......... .......... .......... .......... .......... 77% 12.0M 0s
 12100K .......... .......... .......... .......... .......... 77% 11.7M 0s
 12150K .......... .......... .......... .......... .......... 78% 14.2M 0s
 12200K .......... .......... .......... .......... .......... 78% 22.9M 0s
 12250K .......... .......... .......... .......... .......... 78% 9.69M 0s
 12300K .......... .......... .......... .......... .......... 79% 15.1M 0s
 12350K .......... .......... .......... .......... .......... 79% 9.62M 0s
 12400K .......... .......... .......... .......... .......... 79% 11.4M 0s
 12450K .......... .......... .......... .......... .......... 79% 6.40M 0s
 12500K .......... .......... .......... .......... .......... 80% 19.8M 0s
 12550K .......... .......... .......... .......... .......... 80% 11.0M 0s
 12600K .......... .......... .......... .......... .......... 80% 17.7M 0s
 12650K .......... .......... .......... .......... .......... 81% 8.39M 0s
 12700K .......... .......... .......... .......... .......... 81% 13.5M 0s
 12750K .......... .......... .......... .......... .......... 81% 8.37M 0s
 12800K .......... .......... .......... .......... .......... 82% 8.51M 0s
 12850K .......... .......... .......... .......... .......... 82% 12.6M 0s
 12900K .......... .......... .......... .......... .......... 82% 20.5M 0s
 12950K .......... .......... .......... .......... .......... 83% 7.01M 0s
 13000K .......... .......... .......... .......... .......... 83% 21.7M 0s
 13050K .......... .......... .......... .......... .......... 83% 13.8M 0s
 13100K .......... .......... .......... .......... .......... 84% 19.2M 0s
 13150K .......... .......... .......... .......... .......... 84% 8.78M 0s
 13200K .......... .......... .......... .......... .......... 84% 9.16M 0s
 13250K .......... .......... .......... .......... .......... 85% 10.9M 0s
 13300K .......... .......... .......... .......... .......... 85% 10.8M 0s
 13350K .......... .......... .......... .......... .......... 85% 18.8M 0s
 13400K .......... .......... .......... .......... .......... 86% 5.90M 0s
 13450K .......... .......... .......... .......... .......... 86% 29.3M 0s
 13500K .......... .......... .......... .......... .......... 86% 16.3M 0s
 13550K .......... .......... .......... .......... .......... 87% 10.2M 0s
 13600K .......... .......... .......... .......... .......... 87% 10.3M 0s
 13650K .......... .......... .......... .......... .......... 87% 11.9M 0s
 13700K .......... .......... .......... .......... .......... 87% 9.92M 0s
 13750K .......... .......... .......... .......... .......... 88% 12.3M 0s
 13800K .......... .......... .......... .......... .......... 88% 5.95M 0s
 13850K .......... .......... .......... .......... .......... 88% 21.4M 0s
 13900K .......... .......... .......... .......... .......... 89% 17.8M 0s
 13950K .......... .......... .......... .......... .......... 89% 8.47M 0s
 14000K .......... .......... .......... .......... .......... 89% 8.59M 0s
 14050K .......... .......... .......... .......... .......... 90% 22.5M 0s
 14100K .......... .......... .......... .......... .......... 90% 10.3M 0s
 14150K .......... .......... .......... .......... .......... 90% 10.8M 0s
 14200K .......... .......... .......... .......... .......... 91% 12.1M 0s
 14250K .......... .......... .......... .......... .......... 91% 10.7M 0s
 14300K .......... .......... .......... .......... .......... 91% 12.2M 0s
 14350K .......... .......... .......... .......... .......... 92% 11.4M 0s
 14400K .......... .......... .......... .......... .......... 92% 10.4M 0s
 14450K .......... .......... .......... .......... .......... 92% 13.4M 0s
 14500K .......... .......... .......... .......... .......... 93% 11.9M 0s
 14550K .......... .......... .......... .......... .......... 93% 10.7M 0s
 14600K .......... .......... .......... .......... .......... 93% 11.4M 0s
 14650K .......... .......... .......... .......... .......... 94% 13.8M 0s
 14700K .......... .......... .......... .......... .......... 94% 8.99M 0s
 14750K .......... .......... .......... .......... .......... 94% 12.9M 0s
 14800K .......... .......... .......... .......... .......... 95% 9.65M 0s
 14850K .......... .......... .......... .......... .......... 95% 11.9M 0s
 14900K .......... .......... .......... .......... .......... 95% 11.4M 0s
 14950K .......... .......... .......... .......... .......... 95% 10.8M 0s
 15000K .......... .......... .......... .......... .......... 96% 11.5M 0s
 15050K .......... .......... .......... .......... .......... 96% 11.1M 0s
 15100K .......... .......... .......... .......... .......... 96% 12.9M 0s
 15150K .......... .......... .......... .......... .......... 97% 11.4M 0s
 15200K .......... .......... .......... .......... .......... 97% 7.58M 0s
 15250K .......... .......... .......... .......... .......... 97% 12.7M 0s
 15300K .......... .......... .......... .......... .......... 98% 11.9M 0s
 15350K .......... .......... .......... .......... .......... 98% 14.0M 0s
 15400K .......... .......... .......... .......... .......... 98% 12.1M 0s
 15450K .......... .......... .......... .......... .......... 99% 10.1M 0s
 15500K .......... .......... .......... .......... .......... 99% 7.24M 0s
 15550K .......... .......... .......... .......... .......... 99% 24.1M 0s
 15600K .......... .......... .....                           100% 17.8M=1.6s

2026-09-10 20:00:19 (9.68 MB/s) - ‘/home/deepak/PX4-Autopilot/ros2_ws/build/multirobot_map_merge/2011-08-09-12-22-52.pgm’ saved [16000058/16000058]

Checking MD5 sum of /home/deepak/PX4-Autopilot/ros2_ws/build/multirobot_map_merge/2011-08-09-12-22-52.pgm
/home/deepak/PX4-Autopilot/ros2_ws/build/multirobot_map_merge/2011-08-09-12-22-52.pgm: OK
--2026-09-10 20:00:19--  https://raw.githubusercontent.com/hrnr/m-explore-extra/master/map_merge/gmapping_maps/2012-01-28-11-12-01.pgm
Resolving raw.githubusercontent.com (raw.githubusercontent.com)... 185.199.108.133, 185.199.110.133, 185.199.111.133, ...
Connecting to raw.githubusercontent.com (raw.githubusercontent.com)|185.199.108.133|:443... connected.
HTTP request sent, awaiting response... 200 OK
Length: 16000058 (15M) [application/octet-stream]
Saving to: ‘/home/deepak/PX4-Autopilot/ros2_ws/build/multirobot_map_merge/2012-01-28-11-12-01.pgm’

     0K .......... .......... .......... .......... ..........  0%  789K 20s
    50K .......... .......... .......... .......... ..........  0%  865K 19s
   100K .......... .......... .......... .......... ..........  0% 1.15M 17s
   150K .......... .......... .......... .......... ..........  1% 3.37M 14s
   200K .......... .......... .......... .......... ..........  1% 5.91M 11s
   250K .......... .......... .......... .......... ..........  1% 4.79M 10s
   300K .......... .......... .......... .......... ..........  2% 1.92M 10s
   350K .......... .......... .......... .......... ..........  2% 6.99M 9s
   400K .......... .......... .......... .......... ..........  2% 8.49M 8s
   450K .......... .......... .......... .......... ..........  3% 8.31M 7s
   500K .......... .......... .......... .......... ..........  3% 10.2M 7s
   550K .......... .......... .......... .......... ..........  3% 8.91M 6s
   600K .......... .......... .......... .......... ..........  4% 2.44M 6s
   650K .......... .......... .......... .......... ..........  4% 11.9M 6s
   700K .......... .......... .......... .......... ..........  4% 11.0M 6s
   750K .......... .......... .......... .......... ..........  5% 7.43M 5s
   800K .......... .......... .......... .......... ..........  5% 15.8M 5s
   850K .......... .......... .......... .......... ..........  5% 9.82M 5s
   900K .......... .......... .......... .......... ..........  6% 18.8M 5s
   950K .......... .......... .......... .......... ..........  6% 9.57M 4s
  1000K .......... .......... .......... .......... ..........  6% 5.89M 4s
  1050K .......... .......... .......... .......... ..........  7% 11.1M 4s
  1100K .......... .......... .......... .......... ..........  7% 20.8M 4s
  1150K .......... .......... .......... .......... ..........  7% 11.9M 4s
  1200K .......... .......... .......... .......... ..........  7% 9.72M 4s
  1250K .......... .......... .......... .......... ..........  8% 13.8M 4s
  1300K .......... .......... .......... .......... ..........  8% 9.23M 4s
  1350K .......... .......... .......... .......... ..........  8% 12.9M 3s
  1400K .......... .......... .......... .......... ..........  9% 12.6M 3s
  1450K .......... .......... .......... .......... ..........  9% 14.9M 3s
  1500K .......... .......... .......... .......... ..........  9% 3.43M 3s
  1550K .......... .......... .......... .......... .......... 10% 25.2M 3s
  1600K .......... .......... .......... .......... .......... 10% 10.2M 3s
  1650K .......... .......... .......... .......... .......... 10% 9.21M 3s
  1700K .......... .......... .......... .......... .......... 11% 20.7M 3s
  1750K .......... .......... .......... .......... .......... 11% 9.54M 3s
  1800K .......... .......... .......... .......... .......... 11% 8.08M 3s
  1850K .......... .......... .......... .......... .......... 12% 19.9M 3s
  1900K .......... .......... .......... .......... .......... 12% 11.0M 3s
  1950K .......... .......... .......... .......... .......... 12% 9.16M 3s
  2000K .......... .......... .......... .......... .......... 13% 17.1M 3s
  2050K .......... .......... .......... .......... .......... 13% 7.42M 3s
  2100K .......... .......... .......... .......... .......... 13% 18.3M 3s
  2150K .......... .......... .......... .......... .......... 14% 6.01M 3s
  2200K .......... .......... .......... .......... .......... 14% 28.1M 2s
  2250K .......... .......... .......... .......... .......... 14% 14.4M 2s
  2300K .......... .......... .......... .......... .......... 15% 10.2M 2s
  2350K .......... .......... .......... .......... .......... 15% 13.9M 2s
  2400K .......... .......... .......... .......... .......... 15% 9.93M 2s
  2450K .......... .......... .......... .......... .......... 15% 12.2M 2s
  2500K .......... .......... .......... .......... .......... 16% 16.0M 2s
  2550K .......... .......... .......... .......... .......... 16% 6.19M 2s
  2600K .......... .......... .......... .......... .......... 16% 19.5M 2s
  2650K .......... .......... .......... .......... .......... 17% 9.40M 2s
  2700K .......... .......... .......... .......... .......... 17% 19.1M 2s
  2750K .......... .......... .......... .......... .......... 17% 10.1M 2s
  2800K .......... .......... .......... .......... .......... 18% 8.92M 2s
  2850K .......... .......... .......... .......... .......... 18% 12.5M 2s
  2900K .......... .......... .......... .......... .......... 18% 14.3M 2s
  2950K .......... .......... .......... .......... .......... 19% 7.62M 2s
  3000K .......... .......... .......... .......... .......... 19% 21.5M 2s
  3050K .......... .......... .......... .......... .......... 19% 8.41M 2s
  3100K .......... .......... .......... .......... .......... 20% 10.9M 2s
  3150K .......... .......... .......... .......... .......... 20% 11.0M 2s
  3200K .......... .......... .......... .......... .......... 20% 14.6M 2s
  3250K .......... .......... .......... .......... .......... 21% 11.7M 2s
  3300K .......... .......... .......... .......... .......... 21% 10.2M 2s
  3350K .......... .......... .......... .......... .......... 21% 12.3M 2s
  3400K .......... .......... .......... .......... .......... 22% 7.99M 2s
  3450K .......... .......... .......... .......... .......... 22% 13.9M 2s
  3500K .......... .......... .......... .......... .......... 22% 12.4M 2s
  3550K .......... .......... .......... .......... .......... 23% 10.5M 2s
  3600K .......... .......... .......... .......... .......... 23% 13.7M 2s
  3650K .......... .......... .......... .......... .......... 23% 11.4M 2s
  3700K .......... .......... .......... .......... .......... 23% 6.19M 2s
  3750K .......... .......... .......... .......... .......... 24% 21.0M 2s
  3800K .......... .......... .......... .......... .......... 24% 7.40M 2s
  3850K .......... .......... .......... .......... .......... 24% 23.1M 2s
  3900K .......... .......... .......... .......... .......... 25% 8.76M 2s
  3950K .......... .......... .......... .......... .......... 25% 20.7M 2s
  4000K .......... .......... .......... .......... .......... 25%  346K 2s
  4050K .......... .......... .......... .......... .......... 26% 36.5M 2s
  4100K .......... .......... .......... .......... .......... 26%  781M 2s
  4150K .......... .......... .......... .......... .......... 26% 7.05M 2s
  4200K .......... .......... .......... .......... .......... 27%  728M 2s
  4250K .......... .......... .......... .......... .......... 27% 6.56M 2s
  4300K .......... .......... .......... .......... .......... 27%  289M 2s
  4350K .......... .......... .......... .......... .......... 28% 78.7M 2s
  4400K .......... .......... .......... .......... .......... 28%  767M 2s
  4450K .......... .......... .......... .......... .......... 28% 9.44M 2s
  4500K .......... .......... .......... .......... .......... 29%  781M 2s
  4550K .......... .......... .......... .......... .......... 29%  824M 2s
  4600K .......... .......... .......... .......... .......... 29%  818M 2s
  4650K .......... .......... .......... .......... .......... 30%  480M 2s
  4700K .......... .......... .......... .......... .......... 30%  698M 2s
  4750K .......... .......... .......... .......... .......... 30%  766M 2s
  4800K .......... .......... .......... .......... .......... 31%  780M 2s
  4850K .......... .......... .......... .......... .......... 31%  564M 2s
  4900K .......... .......... .......... .......... .......... 31%  774M 2s
  4950K .......... .......... .......... .......... .......... 31%  781M 2s
  5000K .......... .......... .......... .......... .......... 32%  778M 2s
  5050K .......... .......... .......... .......... .......... 32%  644M 2s
  5100K .......... .......... .......... .......... .......... 32%  769M 2s
  5150K .......... .......... .......... .......... .......... 33%  144M 1s
  5200K .......... .......... .......... .......... .......... 33%  588M 1s
  5250K .......... .......... .......... .......... .......... 33% 19.8M 1s
  5300K .......... .......... .......... .......... .......... 34%  642M 1s
  5350K .......... .......... .......... .......... .......... 34%  728M 1s
  5400K .......... .......... .......... .......... .......... 34%  736M 1s
  5450K .......... .......... .......... .......... .......... 35%  626M 1s
  5500K .......... .......... .......... .......... .......... 35%  776M 1s
  5550K .......... .......... .......... .......... .......... 35%  764M 1s
  5600K .......... .......... .......... .......... .......... 36%  775M 1s
  5650K .......... .......... .......... .......... .......... 36%  672M 1s
  5700K .......... .......... .......... .......... .......... 36%  773M 1s
  5750K .......... .......... .......... .......... .......... 37%  770M 1s
  5800K .......... .......... .......... .......... .......... 37%  754M 1s
  5850K .......... .......... .......... .......... .......... 37%  638M 1s
  5900K .......... .......... .......... .......... .......... 38%  928K 1s
  5950K .......... .......... .......... .......... .......... 38% 15.4M 1s
  6000K .......... .......... .......... .......... .......... 38% 11.8M 1s
  6050K .......... .......... .......... .......... .......... 39% 13.0M 1s
  6100K .......... .......... .......... .......... .......... 39% 12.2M 1s
  6150K .......... .......... .......... .......... .......... 39% 10.4M 1s
  6200K .......... .......... .......... .......... .......... 39% 6.54M 1s
  6250K .......... .......... .......... .......... .......... 40% 15.9M 1s
  6300K .......... .......... .......... .......... .......... 40% 15.9M 1s
  6350K .......... .......... .......... .......... .......... 40% 11.4M 1s
  6400K .......... .......... .......... .......... .......... 41% 13.1M 1s
  6450K .......... .......... .......... .......... .......... 41% 10.7M 1s
  6500K .......... .......... .......... .......... .......... 41% 12.3M 1s
  6550K .......... .......... .......... .......... .......... 42% 12.0M 1s
  6600K .......... .......... .......... .......... .......... 42% 10.1M 1s
  6650K .......... .......... .......... .......... .......... 42% 9.72M 1s
  6700K .......... .......... .......... .......... .......... 43% 6.82M 1s
  6750K .......... .......... .......... .......... .......... 43% 26.6M 1s
  6800K .......... .......... .......... .......... .......... 43% 12.0M 1s
  6850K .......... .......... .......... .......... .......... 44% 12.2M 1s
  6900K .......... .......... .......... .......... .......... 44% 12.4M 1s
  6950K .......... .......... .......... .......... .......... 44% 12.0M 1s
  7000K .......... .......... .......... .......... .......... 45% 9.37M 1s
  7050K .......... .......... .......... .......... .......... 45% 9.97M 1s
  7100K .......... .......... .......... .......... .......... 45% 9.38M 1s
  7150K .......... .......... .......... .......... .......... 46% 15.2M 1s
  7200K .......... .......... .......... .......... .......... 46% 11.3M 1s
  7250K .......... .......... .......... .......... .......... 46% 9.55M 1s
  7300K .......... .......... .......... .......... .......... 47% 11.1M 1s
  7350K .......... .......... .......... .......... .......... 47% 6.83M 1s
  7400K .......... .......... .......... .......... .......... 47% 23.1M 1s
  7450K .......... .......... .......... .......... .......... 47% 14.3M 1s
  7500K .......... .......... .......... .......... .......... 48% 12.4M 1s
  7550K .......... .......... .......... .......... .......... 48% 11.9M 1s
  7600K .......... .......... .......... .......... .......... 48% 11.6M 1s
  7650K .......... .......... .......... .......... .......... 49% 8.54M 1s
  7700K .......... .......... .......... .......... .......... 49% 14.7M 1s
  7750K .......... .......... .......... .......... .......... 49% 13.4M 1s
  7800K .......... .......... .......... .......... .......... 50% 11.8M 1s
  7850K .......... .......... .......... .......... .......... 50% 6.98M 1s
  7900K .......... .......... .......... .......... .......... 50% 11.5M 1s
  7950K .......... .......... .......... .......... .......... 51% 13.3M 1s
  8000K .......... .......... .......... .......... .......... 51% 14.1M 1s
  8050K .......... .......... .......... .......... .......... 51% 11.4M 1s
  8100K .......... .......... .......... .......... .......... 52% 12.5M 1s
  8150K .......... .......... .......... .......... .......... 52% 10.0M 1s
  8200K .......... .......... .......... .......... .......... 52% 14.1M 1s
  8250K .......... .......... .......... .......... .......... 53% 6.31M 1s
  8300K .......... .......... .......... .......... .......... 53% 19.4M 1s
  8350K .......... .......... .......... .......... .......... 53% 9.25M 1s
  8400K .......... .......... .......... .......... .......... 54% 13.1M 1s
  8450K .......... .......... .......... .......... .......... 54% 6.46M 1s
  8500K .......... .......... .......... .......... .......... 54% 13.3M 1s
  8550K .......... .......... .......... .......... .......... 55% 11.1M 1s
  8600K .......... .......... .......... .......... .......... 55% 19.9M 1s
  8650K .......... .......... .......... .......... .......... 55% 10.7M 1s
  8700K .......... .......... .......... .......... .......... 55% 9.26M 1s
  8750K .......... .......... .......... .......... .......... 56% 10.9M 1s
  8800K .......... .......... .......... .......... .......... 56% 19.0M 1s
  8850K .......... .......... .......... .......... .......... 56% 11.0M 1s
  8900K .......... .......... .......... .......... .......... 57% 11.8M 1s
  8950K .......... .......... .......... .......... .......... 57% 12.7M 1s
  9000K .......... .......... .......... .......... .......... 57% 11.5M 1s
  9050K .......... .......... .......... .......... .......... 58% 7.89M 1s
  9100K .......... .......... .......... .......... .......... 58% 13.4M 1s
  9150K .......... .......... .......... .......... .......... 58% 11.8M 1s
  9200K .......... .......... .......... .......... .......... 59% 10.7M 1s
  9250K .......... .......... .......... .......... .......... 59% 11.5M 1s
  9300K .......... .......... .......... .......... .......... 59% 13.6M 1s
  9350K .......... .......... .......... .......... .......... 60% 10.8M 1s
  9400K .......... .......... .......... .......... .......... 60% 8.63M 1s
  9450K .......... .......... .......... .......... .......... 60% 10.7M 1s
  9500K .......... .......... .......... .......... .......... 61% 12.9M 1s
  9550K .......... .......... .......... .......... .......... 61% 9.22M 1s
  9600K .......... .......... .......... .......... .......... 61% 13.3M 1s
  9650K .......... .......... .......... .......... .......... 62% 6.09M 1s
  9700K .......... .......... .......... .......... .......... 62% 11.3M 1s
  9750K .......... .......... .......... .......... .......... 62% 37.9M 1s
  9800K .......... .......... .......... .......... .......... 63% 8.67M 1s
  9850K .......... .......... .......... .......... .......... 63% 17.2M 1s
  9900K .......... .......... .......... .......... .......... 63% 11.5M 1s
  9950K .......... .......... .......... .......... .......... 63% 10.4M 1s
 10000K .......... .......... .......... .......... .......... 64% 12.1M 1s
 10050K .......... .......... .......... .......... .......... 64% 12.7M 1s
 10100K .......... .......... .......... .......... .......... 64% 11.8M 1s
 10150K .......... .......... .......... .......... .......... 65% 11.4M 1s
 10200K .......... .......... .......... .......... .......... 65% 5.81M 1s
 10250K .......... .......... .......... .......... .......... 65% 18.8M 1s
 10300K .......... .......... .......... .......... .......... 66% 12.6M 1s
 10350K .......... .......... .......... .......... .......... 66% 13.2M 1s
 10400K .......... .......... .......... .......... .......... 66% 13.0M 1s
 10450K .......... .......... .......... .......... .......... 67% 9.72M 1s
 10500K .......... .......... .......... .......... .......... 67% 13.5M 1s
 10550K .......... .......... .......... .......... .......... 67% 8.23M 1s
 10600K .......... .......... .......... .......... .......... 68% 23.5M 1s
 10650K .......... .......... .......... .......... .......... 68% 8.34M 1s
 10700K .......... .......... .......... .......... .......... 68% 12.0M 1s
 10750K .......... .......... .......... .......... .......... 69% 10.7M 1s
 10800K .......... .......... .......... .......... .......... 69% 8.90M 1s
 10850K .......... .......... .......... .......... .......... 69% 19.6M 1s
 10900K .......... .......... .......... .......... .......... 70% 11.5M 1s
 10950K .......... .......... .......... .......... .......... 70% 10.6M 1s
 11000K .......... .......... .......... .......... .......... 70% 12.4M 1s
 11050K .......... .......... .......... .......... .......... 71% 9.19M 1s
 11100K .......... .......... .......... .......... .......... 71% 9.31M 1s
 11150K .......... .......... .......... .......... .......... 71% 13.2M 0s
 11200K .......... .......... .......... .......... .......... 71% 10.3M 0s
 11250K .......... .......... .......... .......... .......... 72% 14.1M 0s
 11300K .......... .......... .......... .......... .......... 72% 9.78M 0s
 11350K .......... .......... .......... .......... .......... 72% 13.9M 0s
 11400K .......... .......... .......... .......... .......... 73% 9.71M 0s
 11450K .......... .......... .......... .......... .......... 73% 11.1M 0s
 11500K .......... .......... .......... .......... .......... 73% 12.8M 0s
 11550K .......... .......... .......... .......... .......... 74% 9.06M 0s
 11600K .......... .......... .......... .......... .......... 74% 14.5M 0s
 11650K .......... .......... .......... .......... .......... 74% 11.2M 0s
 11700K .......... .......... .......... .......... .......... 75% 11.6M 0s
 11750K .......... .......... .......... .......... .......... 75% 1.65M 0s
 11800K .......... .......... .......... .......... .......... 75% 18.9M 0s
 11850K .......... .......... .......... .......... .......... 76% 14.2M 0s
 11900K .......... .......... .......... .......... .......... 76% 10.7M 0s
 11950K .......... .......... .......... .......... .......... 76% 30.6M 0s
 12000K .......... .......... .......... .......... .......... 77% 7.64M 0s
 12050K .......... .......... .......... .......... .......... 77% 24.0M 0s
 12100K .......... .......... .......... .......... .......... 77% 23.7M 0s
 12150K .......... .......... .......... .......... .......... 78% 9.45M 0s
 12200K .......... .......... .......... .......... .......... 78% 23.2M 0s
 12250K .......... .......... .......... .......... .......... 78% 12.2M 0s
 12300K .......... .......... .......... .......... .......... 79% 10.8M 0s
 12350K .......... .......... .......... .......... .......... 79% 21.7M 0s
 12400K .......... .......... .......... .......... .......... 79% 24.9M 0s
 12450K .......... .......... .......... .......... .......... 79% 10.9M 0s
 12500K .......... .......... .......... .......... .......... 80% 20.4M 0s
 12550K .......... .......... .......... .......... .......... 80% 11.7M 0s
 12600K .......... .......... .......... .......... .......... 80% 23.2M 0s
 12650K .......... .......... .......... .......... .......... 81% 12.4M 0s
 12700K .......... .......... .......... .......... .......... 81% 21.1M 0s
 12750K .......... .......... .......... .......... .......... 81% 10.8M 0s
 12800K .......... .......... .......... .......... .......... 82% 15.9M 0s
 12850K .......... .......... .......... .......... .......... 82% 23.4M 0s
 12900K .......... .......... .......... .......... .......... 82% 11.7M 0s
 12950K .......... .......... .......... .......... .......... 83% 10.1M 0s
 13000K .......... .......... .......... .......... .......... 83% 19.2M 0s
 13050K .......... .......... .......... .......... .......... 83% 8.25M 0s
 13100K .......... .......... .......... .......... .......... 84% 12.4M 0s
 13150K .......... .......... .......... .......... .......... 84% 9.14M 0s
 13200K .......... .......... .......... .......... .......... 84% 4.28M 0s
 13250K .......... .......... .......... .......... .......... 85% 23.5M 0s
 13300K .......... .......... .......... .......... .......... 85% 11.9M 0s
 13350K .......... .......... .......... .......... .......... 85% 12.0M 0s
 13400K .......... .......... .......... .......... .......... 86% 11.5M 0s
 13450K .......... .......... .......... .......... .......... 86% 10.9M 0s
 13500K .......... .......... .......... .......... .......... 86% 27.8M 0s
 13550K .......... .......... .......... .......... .......... 87% 19.7M 0s
 13600K .......... .......... .......... .......... .......... 87% 12.6M 0s
 13650K .......... .......... .......... .......... .......... 87% 8.50M 0s
 13700K .......... .......... .......... .......... .......... 87% 13.3M 0s
 13750K .......... .......... .......... .......... .......... 88% 12.5M 0s
 13800K .......... .......... .......... .......... .......... 88% 13.3M 0s
 13850K .......... .......... .......... .......... .......... 88% 8.79M 0s
 13900K .......... .......... .......... .......... .......... 89% 11.6M 0s
 13950K .......... .......... .......... .......... .......... 89% 6.99M 0s
 14000K .......... .......... .......... .......... .......... 89% 29.4M 0s
 14050K .......... .......... .......... .......... .......... 90% 12.1M 0s
 14100K .......... .......... .......... .......... .......... 90% 13.0M 0s
 14150K .......... .......... .......... .......... .......... 90% 10.0M 0s
 14200K .......... .......... .......... .......... .......... 91% 10.5M 0s
 14250K .......... .......... .......... .......... .......... 91% 9.85M 0s
 14300K .......... .......... .......... .......... .......... 91% 8.44M 0s
 14350K .......... .......... .......... .......... .......... 92% 24.0M 0s
 14400K .......... .......... .......... .......... .......... 92% 12.2M 0s
 14450K .......... .......... .......... .......... .......... 92% 9.85M 0s
 14500K .......... .......... .......... .......... .......... 93% 11.0M 0s
 14550K .......... .......... .......... .......... .......... 93% 12.6M 0s
 14600K .......... .......... .......... .......... .......... 93% 11.9M 0s
 14650K .......... .......... .......... .......... .......... 94% 7.81M 0s
 14700K .......... .......... .......... .......... .......... 94% 12.3M 0s
 14750K .......... .......... .......... .......... .......... 94% 13.5M 0s
 14800K .......... .......... .......... .......... .......... 95% 12.1M 0s
 14850K .......... .......... .......... .......... .......... 95% 10.4M 0s
 14900K .......... .......... .......... .......... .......... 95% 11.2M 0s
 14950K .......... .......... .......... .......... .......... 95% 12.8M 0s
 15000K .......... .......... .......... .......... .......... 96% 12.9M 0s
 15050K .......... .......... .......... .......... .......... 96% 7.75M 0s
 15100K .......... .......... .......... .......... .......... 96% 10.5M 0s
 15150K .......... .......... .......... .......... .......... 97% 13.8M 0s
 15200K .......... .......... .......... .......... .......... 97% 12.2M 0s
 15250K .......... .......... .......... .......... .......... 97% 10.2M 0s
 15300K .......... .......... .......... .......... .......... 98% 11.3M 0s
 15350K .......... .......... .......... .......... .......... 98% 14.8M 0s
 15400K .......... .......... .......... .......... .......... 98% 11.4M 0s
 15450K .......... .......... .......... .......... .......... 99% 8.50M 0s
 15500K .......... .......... .......... .......... .......... 99% 6.00M 0s
 15550K .......... .......... .......... .......... .......... 99% 15.3M 0s
 15600K .......... .......... .....                           100%  538M=1.6s

2026-09-10 20:00:24 (9.29 MB/s) - ‘/home/deepak/PX4-Autopilot/ros2_ws/build/multirobot_map_merge/2012-01-28-11-12-01.pgm’ saved [16000058/16000058]

Checking MD5 sum of /home/deepak/PX4-Autopilot/ros2_ws/build/multirobot_map_merge/2012-01-28-11-12-01.pgm
/home/deepak/PX4-Autopilot/ros2_ws/build/multirobot_map_merge/2012-01-28-11-12-01.pgm: OK
-- Found gtest sources under '/opt/ros/humble/src/gtest_vendor': C++ tests using 'Google Test' will be built
-- Added test 'cppcheck' to perform static code analysis on C / C++ code
-- Configured cppcheck include dirs: /home/deepak/PX4-Autopilot/ros2_ws/src/m-explore-ros2/map_merge/include;$<BUILD_INTERFACE:/home/deepak/PX4-Autopilot/ros2_ws/src/m-explore-ros2/map_merge/include>
-- Configured cppcheck exclude dirs and/or files: 
-- Added test 'flake8' to check Python code syntax and style conventions
-- Added test 'lint_cmake' to check CMake code style
-- Added test 'pep257' to check Python code against some of the docstring style conventions in PEP 257
-- Added test 'uncrustify' to check C / C++ code style
-- Configured uncrustify additional arguments: 
-- Added test 'xmllint' to check XML markup files
-- Configuring done
-- Generating done
-- Build files have been written to: /home/deepak/PX4-Autopilot/ros2_ws/build/multirobot_map_merge
[ 16%] [32mBuilding CXX object CMakeFiles/combine_grids.dir/src/combine_grids/grid_warper.cpp.o[0m
[ 16%] [32mBuilding CXX object CMakeFiles/combine_grids.dir/src/combine_grids/grid_compositor.cpp.o[0m
[ 33%] [32mBuilding CXX object gtest/CMakeFiles/gtest_main.dir/src/gtest_main.cc.o[0m
[ 33%] [32mBuilding CXX object gtest/CMakeFiles/gtest.dir/src/gtest-all.cc.o[0m
[ 41%] [32mBuilding CXX object CMakeFiles/combine_grids.dir/src/combine_grids/merging_pipeline.cpp.o[0m
[ 50%] [32m[1mLinking CXX static library libgtest_main.a[0m
[ 50%] Built target gtest_main
[ 58%] [32m[1mLinking CXX static library libgtest.a[0m
[ 58%] Built target gtest
[ 66%] [32m[1mLinking CXX static library libcombine_grids.a[0m
[ 66%] Built target combine_grids
[ 75%] [32mBuilding CXX object CMakeFiles/map_merge.dir/src/map_merge.cpp.o[0m
[ 83%] [32mBuilding CXX object CMakeFiles/test_merging_pipeline.dir/test/test_merging_pipeline.cpp.o[0m
[ 91%] [32m[1mLinking CXX executable test_merging_pipeline[0m
[ 91%] Built target test_merging_pipeline
[100%] [32m[1mLinking CXX executable map_merge[0m
[100%] Built target map_merge
-- Install configuration: ""
-- Installing: /home/deepak/PX4-Autopilot/ros2_ws/install/multirobot_map_merge/include/map_merge/
-- Installing: /home/deepak/PX4-Autopilot/ros2_ws/install/multirobot_map_merge/include/map_merge//ros1_names.hpp
-- Installing: /home/deepak/PX4-Autopilot/ros2_ws/install/multirobot_map_merge/include/map_merge//map_merge.h
-- Installing: /home/deepak/PX4-Autopilot/ros2_ws/install/multirobot_map_merge/share/multirobot_map_merge/launch
-- Installing: /home/deepak/PX4-Autopilot/ros2_ws/install/multirobot_map_merge/share/multirobot_map_merge/launch/map_merge.rviz
-- Installing: /home/deepak/PX4-Autopilot/ros2_ws/install/multirobot_map_merge/share/multirobot_map_merge/launch/map_merge.launch.py
-- Installing: /home/deepak/PX4-Autopilot/ros2_ws/install/multirobot_map_merge/share/multirobot_map_merge/launch/from_map_server.launch.py
-- Installing: /home/deepak/PX4-Autopilot/ros2_ws/install/multirobot_map_merge/share/multirobot_map_merge/launch/tb3_simulation
-- Installing: /home/deepak/PX4-Autopilot/ros2_ws/install/multirobot_map_merge/share/multirobot_map_merge/launch/tb3_simulation/tb3_simulation_launch.py
-- Installing: /home/deepak/PX4-Autopilot/ros2_ws/install/multirobot_map_merge/share/multirobot_map_merge/launch/tb3_simulation/slam_toolbox.py
-- Installing: /home/deepak/PX4-Autopilot/ros2_ws/install/multirobot_map_merge/share/multirobot_map_merge/launch/tb3_simulation/config
-- Installing: /home/deepak/PX4-Autopilot/ros2_ws/install/multirobot_map_merge/share/multirobot_map_merge/launch/tb3_simulation/config/nav2_multirobot_params_2.yaml
-- Installing: /home/deepak/PX4-Autopilot/ros2_ws/install/multirobot_map_merge/share/multirobot_map_merge/launch/tb3_simulation/config/nav2_multirobot_params_1.yaml
-- Installing: /home/deepak/PX4-Autopilot/ros2_ws/install/multirobot_map_merge/share/multirobot_map_merge/launch/tb3_simulation/bringup_launch.py
-- Installing: /home/deepak/PX4-Autopilot/ros2_ws/install/multirobot_map_merge/share/multirobot_map_merge/launch/tb3_simulation/multi_tb3_simulation_launch.py
-- Installing: /home/deepak/PX4-Autopilot/ros2_ws/install/multirobot_map_merge/share/multirobot_map_merge/launch/tb3_simulation/worlds
-- Installing: /home/deepak/PX4-Autopilot/ros2_ws/install/multirobot_map_merge/share/multirobot_map_merge/launch/tb3_simulation/worlds/world_only.model
-- Installing: /home/deepak/PX4-Autopilot/ros2_ws/install/multirobot_map_merge/share/multirobot_map_merge/config
-- Installing: /home/deepak/PX4-Autopilot/ros2_ws/install/multirobot_map_merge/share/multirobot_map_merge/config/params.yaml
-- Installing: /home/deepak/PX4-Autopilot/ros2_ws/install/multirobot_map_merge/lib/libcombine_grids.a
-- Installing: /home/deepak/PX4-Autopilot/ros2_ws/install/multirobot_map_merge/lib/multirobot_map_merge/map_merge
-- Set runtime path of "/home/deepak/PX4-Autopilot/ros2_ws/install/multirobot_map_merge/lib/multirobot_map_merge/map_merge" to ""
-- Installing: /home/deepak/PX4-Autopilot/ros2_ws/install/multirobot_map_merge/share/multirobot_map_merge/environment/library_path.sh
-- Installing: /home/deepak/PX4-Autopilot/ros2_ws/install/multirobot_map_merge/share/multirobot_map_merge/environment/library_path.dsv
-- Installing: /home/deepak/PX4-Autopilot/ros2_ws/install/multirobot_map_merge/share/ament_index/resource_index/package_run_dependencies/multirobot_map_merge
-- Installing: /home/deepak/PX4-Autopilot/ros2_ws/install/multirobot_map_merge/share/ament_index/resource_index/parent_prefix_path/multirobot_map_merge
-- Installing: /home/deepak/PX4-Autopilot/ros2_ws/install/multirobot_map_merge/share/multirobot_map_merge/environment/ament_prefix_path.sh
-- Installing: /home/deepak/PX4-Autopilot/ros2_ws/install/multirobot_map_merge/share/multirobot_map_merge/environment/ament_prefix_path.dsv
-- Installing: /home/deepak/PX4-Autopilot/ros2_ws/install/multirobot_map_merge/share/multirobot_map_merge/environment/path.sh
-- Installing: /home/deepak/PX4-Autopilot/ros2_ws/install/multirobot_map_merge/share/multirobot_map_merge/environment/path.dsv
-- Installing: /home/deepak/PX4-Autopilot/ros2_ws/install/multirobot_map_merge/share/multirobot_map_merge/local_setup.bash
-- Installing: /home/deepak/PX4-Autopilot/ros2_ws/install/multirobot_map_merge/share/multirobot_map_merge/local_setup.sh
-- Installing: /home/deepak/PX4-Autopilot/ros2_ws/install/multirobot_map_merge/share/multirobot_map_merge/local_setup.zsh
-- Installing: /home/deepak/PX4-Autopilot/ros2_ws/install/multirobot_map_merge/share/multirobot_map_merge/local_setup.dsv
-- Installing: /home/deepak/PX4-Autopilot/ros2_ws/install/multirobot_map_merge/share/multirobot_map_merge/package.dsv
-- Installing: /home/deepak/PX4-Autopilot/ros2_ws/install/multirobot_map_merge/share/ament_index/resource_index/packages/multirobot_map_merge
-- Installing: /home/deepak/PX4-Autopilot/ros2_ws/install/multirobot_map_merge/share/multirobot_map_merge/cmake/ament_cmake_export_include_directories-extras.cmake
-- Installing: /home/deepak/PX4-Autopilot/ros2_ws/install/multirobot_map_merge/share/multirobot_map_merge/cmake/ament_cmake_export_libraries-extras.cmake
-- Installing: /home/deepak/PX4-Autopilot/ros2_ws/install/multirobot_map_merge/share/multirobot_map_merge/cmake/multirobot_map_mergeConfig.cmake
-- Installing: /home/deepak/PX4-Autopilot/ros2_ws/install/multirobot_map_merge/share/multirobot_map_merge/cmake/multirobot_map_mergeConfig-version.cmake
-- Installing: /home/deepak/PX4-Autopilot/ros2_ws/install/multirobot_map_merge/share/multirobot_map_merge/package.xml
