[0.010s] Invoking command in '/home/deepak/PX4-Autopilot/ros2_ws/build/multirobot_map_merge': CMAKE_PREFIX_PATH=${CMAKE_PREFIX_PATH}:/home/deepak/InterIIT_practice/task_2/turtlebot3_ws/install/turtlebot3_teleop:/home/deepak/InterIIT_practice/task_2/turtlebot3_ws/install/turtlebot3_example:/home/deepak/moveit_ws/install/moveit_configs_utils:/opt/ros/humble /usr/bin/cmake /home/deepak/PX4-Autopilot/ros2_ws/src/m-explore-ros2/map_merge -DCMAKE_INSTALL_PREFIX=/home/deepak/PX4-Autopilot/ros2_ws/install/multirobot_map_merge
[0.058s] -- The C compiler identification is GNU 11.4.0
[0.097s] -- The CXX compiler identification is GNU 11.4.0
[0.102s] -- Detecting C compiler ABI info
[0.164s] -- Detecting C compiler ABI info - done
[0.168s] -- Check for working C compiler: /usr/bin/cc - skipped
[0.168s] -- Detecting C compile features
[0.168s] -- Detecting C compile features - done
[0.170s] -- Detecting CXX compiler ABI info
[0.244s] -- Detecting CXX compiler ABI info - done
[0.248s] -- Check for working CXX compiler: /usr/bin/c++ - skipped
[0.249s] -- Detecting CXX compile features
[0.249s] -- Detecting CXX compile features - done
[0.253s] -- Found ament_cmake: 1.3.14 (/opt/ros/humble/share/ament_cmake/cmake)
[0.391s] -- Found Python3: /usr/bin/python3 (found version "3.10.12") found components: Interpreter 
[0.514s] -- Found rclcpp: 16.0.19 (/opt/ros/humble/share/rclcpp/cmake)
[0.589s] -- Found rosidl_generator_c: 3.1.9 (/opt/ros/humble/share/rosidl_generator_c/cmake)
[0.598s] -- Found rosidl_adapter: 3.1.9 (/opt/ros/humble/share/rosidl_adapter/cmake)
[0.614s] -- Found rosidl_generator_cpp: 3.1.9 (/opt/ros/humble/share/rosidl_generator_cpp/cmake)
[0.637s] -- Using all available rosidl_typesupport_c: rosidl_typesupport_fastrtps_c;rosidl_typesupport_introspection_c
[0.664s] -- Using all available rosidl_typesupport_cpp: rosidl_typesupport_fastrtps_cpp;rosidl_typesupport_introspection_cpp
[0.726s] -- Found rmw_implementation_cmake: 6.1.2 (/opt/ros/humble/share/rmw_implementation_cmake/cmake)
[0.733s] -- Found rmw_cyclonedds_cpp: 1.3.4 (/opt/ros/humble/share/rmw_cyclonedds_cpp/cmake)
[0.776s] -- Using RMW implementation 'rmw_cyclonedds_cpp' as default
[0.791s] -- Looking for pthread.h
[0.853s] -- Looking for pthread.h - found
[0.853s] -- Performing Test CMAKE_HAVE_LIBC_PTHREAD
[0.920s] -- Performing Test CMAKE_HAVE_LIBC_PTHREAD - Success
[0.920s] -- Found Threads: TRUE  
[0.973s] -- Found geometry_msgs: 4.9.1 (/opt/ros/humble/share/geometry_msgs/cmake)
[0.986s] -- Found image_geometry: 3.2.1 (/opt/ros/humble/share/image_geometry/cmake)
[1.014s] -- Found map_msgs: 2.1.0 (/opt/ros/humble/share/map_msgs/cmake)
[1.043s] -- Found tf2_geometry_msgs: 0.25.20 (/opt/ros/humble/share/tf2_geometry_msgs/cmake)
[1.065s] -- Found eigen3_cmake_module: 0.1.1 (/opt/ros/humble/share/eigen3_cmake_module/cmake)
[1.066s] -- Found Eigen3: TRUE (found version "3.4.0") 
[1.066s] -- Ensuring Eigen3 include directory is part of orocos-kdl CMake target
[1.201s] -- Found Boost: /usr/lib/x86_64-linux-gnu/cmake/Boost-1.74.0/BoostConfig.cmake (found version "1.74.0") found components: thread 
[1.205s] -- Found OpenCV: /usr (found version "4.5.4") 
[1.243s] -- Found ament_lint_auto: 0.12.15 (/opt/ros/humble/share/ament_lint_auto/cmake)
[1.343s] -- Found ament_cmake_gtest: 1.3.14 (/opt/ros/humble/share/ament_cmake_gtest/cmake)
[1.350s] --2026-09-10 19:57:58--  https://raw.githubusercontent.com/hrnr/m-explore-extra/master/map_merge/hector_maps/map00.pgm
[1.356s] Resolving raw.githubusercontent.com (raw.githubusercontent.com)... 185.199.109.133, 185.199.108.133, 185.199.111.133, ...
[136.558s] Connecting to raw.githubusercontent.com (raw.githubusercontent.com)|185.199.109.133|:443... failed: Connection timed out.
[136.616s] Connecting to raw.githubusercontent.com (raw.githubusercontent.com)|185.199.108.133|:443... connected.
[137.692s] HTTP request sent, awaiting response... 200 OK
[137.692s] Length: 4194362 (4.0M) [application/octet-stream]
[137.692s] Saving to: ‘/home/deepak/PX4-Autopilot/ros2_ws/build/multirobot_map_merge/map00.pgm’
[137.692s] 
[137.756s]      0K .......... .......... .......... .......... ..........  1%  772K 5s
[137.809s]     50K .......... .......... .......... .......... ..........  2%  947K 5s
[137.822s]    100K .......... .......... .......... .......... ..........  3% 3.85M 3s
[137.861s]    150K .......... .......... .......... .......... ..........  4% 1.37M 3s
[137.870s]    200K .......... .......... .......... .......... ..........  6% 3.88M 3s
[137.877s]    250K .......... .......... .......... .......... ..........  7% 7.06M 2s
[137.884s]    300K .......... .......... .......... .......... ..........  8% 7.10M 2s
[137.910s]    350K .......... .......... .......... .......... ..........  9% 1.90M 2s
[137.915s]    400K .......... .......... .......... .......... .......... 10% 9.14M 2s
[137.921s]    450K .......... .......... .......... .......... .......... 12% 8.69M 2s
[137.925s]    500K .......... .......... .......... .......... .......... 13% 11.5M 2s
[137.931s]    550K .......... .......... .......... .......... .......... 14% 9.32M 1s
[137.935s]    600K .......... .......... .......... .......... .......... 15% 10.2M 1s
[137.939s]    650K .......... .......... .......... .......... .......... 17% 11.3M 1s
[137.943s]    700K .......... .......... .......... .......... .......... 18% 10.9M 1s
[137.947s]    750K .......... .......... .......... .......... .......... 19% 13.4M 1s
[137.971s]    800K .......... .......... .......... .......... .......... 20% 2.07M 1s
[137.974s]    850K .......... .......... .......... .......... .......... 21% 15.6M 1s
[137.979s]    900K .......... .......... .......... .......... .......... 23% 9.16M 1s
[137.984s]    950K .......... .......... .......... .......... .......... 24% 16.3M 1s
[137.988s]   1000K .......... .......... .......... .......... .......... 25% 8.65M 1s
[137.994s]   1050K .......... .......... .......... .......... .......... 26% 7.67M 1s
[137.997s]   1100K .......... .......... .......... .......... .......... 28% 16.1M 1s
[138.000s]   1150K .......... .......... .......... .......... .......... 29% 15.6M 1s
[138.005s]   1200K .......... .......... .......... .......... .......... 30% 12.6M 1s
[138.010s]   1250K .......... .......... .......... .......... .......... 31% 8.75M 1s
[138.013s]   1300K .......... .......... .......... .......... .......... 32% 16.7M 1s
[138.022s]   1350K .......... .......... .......... .......... .......... 34% 6.77M 1s
[138.024s]   1400K .......... .......... .......... .......... .......... 35% 12.4M 1s
[138.029s]   1450K .......... .......... .......... .......... .......... 36% 9.83M 1s
[138.032s]   1500K .......... .......... .......... .......... .......... 37% 15.0M 1s
[138.037s]   1550K .......... .......... .......... .......... .......... 39% 10.3M 1s
[138.040s]   1600K .......... .......... .......... .......... .......... 40% 15.9M 1s
[138.043s]   1650K .......... .......... .......... .......... .......... 41% 13.6M 0s
[138.050s]   1700K .......... .......... .......... .......... .......... 42% 7.71M 0s
[138.054s]   1750K .......... .......... .......... .......... .......... 43% 12.6M 0s
[138.061s]   1800K .......... .......... .......... .......... .......... 45% 6.72M 0s
[138.064s]   1850K .......... .......... .......... .......... .......... 46% 15.1M 0s
[138.066s]   1900K .......... .......... .......... .......... .......... 47% 24.2M 0s
[138.071s]   1950K .......... .......... .......... .......... .......... 48% 11.1M 0s
[138.074s]   2000K .......... .......... .......... .......... .......... 50% 12.8M 0s
[138.078s]   2050K .......... .......... .......... .......... .......... 51% 12.1M 0s
[138.083s]   2100K .......... .......... .......... .......... .......... 52% 11.1M 0s
[138.089s]   2150K .......... .......... .......... .......... .......... 53% 9.30M 0s
[138.093s]   2200K .......... .......... .......... .......... .......... 54% 9.56M 0s
[138.102s]   2250K .......... .......... .......... .......... .......... 56% 5.61M 0s
[138.104s]   2300K .......... .......... .......... .......... .......... 57% 23.0M 0s
[138.108s]   2350K .......... .......... .......... .......... .......... 58% 13.4M 0s
[138.111s]   2400K .......... .......... .......... .......... .......... 59% 13.4M 0s
[138.113s]   2450K .......... .......... .......... .......... .......... 61% 24.1M 0s
[138.118s]   2500K .......... .......... .......... .......... .......... 62% 11.2M 0s
[138.123s]   2550K .......... .......... .......... .......... .......... 63% 10.9M 0s
[138.128s]   2600K .......... .......... .......... .......... .......... 64% 8.31M 0s
[138.132s]   2650K .......... .......... .......... .......... .......... 65% 12.8M 0s
[138.136s]   2700K .......... .......... .......... .......... .......... 67% 13.0M 0s
[138.140s]   2750K .......... .......... .......... .......... .......... 68% 11.5M 0s
[138.145s]   2800K .......... .......... .......... .......... .......... 69% 9.99M 0s
[138.149s]   2850K .......... .......... .......... .......... .......... 70% 13.1M 0s
[138.153s]   2900K .......... .......... .......... .......... .......... 72% 11.0M 0s
[138.159s]   2950K .......... .......... .......... .......... .......... 73% 12.3M 0s
[138.220s]   3000K .......... .......... .......... .......... .......... 74%  796K 0s
[138.226s]   3050K .......... .......... .......... .......... .......... 75% 8.39M 0s
[138.232s]   3100K .......... .......... .......... .......... .......... 76% 7.48M 0s
[138.234s]   3150K .......... .......... .......... .......... .......... 78% 27.9M 0s
[138.234s]   3200K .......... .......... .......... .......... .......... 79%  639M 0s
[138.234s]   3250K .......... .......... .......... .......... .......... 80%  745M 0s
[138.236s]   3300K .......... .......... .......... .......... .......... 81% 21.7M 0s
[138.241s]   3350K .......... .......... .......... .......... .......... 83% 11.1M 0s
[138.245s]   3400K .......... .......... .......... .......... .......... 84% 11.2M 0s
[138.247s]   3450K .......... .......... .......... .......... .......... 85% 30.8M 0s
[138.247s]   3500K .......... .......... .......... .......... .......... 86%  109M 0s
[138.252s]   3550K .......... .......... .......... .......... .......... 87% 10.2M 0s
[138.254s]   3600K .......... .......... .......... .......... .......... 89% 26.3M 0s
[138.257s]   3650K .......... .......... .......... .......... .......... 90% 17.0M 0s
[138.257s]   3700K .......... .......... .......... .......... .......... 91%  798M 0s
[138.257s]   3750K .......... .......... .......... .......... .......... 92%  815M 0s
[138.275s]   3800K .......... .......... .......... .......... .......... 93% 2.74M 0s
[138.276s]   3850K .......... .......... .......... .......... .......... 95% 28.4M 0s
[138.276s]   3900K .......... .......... .......... .......... .......... 96%  763M 0s
[138.279s]   3950K .......... .......... .......... .......... .......... 97% 20.6M 0s
[138.279s]   4000K .......... .......... .......... .......... .......... 98%  673M 0s
[138.279s]   4050K .......... .......... .......... .......... ......    100%  663M=0.6s
[138.279s] 
[138.279s] 2026-09-10 20:00:15 (6.81 MB/s) - ‘/home/deepak/PX4-Autopilot/ros2_ws/build/multirobot_map_merge/map00.pgm’ saved [4194362/4194362]
[138.279s] 
[138.280s] Checking MD5 sum of /home/deepak/PX4-Autopilot/ros2_ws/build/multirobot_map_merge/map00.pgm
[138.290s] /home/deepak/PX4-Autopilot/ros2_ws/build/multirobot_map_merge/map00.pgm: OK
[138.295s] --2026-09-10 20:00:15--  https://raw.githubusercontent.com/hrnr/m-explore-extra/master/map_merge/hector_maps/map05.pgm
[138.297s] Resolving raw.githubusercontent.com (raw.githubusercontent.com)... 185.199.111.133, 185.199.108.133, 185.199.110.133, ...
[138.351s] Connecting to raw.githubusercontent.com (raw.githubusercontent.com)|185.199.111.133|:443... connected.
[139.536s] HTTP request sent, awaiting response... 200 OK
[139.536s] Length: 4194362 (4.0M) [application/octet-stream]
[139.536s] Saving to: ‘/home/deepak/PX4-Autopilot/ros2_ws/build/multirobot_map_merge/map05.pgm’
[139.536s] 
[139.599s]      0K .......... .......... .......... .......... ..........  1%  787K 5s
[139.655s]     50K .......... .......... .......... .......... ..........  2%  898K 5s
[139.667s]    100K .......... .......... .......... .......... ..........  3% 3.83M 3s
[139.702s]    150K .......... .......... .......... .......... ..........  4% 1.40M 3s
[139.713s]    200K .......... .......... .......... .......... ..........  6% 4.60M 3s
[139.720s]    250K .......... .......... .......... .......... ..........  7% 6.68M 2s
[139.727s]    300K .......... .......... .......... .......... ..........  8% 7.08M 2s
[139.755s]    350K .......... .......... .......... .......... ..........  9% 5.61M 2s
[139.759s]    400K .......... .......... .......... .......... .......... 10% 2.11M 2s
[139.765s]    450K .......... .......... .......... .......... .......... 12% 7.66M 2s
[139.770s]    500K .......... .......... .......... .......... .......... 13% 10.2M 2s
[139.774s]    550K .......... .......... .......... .......... .......... 14% 12.8M 1s
[139.779s]    600K .......... .......... .......... .......... .......... 15% 10.2M 1s
[139.782s]    650K .......... .......... .......... .......... .......... 17% 13.2M 1s
[139.788s]    700K .......... .......... .......... .......... .......... 18% 7.82M 1s
[139.793s]    750K .......... .......... .......... .......... .......... 19% 12.0M 1s
[139.812s]    800K .......... .......... .......... .......... .......... 20% 2.58M 1s
[139.816s]    850K .......... .......... .......... .......... .......... 21% 11.9M 1s
[139.820s]    900K .......... .......... .......... .......... .......... 23% 12.0M 1s
[139.824s]    950K .......... .......... .......... .......... .......... 24% 12.1M 1s
[139.828s]   1000K .......... .......... .......... .......... .......... 25% 10.9M 1s
[139.833s]   1050K .......... .......... .......... .......... .......... 26% 9.36M 1s
[139.836s]   1100K .......... .......... .......... .......... .......... 28% 15.6M 1s
[139.843s]   1150K .......... .......... .......... .......... .......... 29% 8.20M 1s
[139.846s]   1200K .......... .......... .......... .......... .......... 30% 13.9M 1s
[139.854s]   1250K .......... .......... .......... .......... .......... 31% 6.49M 1s
[139.856s]   1300K .......... .......... .......... .......... .......... 32% 22.3M 1s
[139.860s]   1350K .......... .......... .......... .......... .......... 34% 11.6M 1s
[139.863s]   1400K .......... .......... .......... .......... .......... 35% 15.6M 1s
[139.867s]   1450K .......... .......... .......... .......... .......... 36% 11.5M 1s
[139.872s]   1500K .......... .......... .......... .......... .......... 37% 10.9M 1s
[139.877s]   1550K .......... .......... .......... .......... .......... 39% 12.1M 1s
[139.882s]   1600K .......... .......... .......... .......... .......... 40% 7.68M 1s
[139.886s]   1650K .......... .......... .......... .......... .......... 41% 13.5M 0s
[139.889s]   1700K .......... .......... .......... .......... .......... 42% 13.5M 0s
[139.893s]   1750K .......... .......... .......... .......... .......... 43% 11.7M 0s
[139.899s]   1800K .......... .......... .......... .......... .......... 45% 9.77M 0s
[139.902s]   1850K .......... .......... .......... .......... .......... 46% 13.0M 0s
[139.907s]   1900K .......... .......... .......... .......... .......... 47% 9.92M 0s
[139.912s]   1950K .......... .......... .......... .......... .......... 48% 12.8M 0s
[139.916s]   2000K .......... .......... .......... .......... .......... 50% 9.06M 0s
[139.920s]   2050K .......... .......... .......... .......... .......... 51% 12.8M 0s
[139.925s]   2100K .......... .......... .......... .......... .......... 52% 11.2M 0s
[139.929s]   2150K .......... .......... .......... .......... .......... 53% 12.2M 0s
[139.932s]   2200K .......... .......... .......... .......... .......... 54% 12.7M 0s
[139.938s]   2250K .......... .......... .......... .......... .......... 56% 9.14M 0s
[139.942s]   2300K .......... .......... .......... .......... .......... 57% 11.2M 0s
[139.947s]   2350K .......... .......... .......... .......... .......... 58% 12.0M 0s
[139.951s]   2400K .......... .......... .......... .......... .......... 59% 9.25M 0s
[139.956s]   2450K .......... .......... .......... .......... .......... 61% 11.7M 0s
[139.959s]   2500K .......... .......... .......... .......... .......... 62% 12.7M 0s
[139.965s]   2550K .......... .......... .......... .......... .......... 63% 8.85M 0s
[139.968s]   2600K .......... .......... .......... .......... .......... 64% 17.3M 0s
[139.973s]   2650K .......... .......... .......... .......... .......... 65% 9.61M 0s
[139.976s]   2700K .......... .......... .......... .......... .......... 67% 13.3M 0s
[139.982s]   2750K .......... .......... .......... .......... .......... 68% 12.1M 0s
[139.986s]   2800K .......... .......... .......... .......... .......... 69% 8.68M 0s
[139.990s]   2850K .......... .......... .......... .......... .......... 70% 12.2M 0s
[140.070s]   2900K .......... .......... .......... .......... .......... 72%  631K 0s
[140.071s]   2950K .......... .......... .......... .......... .......... 73% 41.8M 0s
[140.074s]   3000K .......... .......... .......... .......... .......... 74% 16.5M 0s
[140.077s]   3050K .......... .......... .......... .......... .......... 75% 15.1M 0s
[140.078s]   3100K .......... .......... .......... .......... .......... 76% 83.4M 0s
[140.079s]   3150K .......... .......... .......... .......... .......... 78% 45.9M 0s
[140.082s]   3200K .......... .......... .......... .......... .......... 79% 12.9M 0s
[140.084s]   3250K .......... .......... .......... .......... .......... 80% 41.0M 0s
[140.084s]   3300K .......... .......... .......... .......... .......... 81%  110M 0s
[140.084s]   3350K .......... .......... .......... .......... .......... 83%  713M 0s
[140.087s]   3400K .......... .......... .......... .......... .......... 84% 15.9M 0s
[140.088s]   3450K .......... .......... .......... .......... .......... 85% 43.4M 0s
[140.091s]   3500K .......... .......... .......... .......... .......... 86% 21.7M 0s
[140.092s]   3550K .......... .......... .......... .......... .......... 87% 24.3M 0s
[140.093s]   3600K .......... .......... .......... .......... .......... 89%  162M 0s
[140.093s]   3650K .......... .......... .......... .......... .......... 90%  768M 0s
[140.097s]   3700K .......... .......... .......... .......... .......... 91% 11.9M 0s
[140.097s]   3750K .......... .......... .......... .......... .......... 92%  433M 0s
[140.097s]   3800K .......... .......... .......... .......... .......... 93%  689M 0s
[140.110s]   3850K .......... .......... .......... .......... .......... 95% 3.78M 0s
[140.110s]   3900K .......... .......... .......... .......... .......... 96%  780M 0s
[140.110s]   3950K .......... .......... .......... .......... .......... 97%  747M 0s
[140.110s]   4000K .......... .......... .......... .......... .......... 98%  643M 0s
[140.110s]   4050K .......... .......... .......... .......... ......    100%  781M=0.6s
[140.110s] 
[140.111s] 2026-09-10 20:00:16 (6.95 MB/s) - ‘/home/deepak/PX4-Autopilot/ros2_ws/build/multirobot_map_merge/map05.pgm’ saved [4194362/4194362]
[140.111s] 
[140.112s] Checking MD5 sum of /home/deepak/PX4-Autopilot/ros2_ws/build/multirobot_map_merge/map05.pgm
[140.118s] /home/deepak/PX4-Autopilot/ros2_ws/build/multirobot_map_merge/map05.pgm: OK
[140.124s] --2026-09-10 20:00:16--  https://raw.githubusercontent.com/hrnr/m-explore-extra/master/map_merge/gmapping_maps/2011-08-09-12-22-52.pgm
[140.127s] Resolving raw.githubusercontent.com (raw.githubusercontent.com)... 185.199.108.133, 185.199.111.133, 185.199.109.133, ...
[140.171s] Connecting to raw.githubusercontent.com (raw.githubusercontent.com)|185.199.108.133|:443... connected.
[141.483s] HTTP request sent, awaiting response... 200 OK
[141.483s] Length: 16000058 (15M) [application/octet-stream]
[141.483s] Saving to: ‘/home/deepak/PX4-Autopilot/ros2_ws/build/multirobot_map_merge/2011-08-09-12-22-52.pgm’
[141.483s] 
[141.538s]      0K .......... .......... .......... .......... ..........  0%  915K 17s
[141.587s]     50K .......... .......... .......... .......... ..........  0% 1016K 16s
[141.597s]    100K .......... .......... .......... .......... ..........  0% 5.11M 12s
[141.633s]    150K .......... .......... .......... .......... ..........  1% 1.36M 12s
[141.637s]    200K .......... .......... .......... .......... ..........  1% 10.7M 9s
[141.644s]    250K .......... .......... .......... .......... ..........  1% 7.19M 8s
[141.658s]    300K .......... .......... .......... .......... ..........  2% 3.82M 8s
[141.669s]    350K .......... .......... .......... .......... ..........  2% 4.89M 7s
[141.681s]    400K .......... .......... .......... .......... ..........  2% 3.52M 7s
[141.685s]    450K .......... .......... .......... .......... ..........  3% 12.5M 6s
[141.690s]    500K .......... .......... .......... .......... ..........  3% 8.72M 6s
[141.692s]    550K .......... .......... .......... .......... ..........  3% 23.3M 5s
[141.696s]    600K .......... .......... .......... .......... ..........  4% 12.8M 5s
[141.700s]    650K .......... .......... .......... .......... ..........  4% 11.9M 5s
[141.703s]    700K .......... .......... .......... .......... ..........  4% 14.4M 4s
[141.710s]    750K .......... .......... .......... .......... ..........  5% 7.02M 4s
[141.715s]    800K .......... .......... .......... .......... ..........  5% 11.0M 4s
[141.719s]    850K .......... .......... .......... .......... ..........  5% 10.5M 4s
[141.733s]    900K .......... .......... .......... .......... ..........  6% 3.63M 4s
[141.737s]    950K .......... .......... .......... .......... ..........  6% 13.1M 4s
[141.741s]   1000K .......... .......... .......... .......... ..........  6% 10.5M 4s
[141.745s]   1050K .......... .......... .......... .......... ..........  7% 12.8M 3s
[141.749s]   1100K .......... .......... .......... .......... ..........  7% 12.0M 3s
[141.755s]   1150K .......... .......... .......... .......... ..........  7% 10.5M 3s
[141.759s]   1200K .......... .......... .......... .......... ..........  7% 8.91M 3s
[141.764s]   1250K .......... .......... .......... .......... ..........  8% 10.4M 3s
[141.767s]   1300K .......... .......... .......... .......... ..........  8% 14.8M 3s
[141.773s]   1350K .......... .......... .......... .......... ..........  8% 9.05M 3s
[141.777s]   1400K .......... .......... .......... .......... ..........  9% 10.3M 3s
[141.781s]   1450K .......... .......... .......... .......... ..........  9% 13.0M 3s
[141.784s]   1500K .......... .......... .......... .......... ..........  9% 15.9M 3s
[141.793s]   1550K .......... .......... .......... .......... .......... 10% 6.87M 3s
[141.797s]   1600K .......... .......... .......... .......... .......... 10% 8.33M 3s
[141.800s]   1650K .......... .......... .......... .......... .......... 10% 19.9M 3s
[141.803s]   1700K .......... .......... .......... .......... .......... 11% 12.8M 3s
[141.808s]   1750K .......... .......... .......... .......... .......... 11% 11.8M 2s
[141.811s]   1800K .......... .......... .......... .......... .......... 11% 16.0M 2s
[141.819s]   1850K .......... .......... .......... .......... .......... 12% 6.12M 2s
[141.822s]   1900K .......... .......... .......... .......... .......... 12% 14.7M 2s
[141.826s]   1950K .......... .......... .......... .......... .......... 12% 16.0M 2s
[141.830s]   2000K .......... .......... .......... .......... .......... 13% 10.3M 2s
[141.833s]   2050K .......... .......... .......... .......... .......... 13% 12.5M 2s
[141.837s]   2100K .......... .......... .......... .......... .......... 13% 13.4M 2s
[141.841s]   2150K .......... .......... .......... .......... .......... 14% 11.8M 2s
[141.846s]   2200K .......... .......... .......... .......... .......... 14% 10.9M 2s
[141.850s]   2250K .......... .......... .......... .......... .......... 14% 11.7M 2s
[141.854s]   2300K .......... .......... .......... .......... .......... 15% 11.8M 2s
[141.860s]   2350K .......... .......... .......... .......... .......... 15% 9.73M 2s
[141.864s]   2400K .......... .......... .......... .......... .......... 15% 10.1M 2s
[141.868s]   2450K .......... .......... .......... .......... .......... 15% 10.7M 2s
[141.872s]   2500K .......... .......... .......... .......... .......... 16% 13.9M 2s
[141.876s]   2550K .......... .......... .......... .......... .......... 16% 11.1M 2s
[141.881s]   2600K .......... .......... .......... .......... .......... 16% 10.1M 2s
[141.889s]   2650K .......... .......... .......... .......... .......... 17% 6.40M 2s
[141.891s]   2700K .......... .......... .......... .......... .......... 17% 28.5M 2s
[142.011s]   2750K .......... .......... .......... .......... .......... 17%  415K 2s
[142.011s]   2800K .......... .......... .......... .......... .......... 18%  619M 2s
[142.011s]   2850K .......... .......... .......... .......... .......... 18%  822M 2s
[142.012s]   2900K .......... .......... .......... .......... .......... 18%  398M 2s
[142.012s]   2950K .......... .......... .......... .......... .......... 19%  679M 2s
[142.024s]   3000K .......... .......... .......... .......... .......... 19% 3.83M 2s
[142.026s]   3050K .......... .......... .......... .......... .......... 19% 37.4M 2s
[142.027s]   3100K .......... .......... .......... .......... .......... 20% 42.8M 2s
[142.027s]   3150K .......... .......... .......... .......... .......... 20%  589M 2s
[142.027s]   3200K .......... .......... .......... .......... .......... 20%  657M 2s
[142.027s]   3250K .......... .......... .......... .......... .......... 21%  816M 2s
[142.027s]   3300K .......... .......... .......... .......... .......... 21%  777M 2s
[142.027s]   3350K .......... .......... .......... .......... .......... 21%  792M 2s
[142.027s]   3400K .......... .......... .......... .......... .......... 22%  696M 2s
[142.043s]   3450K .......... .......... .......... .......... .......... 22% 3.09M 2s
[142.044s]   3500K .......... .......... .......... .......... .......... 22% 34.4M 2s
[142.048s]   3550K .......... .......... .......... .......... .......... 23% 14.7M 2s
[142.049s]   3600K .......... .......... .......... .......... .......... 23% 42.3M 2s
[142.052s]   3650K .......... .......... .......... .......... .......... 23% 16.2M 2s
[142.054s]   3700K .......... .......... .......... .......... .......... 23% 26.6M 2s
[142.057s]   3750K .......... .......... .......... .......... .......... 24% 13.3M 2s
[142.057s]   3800K .......... .......... .......... .......... .......... 24%  549M 2s
[142.057s]   3850K .......... .......... .......... .......... .......... 24%  722M 2s
[142.057s]   3900K .......... .......... .......... .......... .......... 25%  808M 2s
[142.058s]   3950K .......... .......... .......... .......... .......... 25%  866M 2s
[142.058s]   4000K .......... .......... .......... .......... .......... 25%  730M 2s
[142.058s]   4050K .......... .......... .......... .......... .......... 26%  827M 2s
[142.058s]   4100K .......... .......... .......... .......... .......... 26%  800M 2s
[142.058s]   4150K .......... .......... .......... .......... .......... 26%  801M 2s
[142.058s]   4200K .......... .......... .......... .......... .......... 27%  738M 2s
[142.058s]   4250K .......... .......... .......... .......... .......... 27%  822M 2s
[142.058s]   4300K .......... .......... .......... .......... .......... 27%  829M 1s
[142.058s]   4350K .......... .......... .......... .......... .......... 28%  813M 1s
[142.058s]   4400K .......... .......... .......... .......... .......... 28%  687M 1s
[142.058s]   4450K .......... .......... .......... .......... .......... 28%  766M 1s
[142.058s]   4500K .......... .......... .......... .......... .......... 29%  837M 1s
[142.058s]   4550K .......... .......... .......... .......... .......... 29%  811M 1s
[142.058s]   4600K .......... .......... .......... .......... .......... 29%  757M 1s
[142.106s]   4650K .......... .......... .......... .......... .......... 30% 1.03M 1s
[142.109s]   4700K .......... .......... .......... .......... .......... 30% 18.4M 1s
[142.115s]   4750K .......... .......... .......... .......... .......... 30% 12.6M 1s
[142.119s]   4800K .......... .......... .......... .......... .......... 31% 8.08M 1s
[142.126s]   4850K .......... .......... .......... .......... .......... 31% 7.00M 1s
[142.127s]   4900K .......... .......... .......... .......... .......... 31% 27.2M 1s
[142.131s]   4950K .......... .......... .......... .......... .......... 31% 13.8M 1s
[142.135s]   5000K .......... .......... .......... .......... .......... 32% 11.0M 1s
[142.139s]   5050K .......... .......... .......... .......... .......... 32% 14.0M 1s
[142.143s]   5100K .......... .......... .......... .......... .......... 32% 10.3M 1s
[142.148s]   5150K .......... .......... .......... .......... .......... 33% 12.4M 1s
[142.154s]   5200K .......... .......... .......... .......... .......... 33% 7.67M 1s
[142.157s]   5250K .......... .......... .......... .......... .......... 33% 14.5M 1s
[142.163s]   5300K .......... .......... .......... .......... .......... 34% 9.07M 1s
[142.166s]   5350K .......... .......... .......... .......... .......... 34% 14.5M 1s
[142.170s]   5400K .......... .......... .......... .......... .......... 34% 11.9M 1s
[142.174s]   5450K .......... .......... .......... .......... .......... 35% 13.9M 1s
[142.179s]   5500K .......... .......... .......... .......... .......... 35% 9.54M 1s
[142.183s]   5550K .......... .......... .......... .......... .......... 35% 13.1M 1s
[142.188s]   5600K .......... .......... .......... .......... .......... 36% 8.36M 1s
[142.197s]   5650K .......... .......... .......... .......... .......... 36% 5.94M 1s
[142.198s]   5700K .......... .......... .......... .......... .......... 36% 24.8M 1s
[142.202s]   5750K .......... .......... .......... .......... .......... 37% 16.4M 1s
[142.205s]   5800K .......... .......... .......... .......... .......... 37% 13.8M 1s
[142.209s]   5850K .......... .......... .......... .......... .......... 37% 11.2M 1s
[142.213s]   5900K .......... .......... .......... .......... .......... 38% 12.3M 1s
[142.219s]   5950K .......... .......... .......... .......... .......... 38% 12.8M 1s
[142.225s]   6000K .......... .......... .......... .......... .......... 38% 6.71M 1s
[142.227s]   6050K .......... .......... .......... .......... .......... 39% 19.6M 1s
[142.231s]   6100K .......... .......... .......... .......... .......... 39% 12.1M 1s
[142.236s]   6150K .......... .......... .......... .......... .......... 39% 10.2M 1s
[142.240s]   6200K .......... .......... .......... .......... .......... 39% 12.2M 1s
[142.244s]   6250K .......... .......... .......... .......... .......... 40% 12.4M 1s
[142.248s]   6300K .......... .......... .......... .......... .......... 40% 12.2M 1s
[142.253s]   6350K .......... .......... .......... .......... .......... 40% 10.5M 1s
[142.259s]   6400K .......... .......... .......... .......... .......... 41% 7.79M 1s
[142.262s]   6450K .......... .......... .......... .......... .......... 41% 13.2M 1s
[142.267s]   6500K .......... .......... .......... .......... .......... 41% 9.72M 1s
[142.271s]   6550K .......... .......... .......... .......... .......... 42% 14.0M 1s
[142.275s]   6600K .......... .......... .......... .......... .......... 42% 12.3M 1s
[142.279s]   6650K .......... .......... .......... .......... .......... 42% 10.5M 1s
[142.283s]   6700K .......... .......... .......... .......... .......... 43% 14.1M 1s
[142.289s]   6750K .......... .......... .......... .......... .......... 43% 10.9M 1s
[142.294s]   6800K .......... .......... .......... .......... .......... 43% 7.86M 1s
[142.300s]   6850K .......... .......... .......... .......... .......... 44% 7.73M 1s
[142.302s]   6900K .......... .......... .......... .......... .......... 44% 24.9M 1s
[142.306s]   6950K .......... .......... .......... .......... .......... 44% 11.6M 1s
[142.311s]   7000K .......... .......... .......... .......... .......... 45% 10.8M 1s
[142.317s]   7050K .......... .......... .......... .......... .......... 45% 7.92M 1s
[142.319s]   7100K .......... .......... .......... .......... .......... 45% 23.3M 1s
[142.326s]   7150K .......... .......... .......... .......... .......... 46% 9.67M 1s
[142.328s]   7200K .......... .......... .......... .......... .......... 46% 11.7M 1s
[142.333s]   7250K .......... .......... .......... .......... .......... 46% 9.31M 1s
[142.337s]   7300K .......... .......... .......... .......... .......... 47% 14.3M 1s
[142.341s]   7350K .......... .......... .......... .......... .......... 47% 12.5M 1s
[142.345s]   7400K .......... .......... .......... .......... .......... 47% 11.9M 1s
[142.349s]   7450K .......... .......... .......... .......... .......... 47% 12.4M 1s
[142.354s]   7500K .......... .......... .......... .......... .......... 48% 9.80M 1s
[142.359s]   7550K .......... .......... .......... .......... .......... 48% 12.5M 1s
[142.364s]   7600K .......... .......... .......... .......... .......... 48% 8.22M 1s
[142.368s]   7650K .......... .......... .......... .......... .......... 49% 12.4M 1s
[142.372s]   7700K .......... .......... .......... .......... .......... 49% 11.5M 1s
[142.377s]   7750K .......... .......... .......... .......... .......... 49% 9.61M 1s
[142.380s]   7800K .......... .......... .......... .......... .......... 50% 14.7M 1s
[142.385s]   7850K .......... .......... .......... .......... .......... 50% 11.1M 1s
[142.388s]   7900K .......... .......... .......... .......... .......... 50% 12.7M 1s
[142.398s]   7950K .......... .......... .......... .......... .......... 51% 5.25M 1s
[142.402s]   8000K .......... .......... .......... .......... .......... 51% 12.8M 1s
[142.403s]   8050K .......... .......... .......... .......... .......... 51% 35.1M 1s
[142.406s]   8100K .......... .......... .......... .......... .......... 52% 14.1M 1s
[142.413s]   8150K .......... .......... .......... .......... .......... 52% 7.16M 1s
[142.415s]   8200K .......... .......... .......... .......... .......... 52% 29.8M 1s
[142.419s]   8250K .......... .......... .......... .......... .......... 53% 10.9M 1s
[142.423s]   8300K .......... .......... .......... .......... .......... 53% 11.6M 1s
[142.430s]   8350K .......... .......... .......... .......... .......... 53% 8.09M 1s
[142.433s]   8400K .......... .......... .......... .......... .......... 54% 14.6M 1s
[142.438s]   8450K .......... .......... .......... .......... .......... 54% 9.60M 1s
[142.442s]   8500K .......... .......... .......... .......... .......... 54% 13.1M 1s
[142.446s]   8550K .......... .......... .......... .......... .......... 55% 12.3M 1s
[142.449s]   8600K .......... .......... .......... .......... .......... 55% 12.3M 1s
[142.454s]   8650K .......... .......... .......... .......... .......... 55% 10.2M 1s
[142.459s]   8700K .......... .......... .......... .......... .......... 55% 11.2M 1s
[142.464s]   8750K .......... .......... .......... .......... .......... 56% 14.9M 1s
[142.470s]   8800K .......... .......... .......... .......... .......... 56% 6.17M 1s
[142.473s]   8850K .......... .......... .......... .......... .......... 56% 19.9M 1s
[142.476s]   8900K .......... .......... .......... .......... .......... 57% 11.8M 1s
[142.482s]   8950K .......... .......... .......... .......... .......... 57% 9.73M 1s
[142.486s]   9000K .......... .......... .......... .......... .......... 57% 11.4M 1s
[142.489s]   9050K .......... .......... .......... .......... .......... 58% 13.0M 1s
[142.494s]   9100K .......... .......... .......... .......... .......... 58% 10.9M 1s
[142.499s]   9150K .......... .......... .......... .......... .......... 58% 13.8M 1s
[142.506s]   9200K .......... .......... .......... .......... .......... 59% 5.88M 1s
[142.508s]   9250K .......... .......... .......... .......... .......... 59% 27.4M 1s
[142.511s]   9300K .......... .......... .......... .......... .......... 59% 13.4M 1s
[142.518s]   9350K .......... .......... .......... .......... .......... 60% 7.49M 1s
[142.520s]   9400K .......... .......... .......... .......... .......... 60% 21.9M 1s
[142.525s]   9450K .......... .......... .......... .......... .......... 60% 10.5M 1s
[142.530s]   9500K .......... .......... .......... .......... .......... 61% 10.0M 1s
[142.534s]   9550K .......... .......... .......... .......... .......... 61% 17.7M 1s
[142.538s]   9600K .......... .......... .......... .......... .......... 61% 8.21M 1s
[142.543s]   9650K .......... .......... .......... .......... .......... 62% 10.2M 1s
[142.548s]   9700K .......... .......... .......... .......... .......... 62% 12.1M 1s
[142.551s]   9750K .......... .......... .......... .......... .......... 62% 12.5M 1s
[142.555s]   9800K .......... .......... .......... .......... .......... 63% 11.4M 1s
[142.559s]   9850K .......... .......... .......... .......... .......... 63% 12.7M 1s
[142.564s]   9900K .......... .......... .......... .......... .......... 63% 10.1M 1s
[142.579s]   9950K .......... .......... .......... .......... .......... 63% 3.39M 1s
[142.579s]  10000K .......... .......... .......... .......... .......... 64%  711M 1s
[142.583s]  10050K .......... .......... .......... .......... .......... 64% 11.9M 1s
[142.585s]  10100K .......... .......... .......... .......... .......... 64% 22.0M 1s
[142.588s]  10150K .......... .......... .......... .......... .......... 65% 15.2M 1s
[142.590s]  10200K .......... .......... .......... .......... .......... 65% 22.1M 1s
[142.594s]  10250K .......... .......... .......... .......... .......... 65% 12.3M 1s
[142.600s]  10300K .......... .......... .......... .......... .......... 66% 8.57M 1s
[142.608s]  10350K .......... .......... .......... .......... .......... 66% 18.7M 1s
[142.610s]  10400K .......... .......... .......... .......... .......... 66% 6.46M 1s
[142.614s]  10450K .......... .......... .......... .......... .......... 67% 13.9M 1s
[142.618s]  10500K .......... .......... .......... .......... .......... 67% 12.2M 1s
[142.624s]  10550K .......... .......... .......... .......... .......... 67% 8.07M 1s
[142.626s]  10600K .......... .......... .......... .......... .......... 68% 23.9M 1s
[142.631s]  10650K .......... .......... .......... .......... .......... 68% 9.09M 1s
[142.634s]  10700K .......... .......... .......... .......... .......... 68% 15.1M 1s
[142.640s]  10750K .......... .......... .......... .......... .......... 69% 16.9M 1s
[142.644s]  10800K .......... .......... .......... .......... .......... 69% 7.31M 1s
[142.648s]  10850K .......... .......... .......... .......... .......... 69% 12.6M 1s
[142.652s]  10900K .......... .......... .......... .......... .......... 70% 13.3M 0s
[142.655s]  10950K .......... .......... .......... .......... .......... 70% 12.3M 0s
[142.659s]  11000K .......... .......... .......... .......... .......... 70% 11.4M 0s
[142.664s]  11050K .......... .......... .......... .......... .......... 71% 11.9M 0s
[142.668s]  11100K .......... .......... .......... .......... .......... 71% 11.8M 0s
[142.674s]  11150K .......... .......... .......... .......... .......... 71% 12.0M 0s
[142.677s]  11200K .......... .......... .......... .......... .......... 71% 8.75M 0s
[142.683s]  11250K .......... .......... .......... .......... .......... 72% 10.0M 0s
[142.686s]  11300K .......... .......... .......... .......... .......... 72% 12.3M 0s
[142.691s]  11350K .......... .......... .......... .......... .......... 72% 10.7M 0s
[142.696s]  11400K .......... .......... .......... .......... .......... 73% 10.2M 0s
[142.701s]  11450K .......... .......... .......... .......... .......... 73% 9.79M 0s
[142.703s]  11500K .......... .......... .......... .......... .......... 73% 18.5M 0s
[142.717s]  11550K .......... .......... .......... .......... .......... 74% 4.37M 0s
[142.718s]  11600K .......... .......... .......... .......... .......... 74% 12.5M 0s
[142.723s]  11650K .......... .......... .......... .......... .......... 74% 11.0M 0s
[142.727s]  11700K .......... .......... .......... .......... .......... 75% 11.9M 0s
[142.731s]  11750K .......... .......... .......... .......... .......... 75% 13.2M 0s
[142.734s]  11800K .......... .......... .......... .......... .......... 75% 12.9M 0s
[142.739s]  11850K .......... .......... .......... .......... .......... 76% 11.3M 0s
[142.741s]  11900K .......... .......... .......... .......... .......... 76% 23.2M 0s
[142.748s]  11950K .......... .......... .......... .......... .......... 76% 12.5M 0s
[142.752s]  12000K .......... .......... .......... .......... .......... 77% 7.06M 0s
[142.756s]  12050K .......... .......... .......... .......... .......... 77% 12.0M 0s
[142.760s]  12100K .......... .......... .......... .......... .......... 77% 11.7M 0s
[142.763s]  12150K .......... .......... .......... .......... .......... 78% 14.2M 0s
[142.765s]  12200K .......... .......... .......... .......... .......... 78% 22.9M 0s
[142.770s]  12250K .......... .......... .......... .......... .......... 78% 9.69M 0s
[142.774s]  12300K .......... .......... .......... .......... .......... 79% 15.1M 0s
[142.780s]  12350K .......... .......... .......... .......... .......... 79% 9.62M 0s
[142.783s]  12400K .......... .......... .......... .......... .......... 79% 11.4M 0s
[142.791s]  12450K .......... .......... .......... .......... .......... 79% 6.40M 0s
[142.793s]  12500K .......... .......... .......... .......... .......... 80% 19.8M 0s
[142.798s]  12550K .......... .......... .......... .......... .......... 80% 11.0M 0s
[142.800s]  12600K .......... .......... .......... .......... .......... 80% 17.7M 0s
[142.806s]  12650K .......... .......... .......... .......... .......... 81% 8.39M 0s
[142.810s]  12700K .......... .......... .......... .......... .......... 81% 13.5M 0s
[142.818s]  12750K .......... .......... .......... .......... .......... 81% 8.37M 0s
[142.821s]  12800K .......... .......... .......... .......... .......... 82% 8.51M 0s
[142.825s]  12850K .......... .......... .......... .......... .......... 82% 12.6M 0s
[142.828s]  12900K .......... .......... .......... .......... .......... 82% 20.5M 0s
[142.835s]  12950K .......... .......... .......... .......... .......... 83% 7.01M 0s
[142.837s]  13000K .......... .......... .......... .......... .......... 83% 21.7M 0s
[142.840s]  13050K .......... .......... .......... .......... .......... 83% 13.8M 0s
[142.843s]  13100K .......... .......... .......... .......... .......... 84% 19.2M 0s
[142.849s]  13150K .......... .......... .......... .......... .......... 84% 8.78M 0s
[142.854s]  13200K .......... .......... .......... .......... .......... 84% 9.16M 0s
[142.859s]  13250K .......... .......... .......... .......... .......... 85% 10.9M 0s
[142.863s]  13300K .......... .......... .......... .......... .......... 85% 10.8M 0s
[142.866s]  13350K .......... .......... .......... .......... .......... 85% 18.8M 0s
[142.874s]  13400K .......... .......... .......... .......... .......... 86% 5.90M 0s
[142.876s]  13450K .......... .......... .......... .......... .......... 86% 29.3M 0s
[142.879s]  13500K .......... .......... .......... .......... .......... 86% 16.3M 0s
[142.884s]  13550K .......... .......... .......... .......... .......... 87% 10.2M 0s
[142.888s]  13600K .......... .......... .......... .......... .......... 87% 10.3M 0s
[142.892s]  13650K .......... .......... .......... .......... .......... 87% 11.9M 0s
[142.897s]  13700K .......... .......... .......... .......... .......... 87% 9.92M 0s
[142.901s]  13750K .......... .......... .......... .......... .......... 88% 12.3M 0s
[142.910s]  13800K .......... .......... .......... .......... .......... 88% 5.95M 0s
[142.912s]  13850K .......... .......... .......... .......... .......... 88% 21.4M 0s
[142.914s]  13900K .......... .......... .......... .......... .......... 89% 17.8M 0s
[142.922s]  13950K .......... .......... .......... .......... .......... 89% 8.47M 0s
[142.926s]  14000K .......... .......... .......... .......... .......... 89% 8.59M 0s
[142.928s]  14050K .......... .......... .......... .......... .......... 90% 22.5M 0s
[142.933s]  14100K .......... .......... .......... .......... .......... 90% 10.3M 0s
[142.937s]  14150K .......... .......... .......... .......... .......... 90% 10.8M 0s
[142.941s]  14200K .......... .......... .......... .......... .......... 91% 12.1M 0s
[142.946s]  14250K .......... .......... .......... .......... .......... 91% 10.7M 0s
[142.950s]  14300K .......... .......... .......... .......... .......... 91% 12.2M 0s
[142.955s]  14350K .......... .......... .......... .......... .......... 92% 11.4M 0s
[142.959s]  14400K .......... .......... .......... .......... .......... 92% 10.4M 0s
[142.963s]  14450K .......... .......... .......... .......... .......... 92% 13.4M 0s
[142.967s]  14500K .......... .......... .......... .......... .......... 93% 11.9M 0s
[142.971s]  14550K .......... .......... .......... .......... .......... 93% 10.7M 0s
[142.975s]  14600K .......... .......... .......... .......... .......... 93% 11.4M 0s
[142.979s]  14650K .......... .......... .......... .......... .......... 94% 13.8M 0s
[142.985s]  14700K .......... .......... .......... .......... .......... 94% 8.99M 0s
[142.990s]  14750K .......... .......... .......... .......... .......... 94% 12.9M 0s
[142.993s]  14800K .......... .......... .......... .......... .......... 95% 9.65M 0s
[142.997s]  14850K .......... .......... .......... .......... .......... 95% 11.9M 0s
[143.002s]  14900K .......... .......... .......... .......... .......... 95% 11.4M 0s
[143.006s]  14950K .......... .......... .......... .......... .......... 95% 10.8M 0s
[143.010s]  15000K .......... .......... .......... .......... .......... 96% 11.5M 0s
[143.015s]  15050K .......... .......... .......... .......... .......... 96% 11.1M 0s
[143.019s]  15100K .......... .......... .......... .......... .......... 96% 12.9M 0s
[143.027s]  15150K .......... .......... .......... .......... .......... 97% 11.4M 0s
[143.029s]  15200K .......... .......... .......... .......... .......... 97% 7.58M 0s
[143.033s]  15250K .......... .......... .......... .......... .......... 97% 12.7M 0s
[143.038s]  15300K .......... .......... .......... .......... .......... 98% 11.9M 0s
[143.040s]  15350K .......... .......... .......... .......... .......... 98% 14.0M 0s
[143.045s]  15400K .......... .......... .......... .......... .......... 98% 12.1M 0s
[143.050s]  15450K .......... .......... .......... .......... .......... 99% 10.1M 0s
[143.056s]  15500K .......... .......... .......... .......... .......... 99% 7.24M 0s
[143.060s]  15550K .......... .......... .......... .......... .......... 99% 24.1M 0s
[143.060s]  15600K .......... .......... .....                           100% 17.8M=1.6s
[143.060s] 
[143.060s] 2026-09-10 20:00:19 (9.68 MB/s) - ‘/home/deepak/PX4-Autopilot/ros2_ws/build/multirobot_map_merge/2011-08-09-12-22-52.pgm’ saved [16000058/16000058]
[143.060s] 
[143.061s] Checking MD5 sum of /home/deepak/PX4-Autopilot/ros2_ws/build/multirobot_map_merge/2011-08-09-12-22-52.pgm
[143.082s] /home/deepak/PX4-Autopilot/ros2_ws/build/multirobot_map_merge/2011-08-09-12-22-52.pgm: OK
[143.088s] --2026-09-10 20:00:19--  https://raw.githubusercontent.com/hrnr/m-explore-extra/master/map_merge/gmapping_maps/2012-01-28-11-12-01.pgm
[143.089s] Resolving raw.githubusercontent.com (raw.githubusercontent.com)... 185.199.108.133, 185.199.110.133, 185.199.111.133, ...
[143.143s] Connecting to raw.githubusercontent.com (raw.githubusercontent.com)|185.199.108.133|:443... connected.
[146.288s] HTTP request sent, awaiting response... 200 OK
[146.288s] Length: 16000058 (15M) [application/octet-stream]
[146.288s] Saving to: ‘/home/deepak/PX4-Autopilot/ros2_ws/build/multirobot_map_merge/2012-01-28-11-12-01.pgm’
[146.289s] 
[146.352s]      0K .......... .......... .......... .......... ..........  0%  789K 20s
[146.410s]     50K .......... .......... .......... .......... ..........  0%  865K 19s
[146.452s]    100K .......... .......... .......... .......... ..........  0% 1.15M 17s
[146.466s]    150K .......... .......... .......... .......... ..........  1% 3.37M 14s
[146.475s]    200K .......... .......... .......... .......... ..........  1% 5.91M 11s
[146.485s]    250K .......... .......... .......... .......... ..........  1% 4.79M 10s
[146.510s]    300K .......... .......... .......... .......... ..........  2% 1.92M 10s
[146.517s]    350K .......... .......... .......... .......... ..........  2% 6.99M 9s
[146.523s]    400K .......... .......... .......... .......... ..........  2% 8.49M 8s
[146.529s]    450K .......... .......... .......... .......... ..........  3% 8.31M 7s
[146.535s]    500K .......... .......... .......... .......... ..........  3% 10.2M 7s
[146.539s]    550K .......... .......... .......... .......... ..........  3% 8.91M 6s
[146.559s]    600K .......... .......... .......... .......... ..........  4% 2.44M 6s
[146.563s]    650K .......... .......... .......... .......... ..........  4% 11.9M 6s
[146.567s]    700K .......... .......... .......... .......... ..........  4% 11.0M 6s
[146.574s]    750K .......... .......... .......... .......... ..........  5% 7.43M 5s
[146.577s]    800K .......... .......... .......... .......... ..........  5% 15.8M 5s
[146.582s]    850K .......... .......... .......... .......... ..........  5% 9.82M 5s
[146.586s]    900K .......... .......... .......... .......... ..........  6% 18.8M 5s
[146.590s]    950K .......... .......... .......... .......... ..........  6% 9.57M 4s
[146.598s]   1000K .......... .......... .......... .......... ..........  6% 5.89M 4s
[146.603s]   1050K .......... .......... .......... .......... ..........  7% 11.1M 4s
[146.605s]   1100K .......... .......... .......... .......... ..........  7% 20.8M 4s
[146.609s]   1150K .......... .......... .......... .......... ..........  7% 11.9M 4s
[146.614s]   1200K .......... .......... .......... .......... ..........  7% 9.72M 4s
[146.618s]   1250K .......... .......... .......... .......... ..........  8% 13.8M 4s
[146.623s]   1300K .......... .......... .......... .......... ..........  8% 9.23M 4s
[146.627s]   1350K .......... .......... .......... .......... ..........  8% 12.9M 3s
[146.631s]   1400K .......... .......... .......... .......... ..........  9% 12.6M 3s
[146.634s]   1450K .......... .......... .......... .......... ..........  9% 14.9M 3s
[146.648s]   1500K .......... .......... .......... .......... ..........  9% 3.43M 3s
[146.650s]   1550K .......... .......... .......... .......... .......... 10% 25.2M 3s
[146.655s]   1600K .......... .......... .......... .......... .......... 10% 10.2M 3s
[146.660s]   1650K .......... .......... .......... .......... .......... 10% 9.21M 3s
[146.666s]   1700K .......... .......... .......... .......... .......... 11% 20.7M 3s
[146.668s]   1750K .......... .......... .......... .......... .......... 11% 9.54M 3s
[146.674s]   1800K .......... .......... .......... .......... .......... 11% 8.08M 3s
[146.676s]   1850K .......... .......... .......... .......... .......... 12% 19.9M 3s
[146.681s]   1900K .......... .......... .......... .......... .......... 12% 11.0M 3s
[146.686s]   1950K .......... .......... .......... .......... .......... 12% 9.16M 3s
[146.689s]   2000K .......... .......... .......... .......... .......... 13% 17.1M 3s
[146.696s]   2050K .......... .......... .......... .......... .......... 13% 7.42M 3s
[146.699s]   2100K .......... .......... .......... .......... .......... 13% 18.3M 3s
[146.706s]   2150K .......... .......... .......... .......... .......... 14% 6.01M 3s
[146.708s]   2200K .......... .......... .......... .......... .......... 14% 28.1M 2s
[146.711s]   2250K .......... .......... .......... .......... .......... 14% 14.4M 2s
[146.716s]   2300K .......... .......... .......... .......... .......... 15% 10.2M 2s
[146.720s]   2350K .......... .......... .......... .......... .......... 15% 13.9M 2s
[146.724s]   2400K .......... .......... .......... .......... .......... 15% 9.93M 2s
[146.729s]   2450K .......... .......... .......... .......... .......... 15% 12.2M 2s
[146.734s]   2500K .......... .......... .......... .......... .......... 16% 16.0M 2s
[146.739s]   2550K .......... .......... .......... .......... .......... 16% 6.19M 2s
[146.742s]   2600K .......... .......... .......... .......... .......... 16% 19.5M 2s
[146.747s]   2650K .......... .......... .......... .......... .......... 17% 9.40M 2s
[146.750s]   2700K .......... .......... .......... .......... .......... 17% 19.1M 2s
[146.755s]   2750K .......... .......... .......... .......... .......... 17% 10.1M 2s
[146.760s]   2800K .......... .......... .......... .......... .......... 18% 8.92M 2s
[146.764s]   2850K .......... .......... .......... .......... .......... 18% 12.5M 2s
[146.767s]   2900K .......... .......... .......... .......... .......... 18% 14.3M 2s
[146.774s]   2950K .......... .......... .......... .......... .......... 19% 7.62M 2s
[146.776s]   3000K .......... .......... .......... .......... .......... 19% 21.5M 2s
[146.782s]   3050K .......... .......... .......... .......... .......... 19% 8.41M 2s
[146.786s]   3100K .......... .......... .......... .......... .......... 20% 10.9M 2s
[146.791s]   3150K .......... .......... .......... .......... .......... 20% 11.0M 2s
[146.794s]   3200K .......... .......... .......... .......... .......... 20% 14.6M 2s
[146.798s]   3250K .......... .......... .......... .......... .......... 21% 11.7M 2s
[146.803s]   3300K .......... .......... .......... .......... .......... 21% 10.2M 2s
[146.807s]   3350K .......... .......... .......... .......... .......... 21% 12.3M 2s
[146.813s]   3400K .......... .......... .......... .......... .......... 22% 7.99M 2s
[146.817s]   3450K .......... .......... .......... .......... .......... 22% 13.9M 2s
[146.820s]   3500K .......... .......... .......... .......... .......... 22% 12.4M 2s
[146.825s]   3550K .......... .......... .......... .......... .......... 23% 10.5M 2s
[146.829s]   3600K .......... .......... .......... .......... .......... 23% 13.7M 2s
[146.833s]   3650K .......... .......... .......... .......... .......... 23% 11.4M 2s
[146.841s]   3700K .......... .......... .......... .......... .......... 23% 6.19M 2s
[146.843s]   3750K .......... .......... .......... .......... .......... 24% 21.0M 2s
[146.850s]   3800K .......... .......... .......... .......... .......... 24% 7.40M 2s
[146.852s]   3850K .......... .......... .......... .......... .......... 24% 23.1M 2s
[146.857s]   3900K .......... .......... .......... .......... .......... 25% 8.76M 2s
[146.860s]   3950K .......... .......... .......... .......... .......... 25% 20.7M 2s
[147.004s]   4000K .......... .......... .......... .......... .......... 25%  346K 2s
[147.006s]   4050K .......... .......... .......... .......... .......... 26% 36.5M 2s
[147.006s]   4100K .......... .......... .......... .......... .......... 26%  781M 2s
[147.013s]   4150K .......... .......... .......... .......... .......... 26% 7.05M 2s
[147.013s]   4200K .......... .......... .......... .......... .......... 27%  728M 2s
[147.020s]   4250K .......... .......... .......... .......... .......... 27% 6.56M 2s
[147.020s]   4300K .......... .......... .......... .......... .......... 27%  289M 2s
[147.021s]   4350K .......... .......... .......... .......... .......... 28% 78.7M 2s
[147.021s]   4400K .......... .......... .......... .......... .......... 28%  767M 2s
[147.026s]   4450K .......... .......... .......... .......... .......... 28% 9.44M 2s
[147.026s]   4500K .......... .......... .......... .......... .......... 29%  781M 2s
[147.026s]   4550K .......... .......... .......... .......... .......... 29%  824M 2s
[147.026s]   4600K .......... .......... .......... .......... .......... 29%  818M 2s
[147.026s]   4650K .......... .......... .......... .......... .......... 30%  480M 2s
[147.026s]   4700K .......... .......... .......... .......... .......... 30%  698M 2s
[147.026s]   4750K .......... .......... .......... .......... .......... 30%  766M 2s
[147.026s]   4800K .......... .......... .......... .......... .......... 31%  780M 2s
[147.027s]   4850K .......... .......... .......... .......... .......... 31%  564M 2s
[147.027s]   4900K .......... .......... .......... .......... .......... 31%  774M 2s
[147.027s]   4950K .......... .......... .......... .......... .......... 31%  781M 2s
[147.027s]   5000K .......... .......... .......... .......... .......... 32%  778M 2s
[147.027s]   5050K .......... .......... .......... .......... .......... 32%  644M 2s
[147.027s]   5100K .......... .......... .......... .......... .......... 32%  769M 2s
[147.027s]   5150K .......... .......... .......... .......... .......... 33%  144M 1s
[147.027s]   5200K .......... .......... .......... .......... .......... 33%  588M 1s
[147.030s]   5250K .......... .......... .......... .......... .......... 33% 19.8M 1s
[147.030s]   5300K .......... .......... .......... .......... .......... 34%  642M 1s
[147.030s]   5350K .......... .......... .......... .......... .......... 34%  728M 1s
[147.030s]   5400K .......... .......... .......... .......... .......... 34%  736M 1s
[147.030s]   5450K .......... .......... .......... .......... .......... 35%  626M 1s
[147.030s]   5500K .......... .......... .......... .......... .......... 35%  776M 1s
[147.030s]   5550K .......... .......... .......... .......... .......... 35%  764M 1s
[147.030s]   5600K .......... .......... .......... .......... .......... 36%  775M 1s
[147.030s]   5650K .......... .......... .......... .......... .......... 36%  672M 1s
[147.030s]   5700K .......... .......... .......... .......... .......... 36%  773M 1s
[147.030s]   5750K .......... .......... .......... .......... .......... 37%  770M 1s
[147.030s]   5800K .......... .......... .......... .......... .......... 37%  754M 1s
[147.030s]   5850K .......... .......... .......... .......... .......... 37%  638M 1s
[147.085s]   5900K .......... .......... .......... .......... .......... 38%  928K 1s
[147.088s]   5950K .......... .......... .......... .......... .......... 38% 15.4M 1s
[147.092s]   6000K .......... .......... .......... .......... .......... 38% 11.8M 1s
[147.096s]   6050K .......... .......... .......... .......... .......... 39% 13.0M 1s
[147.100s]   6100K .......... .......... .......... .......... .......... 39% 12.2M 1s
[147.104s]   6150K .......... .......... .......... .......... .......... 39% 10.4M 1s
[147.112s]   6200K .......... .......... .......... .......... .......... 39% 6.54M 1s
[147.115s]   6250K .......... .......... .......... .......... .......... 40% 15.9M 1s
[147.118s]   6300K .......... .......... .......... .......... .......... 40% 15.9M 1s
[147.122s]   6350K .......... .......... .......... .......... .......... 40% 11.4M 1s
[147.126s]   6400K .......... .......... .......... .......... .......... 41% 13.1M 1s
[147.131s]   6450K .......... .......... .......... .......... .......... 41% 10.7M 1s
[147.135s]   6500K .......... .......... .......... .......... .......... 41% 12.3M 1s
[147.139s]   6550K .......... .......... .......... .......... .......... 42% 12.0M 1s
[147.144s]   6600K .......... .......... .......... .......... .......... 42% 10.1M 1s
[147.149s]   6650K .......... .......... .......... .......... .......... 42% 9.72M 1s
[147.156s]   6700K .......... .......... .......... .......... .......... 43% 6.82M 1s
[147.158s]   6750K .......... .......... .......... .......... .......... 43% 26.6M 1s
[147.162s]   6800K .......... .......... .......... .......... .......... 43% 12.0M 1s
[147.166s]   6850K .......... .......... .......... .......... .......... 44% 12.2M 1s
[147.170s]   6900K .......... .......... .......... .......... .......... 44% 12.4M 1s
[147.174s]   6950K .......... .......... .......... .......... .......... 44% 12.0M 1s
[147.179s]   7000K .......... .......... .......... .......... .......... 45% 9.37M 1s
[147.184s]   7050K .......... .......... .......... .......... .......... 45% 9.97M 1s
[147.189s]   7100K .......... .......... .......... .......... .......... 45% 9.38M 1s
[147.192s]   7150K .......... .......... .......... .......... .......... 46% 15.2M 1s
[147.197s]   7200K .......... .......... .......... .......... .......... 46% 11.3M 1s
[147.202s]   7250K .......... .......... .......... .......... .......... 46% 9.55M 1s
[147.206s]   7300K .......... .......... .......... .......... .......... 47% 11.1M 1s
[147.213s]   7350K .......... .......... .......... .......... .......... 47% 6.83M 1s
[147.215s]   7400K .......... .......... .......... .......... .......... 47% 23.1M 1s
[147.219s]   7450K .......... .......... .......... .......... .......... 47% 14.3M 1s
[147.223s]   7500K .......... .......... .......... .......... .......... 48% 12.4M 1s
[147.227s]   7550K .......... .......... .......... .......... .......... 48% 11.9M 1s
[147.231s]   7600K .......... .......... .......... .......... .......... 48% 11.6M 1s
[147.237s]   7650K .......... .......... .......... .......... .......... 49% 8.54M 1s
[147.240s]   7700K .......... .......... .......... .......... .......... 49% 14.7M 1s
[147.243s]   7750K .......... .......... .......... .......... .......... 49% 13.4M 1s
[147.248s]   7800K .......... .......... .......... .......... .......... 50% 11.8M 1s
[147.255s]   7850K .......... .......... .......... .......... .......... 50% 6.98M 1s
[147.259s]   7900K .......... .......... .......... .......... .......... 50% 11.5M 1s
[147.263s]   7950K .......... .......... .......... .......... .......... 51% 13.3M 1s
[147.266s]   8000K .......... .......... .......... .......... .......... 51% 14.1M 1s
[147.270s]   8050K .......... .......... .......... .......... .......... 51% 11.4M 1s
[147.274s]   8100K .......... .......... .......... .......... .......... 52% 12.5M 1s
[147.279s]   8150K .......... .......... .......... .......... .......... 52% 10.0M 1s
[147.283s]   8200K .......... .......... .......... .......... .......... 52% 14.1M 1s
[147.290s]   8250K .......... .......... .......... .......... .......... 53% 6.31M 1s
[147.293s]   8300K .......... .......... .......... .......... .......... 53% 19.4M 1s
[147.298s]   8350K .......... .......... .......... .......... .......... 53% 9.25M 1s
[147.302s]   8400K .......... .......... .......... .......... .......... 54% 13.1M 1s
[147.309s]   8450K .......... .......... .......... .......... .......... 54% 6.46M 1s
[147.313s]   8500K .......... .......... .......... .......... .......... 54% 13.3M 1s
[147.317s]   8550K .......... .......... .......... .......... .......... 55% 11.1M 1s
[147.320s]   8600K .......... .......... .......... .......... .......... 55% 19.9M 1s
[147.325s]   8650K .......... .......... .......... .......... .......... 55% 10.7M 1s
[147.330s]   8700K .......... .......... .......... .......... .......... 55% 9.26M 1s
[147.334s]   8750K .......... .......... .......... .......... .......... 56% 10.9M 1s
[147.337s]   8800K .......... .......... .......... .......... .......... 56% 19.0M 1s
[147.341s]   8850K .......... .......... .......... .......... .......... 56% 11.0M 1s
[147.345s]   8900K .......... .......... .......... .......... .......... 57% 11.8M 1s
[147.349s]   8950K .......... .......... .......... .......... .......... 57% 12.7M 1s
[147.353s]   9000K .......... .......... .......... .......... .......... 57% 11.5M 1s
[147.360s]   9050K .......... .......... .......... .......... .......... 58% 7.89M 1s
[147.363s]   9100K .......... .......... .......... .......... .......... 58% 13.4M 1s
[147.367s]   9150K .......... .......... .......... .......... .......... 58% 11.8M 1s
[147.372s]   9200K .......... .......... .......... .......... .......... 59% 10.7M 1s
[147.376s]   9250K .......... .......... .......... .......... .......... 59% 11.5M 1s
[147.380s]   9300K .......... .......... .......... .......... .......... 59% 13.6M 1s
[147.385s]   9350K .......... .......... .......... .......... .......... 60% 10.8M 1s
[147.390s]   9400K .......... .......... .......... .......... .......... 60% 8.63M 1s
[147.394s]   9450K .......... .......... .......... .......... .......... 60% 10.7M 1s
[147.398s]   9500K .......... .......... .......... .......... .......... 61% 12.9M 1s
[147.404s]   9550K .......... .......... .......... .......... .......... 61% 9.22M 1s
[147.407s]   9600K .......... .......... .......... .......... .......... 61% 13.3M 1s
[147.415s]   9650K .......... .......... .......... .......... .......... 62% 6.09M 1s
[147.420s]   9700K .......... .......... .......... .......... .......... 62% 11.3M 1s
[147.421s]   9750K .......... .......... .......... .......... .......... 62% 37.9M 1s
[147.427s]   9800K .......... .......... .......... .......... .......... 63% 8.67M 1s
[147.429s]   9850K .......... .......... .......... .......... .......... 63% 17.2M 1s
[147.434s]   9900K .......... .......... .......... .......... .......... 63% 11.5M 1s
[147.438s]   9950K .......... .......... .......... .......... .......... 63% 10.4M 1s
[147.442s]  10000K .......... .......... .......... .......... .......... 64% 12.1M 1s
[147.446s]  10050K .......... .......... .......... .......... .......... 64% 12.7M 1s
[147.451s]  10100K .......... .......... .......... .......... .......... 64% 11.8M 1s
[147.455s]  10150K .......... .......... .......... .......... .......... 65% 11.4M 1s
[147.463s]  10200K .......... .......... .......... .......... .......... 65% 5.81M 1s
[147.466s]  10250K .......... .......... .......... .......... .......... 65% 18.8M 1s
[147.470s]  10300K .......... .......... .......... .......... .......... 66% 12.6M 1s
[147.473s]  10350K .......... .......... .......... .......... .......... 66% 13.2M 1s
[147.477s]  10400K .......... .......... .......... .......... .......... 66% 13.0M 1s
[147.482s]  10450K .......... .......... .......... .......... .......... 67% 9.72M 1s
[147.486s]  10500K .......... .......... .......... .......... .......... 67% 13.5M 1s
[147.492s]  10550K .......... .......... .......... .......... .......... 67% 8.23M 1s
[147.494s]  10600K .......... .......... .......... .......... .......... 68% 23.5M 1s
[147.500s]  10650K .......... .......... .......... .......... .......... 68% 8.34M 1s
[147.504s]  10700K .......... .......... .......... .......... .......... 68% 12.0M 1s
[147.508s]  10750K .......... .......... .......... .......... .......... 69% 10.7M 1s
[147.514s]  10800K .......... .......... .......... .......... .......... 69% 8.90M 1s
[147.516s]  10850K .......... .......... .......... .......... .......... 69% 19.6M 1s
[147.520s]  10900K .......... .......... .......... .......... .......... 70% 11.5M 1s
[147.525s]  10950K .......... .......... .......... .......... .......... 70% 10.6M 1s
[147.529s]  11000K .......... .......... .......... .......... .......... 70% 12.4M 1s
[147.534s]  11050K .......... .......... .......... .......... .......... 71% 9.19M 1s
[147.539s]  11100K .......... .......... .......... .......... .......... 71% 9.31M 1s
[147.543s]  11150K .......... .......... .......... .......... .......... 71% 13.2M 0s
[147.548s]  11200K .......... .......... .......... .......... .......... 71% 10.3M 0s
[147.551s]  11250K .......... .......... .......... .......... .......... 72% 14.1M 0s
[147.556s]  11300K .......... .......... .......... .......... .......... 72% 9.78M 0s
[147.560s]  11350K .......... .......... .......... .......... .......... 72% 13.9M 0s
[147.565s]  11400K .......... .......... .......... .......... .......... 73% 9.71M 0s
[147.569s]  11450K .......... .......... .......... .......... .......... 73% 11.1M 0s
[147.573s]  11500K .......... .......... .......... .......... .......... 73% 12.8M 0s
[147.578s]  11550K .......... .......... .......... .......... .......... 74% 9.06M 0s
[147.582s]  11600K .......... .......... .......... .......... .......... 74% 14.5M 0s
[147.586s]  11650K .......... .......... .......... .......... .......... 74% 11.2M 0s
[147.590s]  11700K .......... .......... .......... .......... .......... 75% 11.6M 0s
[147.620s]  11750K .......... .......... .......... .......... .......... 75% 1.65M 0s
[147.623s]  11800K .......... .......... .......... .......... .......... 75% 18.9M 0s
[147.626s]  11850K .......... .......... .......... .......... .......... 76% 14.2M 0s
[147.631s]  11900K .......... .......... .......... .......... .......... 76% 10.7M 0s
[147.632s]  11950K .......... .......... .......... .......... .......... 76% 30.6M 0s
[147.639s]  12000K .......... .......... .......... .......... .......... 77% 7.64M 0s
[147.641s]  12050K .......... .......... .......... .......... .......... 77% 24.0M 0s
[147.643s]  12100K .......... .......... .......... .......... .......... 77% 23.7M 0s
[147.648s]  12150K .......... .......... .......... .......... .......... 78% 9.45M 0s
[147.650s]  12200K .......... .......... .......... .......... .......... 78% 23.2M 0s
[147.654s]  12250K .......... .......... .......... .......... .......... 78% 12.2M 0s
[147.659s]  12300K .......... .......... .......... .......... .......... 79% 10.8M 0s
[147.661s]  12350K .......... .......... .......... .......... .......... 79% 21.7M 0s
[147.663s]  12400K .......... .......... .......... .......... .......... 79% 24.9M 0s
[147.667s]  12450K .......... .......... .......... .......... .......... 79% 10.9M 0s
[147.670s]  12500K .......... .......... .......... .......... .......... 80% 20.4M 0s
[147.674s]  12550K .......... .......... .......... .......... .......... 80% 11.7M 0s
[147.676s]  12600K .......... .......... .......... .......... .......... 80% 23.2M 0s
[147.680s]  12650K .......... .......... .......... .......... .......... 81% 12.4M 0s
[147.682s]  12700K .......... .......... .......... .......... .......... 81% 21.1M 0s
[147.687s]  12750K .......... .......... .......... .......... .......... 81% 10.8M 0s
[147.690s]  12800K .......... .......... .......... .......... .......... 82% 15.9M 0s
[147.692s]  12850K .......... .......... .......... .......... .......... 82% 23.4M 0s
[147.696s]  12900K .......... .......... .......... .......... .......... 82% 11.7M 0s
[147.701s]  12950K .......... .......... .......... .......... .......... 83% 10.1M 0s
[147.704s]  13000K .......... .......... .......... .......... .......... 83% 19.2M 0s
[147.709s]  13050K .......... .......... .......... .......... .......... 83% 8.25M 0s
[147.713s]  13100K .......... .......... .......... .......... .......... 84% 12.4M 0s
[147.719s]  13150K .......... .......... .......... .......... .......... 84% 9.14M 0s
[147.730s]  13200K .......... .......... .......... .......... .......... 84% 4.28M 0s
[147.732s]  13250K .......... .......... .......... .......... .......... 85% 23.5M 0s
[147.736s]  13300K .......... .......... .......... .......... .......... 85% 11.9M 0s
[147.740s]  13350K .......... .......... .......... .......... .......... 85% 12.0M 0s
[147.745s]  13400K .......... .......... .......... .......... .......... 86% 11.5M 0s
[147.749s]  13450K .......... .......... .......... .......... .......... 86% 10.9M 0s
[147.751s]  13500K .......... .......... .......... .......... .......... 86% 27.8M 0s
[147.753s]  13550K .......... .......... .......... .......... .......... 87% 19.7M 0s
[147.757s]  13600K .......... .......... .......... .......... .......... 87% 12.6M 0s
[147.763s]  13650K .......... .......... .......... .......... .......... 87% 8.50M 0s
[147.767s]  13700K .......... .......... .......... .......... .......... 87% 13.3M 0s
[147.771s]  13750K .......... .......... .......... .......... .......... 88% 12.5M 0s
[147.774s]  13800K .......... .......... .......... .......... .......... 88% 13.3M 0s
[147.780s]  13850K .......... .......... .......... .......... .......... 88% 8.79M 0s
[147.784s]  13900K .......... .......... .......... .......... .......... 89% 11.6M 0s
[147.791s]  13950K .......... .......... .......... .......... .......... 89% 6.99M 0s
[147.792s]  14000K .......... .......... .......... .......... .......... 89% 29.4M 0s
[147.797s]  14050K .......... .......... .......... .......... .......... 90% 12.1M 0s
[147.800s]  14100K .......... .......... .......... .......... .......... 90% 13.0M 0s
[147.805s]  14150K .......... .......... .......... .......... .......... 90% 10.0M 0s
[147.810s]  14200K .......... .......... .......... .......... .......... 91% 10.5M 0s
[147.815s]  14250K .......... .......... .......... .......... .......... 91% 9.85M 0s
[147.820s]  14300K .......... .......... .......... .......... .......... 91% 8.44M 0s
[147.823s]  14350K .......... .......... .......... .......... .......... 92% 24.0M 0s
[147.826s]  14400K .......... .......... .......... .......... .......... 92% 12.2M 0s
[147.831s]  14450K .......... .......... .......... .......... .......... 92% 9.85M 0s
[147.836s]  14500K .......... .......... .......... .......... .......... 93% 11.0M 0s
[147.840s]  14550K .......... .......... .......... .......... .......... 93% 12.6M 0s
[147.844s]  14600K .......... .......... .......... .......... .......... 93% 11.9M 0s
[147.850s]  14650K .......... .......... .......... .......... .......... 94% 7.81M 0s
[147.854s]  14700K .......... .......... .......... .......... .......... 94% 12.3M 0s
[147.858s]  14750K .......... .......... .......... .......... .......... 94% 13.5M 0s
[147.862s]  14800K .......... .......... .......... .......... .......... 95% 12.1M 0s
[147.867s]  14850K .......... .......... .......... .......... .......... 95% 10.4M 0s
[147.871s]  14900K .......... .......... .......... .......... .......... 95% 11.2M 0s
[147.875s]  14950K .......... .......... .......... .......... .......... 95% 12.8M 0s
[147.878s]  15000K .......... .......... .......... .......... .......... 96% 12.9M 0s
[147.885s]  15050K .......... .......... .......... .......... .......... 96% 7.75M 0s
[147.889s]  15100K .......... .......... .......... .......... .......... 96% 10.5M 0s
[147.893s]  15150K .......... .......... .......... .......... .......... 97% 13.8M 0s
[147.897s]  15200K .......... .......... .......... .......... .......... 97% 12.2M 0s
[147.902s]  15250K .......... .......... .......... .......... .......... 97% 10.2M 0s
[147.906s]  15300K .......... .......... .......... .......... .......... 98% 11.3M 0s
[147.909s]  15350K .......... .......... .......... .......... .......... 98% 14.8M 0s
[147.914s]  15400K .......... .......... .......... .......... .......... 98% 11.4M 0s
[147.920s]  15450K .......... .......... .......... .......... .......... 99% 8.50M 0s
[147.928s]  15500K .......... .......... .......... .......... .......... 99% 6.00M 0s
[147.931s]  15550K .......... .......... .......... .......... .......... 99% 15.3M 0s
[147.931s]  15600K .......... .......... .....                           100%  538M=1.6s
[147.931s] 
[147.931s] 2026-09-10 20:00:24 (9.29 MB/s) - ‘/home/deepak/PX4-Autopilot/ros2_ws/build/multirobot_map_merge/2012-01-28-11-12-01.pgm’ saved [16000058/16000058]
[147.931s] 
[147.932s] Checking MD5 sum of /home/deepak/PX4-Autopilot/ros2_ws/build/multirobot_map_merge/2012-01-28-11-12-01.pgm
[147.954s] /home/deepak/PX4-Autopilot/ros2_ws/build/multirobot_map_merge/2012-01-28-11-12-01.pgm: OK
[147.960s] -- Found gtest sources under '/opt/ros/humble/src/gtest_vendor': C++ tests using 'Google Test' will be built
[147.991s] -- Added test 'cppcheck' to perform static code analysis on C / C++ code
[147.991s] -- Configured cppcheck include dirs: /home/deepak/PX4-Autopilot/ros2_ws/src/m-explore-ros2/map_merge/include;$<BUILD_INTERFACE:/home/deepak/PX4-Autopilot/ros2_ws/src/m-explore-ros2/map_merge/include>
[147.991s] -- Configured cppcheck exclude dirs and/or files: 
[147.992s] -- Added test 'flake8' to check Python code syntax and style conventions
[147.993s] -- Added test 'lint_cmake' to check CMake code style
[147.994s] -- Added test 'pep257' to check Python code against some of the docstring style conventions in PEP 257
[147.995s] -- Added test 'uncrustify' to check C / C++ code style
[147.995s] -- Configured uncrustify additional arguments: 
[147.996s] -- Added test 'xmllint' to check XML markup files
[148.000s] -- Configuring done
[148.038s] -- Generating done
[148.044s] -- Build files have been written to: /home/deepak/PX4-Autopilot/ros2_ws/build/multirobot_map_merge
[148.050s] Invoked command in '/home/deepak/PX4-Autopilot/ros2_ws/build/multirobot_map_merge' returned '0': CMAKE_PREFIX_PATH=${CMAKE_PREFIX_PATH}:/home/deepak/InterIIT_practice/task_2/turtlebot3_ws/install/turtlebot3_teleop:/home/deepak/InterIIT_practice/task_2/turtlebot3_ws/install/turtlebot3_example:/home/deepak/moveit_ws/install/moveit_configs_utils:/opt/ros/humble /usr/bin/cmake /home/deepak/PX4-Autopilot/ros2_ws/src/m-explore-ros2/map_merge -DCMAKE_INSTALL_PREFIX=/home/deepak/PX4-Autopilot/ros2_ws/install/multirobot_map_merge
[148.051s] Invoking command in '/home/deepak/PX4-Autopilot/ros2_ws/build/multirobot_map_merge': CMAKE_PREFIX_PATH=${CMAKE_PREFIX_PATH}:/home/deepak/InterIIT_practice/task_2/turtlebot3_ws/install/turtlebot3_teleop:/home/deepak/InterIIT_practice/task_2/turtlebot3_ws/install/turtlebot3_example:/home/deepak/moveit_ws/install/moveit_configs_utils:/opt/ros/humble /usr/bin/cmake --build /home/deepak/PX4-Autopilot/ros2_ws/build/multirobot_map_merge -- -j20 -l20
[148.103s] [ 16%] [32mBuilding CXX object CMakeFiles/combine_grids.dir/src/combine_grids/grid_warper.cpp.o[0m
[148.103s] [ 16%] [32mBuilding CXX object CMakeFiles/combine_grids.dir/src/combine_grids/grid_compositor.cpp.o[0m
[148.105s] [ 33%] [32mBuilding CXX object gtest/CMakeFiles/gtest_main.dir/src/gtest_main.cc.o[0m
[148.105s] [ 33%] [32mBuilding CXX object gtest/CMakeFiles/gtest.dir/src/gtest-all.cc.o[0m
[148.106s] [ 41%] [32mBuilding CXX object CMakeFiles/combine_grids.dir/src/combine_grids/merging_pipeline.cpp.o[0m
[148.577s] [ 50%] [32m[1mLinking CXX static library libgtest_main.a[0m
[148.640s] [ 50%] Built target gtest_main
[149.760s] [ 58%] [32m[1mLinking CXX static library libgtest.a[0m
[149.831s] [ 58%] Built target gtest
[150.065s] [ 66%] [32m[1mLinking CXX static library libcombine_grids.a[0m
[150.118s] [ 66%] Built target combine_grids
[150.137s] [ 75%] [32mBuilding CXX object CMakeFiles/map_merge.dir/src/map_merge.cpp.o[0m
[150.141s] [ 83%] [32mBuilding CXX object CMakeFiles/test_merging_pipeline.dir/test/test_merging_pipeline.cpp.o[0m
[152.566s] [ 91%] [32m[1mLinking CXX executable test_merging_pipeline[0m
[153.026s] [ 91%] Built target test_merging_pipeline
[157.076s] [100%] [32m[1mLinking CXX executable map_merge[0m
[157.672s] [100%] Built target map_merge
[157.684s] Invoked command in '/home/deepak/PX4-Autopilot/ros2_ws/build/multirobot_map_merge' returned '0': CMAKE_PREFIX_PATH=${CMAKE_PREFIX_PATH}:/home/deepak/InterIIT_practice/task_2/turtlebot3_ws/install/turtlebot3_teleop:/home/deepak/InterIIT_practice/task_2/turtlebot3_ws/install/turtlebot3_example:/home/deepak/moveit_ws/install/moveit_configs_utils:/opt/ros/humble /usr/bin/cmake --build /home/deepak/PX4-Autopilot/ros2_ws/build/multirobot_map_merge -- -j20 -l20
[157.685s] Invoking command in '/home/deepak/PX4-Autopilot/ros2_ws/build/multirobot_map_merge': CMAKE_PREFIX_PATH=${CMAKE_PREFIX_PATH}:/home/deepak/InterIIT_practice/task_2/turtlebot3_ws/install/turtlebot3_teleop:/home/deepak/InterIIT_practice/task_2/turtlebot3_ws/install/turtlebot3_example:/home/deepak/moveit_ws/install/moveit_configs_utils:/opt/ros/humble /usr/bin/cmake --install /home/deepak/PX4-Autopilot/ros2_ws/build/multirobot_map_merge
[157.691s] -- Install configuration: ""
[157.691s] -- Installing: /home/deepak/PX4-Autopilot/ros2_ws/install/multirobot_map_merge/include/map_merge/
[157.691s] -- Installing: /home/deepak/PX4-Autopilot/ros2_ws/install/multirobot_map_merge/include/map_merge//ros1_names.hpp
[157.691s] -- Installing: /home/deepak/PX4-Autopilot/ros2_ws/install/multirobot_map_merge/include/map_merge//map_merge.h
[157.691s] -- Installing: /home/deepak/PX4-Autopilot/ros2_ws/install/multirobot_map_merge/share/multirobot_map_merge/launch
[157.691s] -- Installing: /home/deepak/PX4-Autopilot/ros2_ws/install/multirobot_map_merge/share/multirobot_map_merge/launch/map_merge.rviz
[157.691s] -- Installing: /home/deepak/PX4-Autopilot/ros2_ws/install/multirobot_map_merge/share/multirobot_map_merge/launch/map_merge.launch.py
[157.691s] -- Installing: /home/deepak/PX4-Autopilot/ros2_ws/install/multirobot_map_merge/share/multirobot_map_merge/launch/from_map_server.launch.py
[157.691s] -- Installing: /home/deepak/PX4-Autopilot/ros2_ws/install/multirobot_map_merge/share/multirobot_map_merge/launch/tb3_simulation
[157.691s] -- Installing: /home/deepak/PX4-Autopilot/ros2_ws/install/multirobot_map_merge/share/multirobot_map_merge/launch/tb3_simulation/tb3_simulation_launch.py
[157.691s] -- Installing: /home/deepak/PX4-Autopilot/ros2_ws/install/multirobot_map_merge/share/multirobot_map_merge/launch/tb3_simulation/slam_toolbox.py
[157.691s] -- Installing: /home/deepak/PX4-Autopilot/ros2_ws/install/multirobot_map_merge/share/multirobot_map_merge/launch/tb3_simulation/config
[157.691s] -- Installing: /home/deepak/PX4-Autopilot/ros2_ws/install/multirobot_map_merge/share/multirobot_map_merge/launch/tb3_simulation/config/nav2_multirobot_params_2.yaml
[157.691s] -- Installing: /home/deepak/PX4-Autopilot/ros2_ws/install/multirobot_map_merge/share/multirobot_map_merge/launch/tb3_simulation/config/nav2_multirobot_params_1.yaml
[157.691s] -- Installing: /home/deepak/PX4-Autopilot/ros2_ws/install/multirobot_map_merge/share/multirobot_map_merge/launch/tb3_simulation/bringup_launch.py
[157.691s] -- Installing: /home/deepak/PX4-Autopilot/ros2_ws/install/multirobot_map_merge/share/multirobot_map_merge/launch/tb3_simulation/multi_tb3_simulation_launch.py
[157.692s] -- Installing: /home/deepak/PX4-Autopilot/ros2_ws/install/multirobot_map_merge/share/multirobot_map_merge/launch/tb3_simulation/worlds
[157.692s] -- Installing: /home/deepak/PX4-Autopilot/ros2_ws/install/multirobot_map_merge/share/multirobot_map_merge/launch/tb3_simulation/worlds/world_only.model
[157.692s] -- Installing: /home/deepak/PX4-Autopilot/ros2_ws/install/multirobot_map_merge/share/multirobot_map_merge/config
[157.692s] -- Installing: /home/deepak/PX4-Autopilot/ros2_ws/install/multirobot_map_merge/share/multirobot_map_merge/config/params.yaml
[157.692s] -- Installing: /home/deepak/PX4-Autopilot/ros2_ws/install/multirobot_map_merge/lib/libcombine_grids.a
[157.692s] -- Installing: /home/deepak/PX4-Autopilot/ros2_ws/install/multirobot_map_merge/lib/multirobot_map_merge/map_merge
[157.694s] -- Set runtime path of "/home/deepak/PX4-Autopilot/ros2_ws/install/multirobot_map_merge/lib/multirobot_map_merge/map_merge" to ""
[157.694s] -- Installing: /home/deepak/PX4-Autopilot/ros2_ws/install/multirobot_map_merge/share/multirobot_map_merge/environment/library_path.sh
[157.694s] -- Installing: /home/deepak/PX4-Autopilot/ros2_ws/install/multirobot_map_merge/share/multirobot_map_merge/environment/library_path.dsv
[157.694s] -- Installing: /home/deepak/PX4-Autopilot/ros2_ws/install/multirobot_map_merge/share/ament_index/resource_index/package_run_dependencies/multirobot_map_merge
[157.694s] -- Installing: /home/deepak/PX4-Autopilot/ros2_ws/install/multirobot_map_merge/share/ament_index/resource_index/parent_prefix_path/multirobot_map_merge
[157.694s] -- Installing: /home/deepak/PX4-Autopilot/ros2_ws/install/multirobot_map_merge/share/multirobot_map_merge/environment/ament_prefix_path.sh
[157.695s] -- Installing: /home/deepak/PX4-Autopilot/ros2_ws/install/multirobot_map_merge/share/multirobot_map_merge/environment/ament_prefix_path.dsv
[157.695s] -- Installing: /home/deepak/PX4-Autopilot/ros2_ws/install/multirobot_map_merge/share/multirobot_map_merge/environment/path.sh
[157.695s] -- Installing: /home/deepak/PX4-Autopilot/ros2_ws/install/multirobot_map_merge/share/multirobot_map_merge/environment/path.dsv
[157.695s] -- Installing: /home/deepak/PX4-Autopilot/ros2_ws/install/multirobot_map_merge/share/multirobot_map_merge/local_setup.bash
[157.695s] -- Installing: /home/deepak/PX4-Autopilot/ros2_ws/install/multirobot_map_merge/share/multirobot_map_merge/local_setup.sh
[157.695s] -- Installing: /home/deepak/PX4-Autopilot/ros2_ws/install/multirobot_map_merge/share/multirobot_map_merge/local_setup.zsh
[157.695s] -- Installing: /home/deepak/PX4-Autopilot/ros2_ws/install/multirobot_map_merge/share/multirobot_map_merge/local_setup.dsv
[157.695s] -- Installing: /home/deepak/PX4-Autopilot/ros2_ws/install/multirobot_map_merge/share/multirobot_map_merge/package.dsv
[157.695s] -- Installing: /home/deepak/PX4-Autopilot/ros2_ws/install/multirobot_map_merge/share/ament_index/resource_index/packages/multirobot_map_merge
[157.695s] -- Installing: /home/deepak/PX4-Autopilot/ros2_ws/install/multirobot_map_merge/share/multirobot_map_merge/cmake/ament_cmake_export_include_directories-extras.cmake
[157.695s] -- Installing: /home/deepak/PX4-Autopilot/ros2_ws/install/multirobot_map_merge/share/multirobot_map_merge/cmake/ament_cmake_export_libraries-extras.cmake
[157.695s] -- Installing: /home/deepak/PX4-Autopilot/ros2_ws/install/multirobot_map_merge/share/multirobot_map_merge/cmake/multirobot_map_mergeConfig.cmake
[157.695s] -- Installing: /home/deepak/PX4-Autopilot/ros2_ws/install/multirobot_map_merge/share/multirobot_map_merge/cmake/multirobot_map_mergeConfig-version.cmake
[157.695s] -- Installing: /home/deepak/PX4-Autopilot/ros2_ws/install/multirobot_map_merge/share/multirobot_map_merge/package.xml
[157.696s] Invoked command in '/home/deepak/PX4-Autopilot/ros2_ws/build/multirobot_map_merge' returned '0': CMAKE_PREFIX_PATH=${CMAKE_PREFIX_PATH}:/home/deepak/InterIIT_practice/task_2/turtlebot3_ws/install/turtlebot3_teleop:/home/deepak/InterIIT_practice/task_2/turtlebot3_ws/install/turtlebot3_example:/home/deepak/moveit_ws/install/moveit_configs_utils:/opt/ros/humble /usr/bin/cmake --install /home/deepak/PX4-Autopilot/ros2_ws/build/multirobot_map_merge
